Component: ARM Compiler 5.06 update 7 (build 960) Tool: armlink [4d3601]

==============================================================================

Section Cross References

    startup_stm32f10x_md.o(RESET) refers to startup_stm32f10x_md.o(STACK) for __initial_sp
    startup_stm32f10x_md.o(RESET) refers to startup_stm32f10x_md.o(.text) for Reset_Handler
    startup_stm32f10x_md.o(RESET) refers to stm32f10x_it.o(.text) for NMI_Handler
    startup_stm32f10x_md.o(RESET) refers to tim4_tick_driver.o(.text) for TIM4_IRQHandler
    startup_stm32f10x_md.o(RESET) refers to usart2_rs485_driver.o(.text) for USART3_IRQHandler
    startup_stm32f10x_md.o(.text) refers to system_stm32f10x.o(.text) for SystemInit
    startup_stm32f10x_md.o(.text) refers to entry.o(.ARM.Collect$$$$00000000) for __main
    system_stm32f10x.o(.text) refers to system_stm32f10x.o(.data) for SystemCoreClock
    stm32f10x_adc.o(.text) refers to stm32f10x_rcc.o(.text) for RCC_APB2PeriphResetCmd
    stm32f10x_bkp.o(.text) refers to stm32f10x_rcc.o(.text) for RCC_BackupResetCmd
    stm32f10x_can.o(.text) refers to stm32f10x_rcc.o(.text) for RCC_APB1PeriphResetCmd
    stm32f10x_cec.o(.text) refers to stm32f10x_rcc.o(.text) for RCC_APB1PeriphResetCmd
    stm32f10x_dac.o(.text) refers to stm32f10x_rcc.o(.text) for RCC_APB1PeriphResetCmd
    stm32f10x_gpio.o(.text) refers to stm32f10x_rcc.o(.text) for RCC_APB2PeriphResetCmd
    stm32f10x_i2c.o(.text) refers to stm32f10x_rcc.o(.text) for RCC_APB1PeriphResetCmd
    stm32f10x_pwr.o(.text) refers to stm32f10x_rcc.o(.text) for RCC_APB1PeriphResetCmd
    stm32f10x_rcc.o(.text) refers to stm32f10x_rcc.o(.data) for APBAHBPrescTable
    stm32f10x_spi.o(.text) refers to stm32f10x_rcc.o(.text) for RCC_APB2PeriphResetCmd
    stm32f10x_tim.o(.text) refers to stm32f10x_rcc.o(.text) for RCC_APB2PeriphResetCmd
    stm32f10x_usart.o(.text) refers to stm32f10x_rcc.o(.text) for RCC_APB2PeriphResetCmd
    stm32f10x_wwdg.o(.text) refers to stm32f10x_rcc.o(.text) for RCC_APB1PeriphResetCmd
    main.o(.text) refers to misc.o(.text) for NVIC_PriorityGroupConfig
    main.o(.text) refers to bsp_usart.o(.text) for USART_Config
    main.o(.text) refers to printf8.o(i.__0printf$8) for __2printf
    main.o(.text) refers to tim4_tick_driver.o(.text) for TIM4_TickInit
    main.o(.text) refers to usart2_rs485_driver.o(.text) for RS485_Init
    main.o(.text) refers to modbus_rtu_link.o(.text) for MB_RTU_Init
    main.o(.text) refers to application_data_manager.o(.text) for AppData_Init
    stm32f10x_it.o(.text) refers to stm32f10x_adc.o(.text) for ADC_GetITStatus
    stm32f10x_it.o(.text) refers to bsp_photoresistor.o(.data) for ADC_ConvertedValue
    bsp_usart.o(.text) refers to misc.o(.text) for NVIC_PriorityGroupConfig
    bsp_usart.o(.text) refers to stm32f10x_rcc.o(.text) for RCC_APB2PeriphClockCmd
    bsp_usart.o(.text) refers to stm32f10x_gpio.o(.text) for GPIO_Init
    bsp_usart.o(.text) refers to stm32f10x_usart.o(.text) for USART_Init
    bsp_photoresistor.o(.text) refers to stm32f10x_rcc.o(.text) for RCC_APB2PeriphClockCmd
    bsp_photoresistor.o(.text) refers to stm32f10x_gpio.o(.text) for GPIO_Init
    bsp_photoresistor.o(.text) refers to stm32f10x_adc.o(.text) for ADC_Init
    bsp_photoresistor.o(.text) refers to misc.o(.text) for NVIC_Init
    application_data_manager.o(.text) refers to bsp_photoresistor.o(.text) for PhotoResistor_Init
    application_data_manager.o(.text) refers to application_data_manager.o(.data) for s_holding_regs
    application_data_manager.o(.text) refers to bsp_photoresistor.o(.data) for ADC_ConvertedValue
    modbus_slave_protocol.o(.text) refers to modbus_crc.o(.text) for Modbus_CRC16
    modbus_slave_protocol.o(.text) refers to stm32f10x_usart.o(.text) for USART_ITConfig
    modbus_slave_protocol.o(.text) refers to usart2_rs485_driver.o(.text) for RS485_SendBytes
    modbus_slave_protocol.o(.text) refers to application_data_manager.o(.text) for app_read_holding
    modbus_slave_protocol.o(.text) refers to printf8.o(i.__0printf$8) for __2printf
    modbus_slave_protocol.o(.text) refers to modbus_slave_protocol.o(.bss) for s_tx_buffer
    modbus_rtu_link.o(.text) refers to tim4_tick_driver.o(.text) for TIM4_GetTick
    modbus_rtu_link.o(.text) refers to modbus_crc.o(.text) for Modbus_CRC16
    modbus_rtu_link.o(.text) refers to modbus_slave_protocol.o(.text) for ModbusSlave_ProcessFrame
    modbus_rtu_link.o(.text) refers to modbus_rtu_link.o(.data) for s_frame_cb
    modbus_rtu_link.o(.text) refers to modbus_rtu_link.o(.bss) for s_rx_buf
    modbus_crc.o(.text) refers to modbus_crc.o(.constdata) for s_crc_hi_tbl
    usart2_rs485_driver.o(.text) refers to stm32f10x_rcc.o(.text) for RCC_APB2PeriphClockCmd
    usart2_rs485_driver.o(.text) refers to stm32f10x_gpio.o(.text) for GPIO_Init
    usart2_rs485_driver.o(.text) refers to stm32f10x_usart.o(.text) for USART_StructInit
    usart2_rs485_driver.o(.text) refers to misc.o(.text) for NVIC_Init
    usart2_rs485_driver.o(.text) refers to modbus_rtu_link.o(.text) for modbus_rtu_on_rx_byte
    usart2_rs485_driver.o(.text) refers to system_stm32f10x.o(.data) for SystemCoreClock
    usart2_rs485_driver.o(.text) refers to usart2_rs485_driver.o(.data) for s_tx_busy
    usart2_rs485_driver.o(.text) refers to usart2_rs485_driver.o(.bss) for s_rx_ring
    tim4_tick_driver.o(.text) refers to stm32f10x_rcc.o(.text) for RCC_APB1PeriphClockCmd
    tim4_tick_driver.o(.text) refers to stm32f10x_tim.o(.text) for TIM_TimeBaseStructInit
    tim4_tick_driver.o(.text) refers to misc.o(.text) for NVIC_Init
    tim4_tick_driver.o(.text) refers to tim4_tick_driver.o(.data) for s_ms_tick
    entry.o(.ARM.Collect$$$$00000000) refers (Special) to entry10a.o(.ARM.Collect$$$$0000000F) for __rt_final_cpp
    entry.o(.ARM.Collect$$$$00000000) refers (Special) to entry11a.o(.ARM.Collect$$$$00000011) for __rt_final_exit
    entry.o(.ARM.Collect$$$$00000000) refers (Special) to entry12b.o(.ARM.Collect$$$$0000000E) for __rt_lib_shutdown_fini
    entry.o(.ARM.Collect$$$$00000000) refers (Special) to entry7b.o(.ARM.Collect$$$$00000008) for _main_clock
    entry.o(.ARM.Collect$$$$00000000) refers (Special) to entry8b.o(.ARM.Collect$$$$0000000A) for _main_cpp_init
    entry.o(.ARM.Collect$$$$00000000) refers (Special) to entry9a.o(.ARM.Collect$$$$0000000B) for _main_init
    entry.o(.ARM.Collect$$$$00000000) refers (Special) to entry5.o(.ARM.Collect$$$$00000004) for _main_scatterload
    entry.o(.ARM.Collect$$$$00000000) refers (Special) to entry2.o(.ARM.Collect$$$$00000001) for _main_stk
    printfb.o(i.__0fprintf$bare) refers to printfb.o(i._printf_core) for _printf_core
    printfb.o(i.__0fprintf$bare) refers to bsp_usart.o(.text) for fputc
    printfb.o(i.__0printf$bare) refers to printfb.o(i._printf_core) for _printf_core
    printfb.o(i.__0printf$bare) refers to bsp_usart.o(.text) for fputc
    printfb.o(i.__0printf$bare) refers to stdout.o(.data) for __stdout
    printfb.o(i.__0snprintf$bare) refers to printfb.o(i._printf_core) for _printf_core
    printfb.o(i.__0snprintf$bare) refers to printfb.o(i._snputc) for _snputc
    printfb.o(i.__0sprintf$bare) refers to printfb.o(i._printf_core) for _printf_core
    printfb.o(i.__0sprintf$bare) refers to printfb.o(i._sputc) for _sputc
    printfb.o(i.__0vfprintf$bare) refers to printfb.o(i._printf_core) for _printf_core
    printfb.o(i.__0vfprintf$bare) refers to bsp_usart.o(.text) for fputc
    printfb.o(i.__0vprintf$bare) refers to printfb.o(i._printf_core) for _printf_core
    printfb.o(i.__0vprintf$bare) refers to bsp_usart.o(.text) for fputc
    printfb.o(i.__0vprintf$bare) refers to stdout.o(.data) for __stdout
    printfb.o(i.__0vsnprintf$bare) refers to printfb.o(i._printf_core) for _printf_core
    printfb.o(i.__0vsnprintf$bare) refers to printfb.o(i._snputc) for _snputc
    printfb.o(i.__0vsprintf$bare) refers to printfb.o(i._printf_core) for _printf_core
    printfb.o(i.__0vsprintf$bare) refers to printfb.o(i._sputc) for _sputc
    printf0.o(i.__0fprintf$0) refers to printf0.o(i._printf_core) for _printf_core
    printf0.o(i.__0fprintf$0) refers to bsp_usart.o(.text) for fputc
    printf0.o(i.__0printf$0) refers to printf0.o(i._printf_core) for _printf_core
    printf0.o(i.__0printf$0) refers to bsp_usart.o(.text) for fputc
    printf0.o(i.__0printf$0) refers to stdout.o(.data) for __stdout
    printf0.o(i.__0snprintf$0) refers to printf0.o(i._printf_core) for _printf_core
    printf0.o(i.__0snprintf$0) refers to printf0.o(i._snputc) for _snputc
    printf0.o(i.__0sprintf$0) refers to printf0.o(i._printf_core) for _printf_core
    printf0.o(i.__0sprintf$0) refers to printf0.o(i._sputc) for _sputc
    printf0.o(i.__0vfprintf$0) refers to printf0.o(i._printf_core) for _printf_core
    printf0.o(i.__0vfprintf$0) refers to bsp_usart.o(.text) for fputc
    printf0.o(i.__0vprintf$0) refers to printf0.o(i._printf_core) for _printf_core
    printf0.o(i.__0vprintf$0) refers to bsp_usart.o(.text) for fputc
    printf0.o(i.__0vprintf$0) refers to stdout.o(.data) for __stdout
    printf0.o(i.__0vsnprintf$0) refers to printf0.o(i._printf_core) for _printf_core
    printf0.o(i.__0vsnprintf$0) refers to printf0.o(i._snputc) for _snputc
    printf0.o(i.__0vsprintf$0) refers to printf0.o(i._printf_core) for _printf_core
    printf0.o(i.__0vsprintf$0) refers to printf0.o(i._sputc) for _sputc
    printf1.o(i.__0fprintf$1) refers to printf1.o(i._printf_core) for _printf_core
    printf1.o(i.__0fprintf$1) refers to bsp_usart.o(.text) for fputc
    printf1.o(i.__0printf$1) refers to printf1.o(i._printf_core) for _printf_core
    printf1.o(i.__0printf$1) refers to bsp_usart.o(.text) for fputc
    printf1.o(i.__0printf$1) refers to stdout.o(.data) for __stdout
    printf1.o(i.__0snprintf$1) refers to printf1.o(i._printf_core) for _printf_core
    printf1.o(i.__0snprintf$1) refers to printf1.o(i._snputc) for _snputc
    printf1.o(i.__0sprintf$1) refers to printf1.o(i._printf_core) for _printf_core
    printf1.o(i.__0sprintf$1) refers to printf1.o(i._sputc) for _sputc
    printf1.o(i.__0vfprintf$1) refers to printf1.o(i._printf_core) for _printf_core
    printf1.o(i.__0vfprintf$1) refers to bsp_usart.o(.text) for fputc
    printf1.o(i.__0vprintf$1) refers to printf1.o(i._printf_core) for _printf_core
    printf1.o(i.__0vprintf$1) refers to bsp_usart.o(.text) for fputc
    printf1.o(i.__0vprintf$1) refers to stdout.o(.data) for __stdout
    printf1.o(i.__0vsnprintf$1) refers to printf1.o(i._printf_core) for _printf_core
    printf1.o(i.__0vsnprintf$1) refers to printf1.o(i._snputc) for _snputc
    printf1.o(i.__0vsprintf$1) refers to printf1.o(i._printf_core) for _printf_core
    printf1.o(i.__0vsprintf$1) refers to printf1.o(i._sputc) for _sputc
    printf1.o(i._printf_core) refers to uidiv.o(.text) for __aeabi_uidivmod
    printf2.o(i.__0fprintf$2) refers to printf2.o(i._printf_core) for _printf_core
    printf2.o(i.__0fprintf$2) refers to bsp_usart.o(.text) for fputc
    printf2.o(i.__0printf$2) refers to printf2.o(i._printf_core) for _printf_core
    printf2.o(i.__0printf$2) refers to bsp_usart.o(.text) for fputc
    printf2.o(i.__0printf$2) refers to stdout.o(.data) for __stdout
    printf2.o(i.__0snprintf$2) refers to printf2.o(i._printf_core) for _printf_core
    printf2.o(i.__0snprintf$2) refers to printf2.o(i._snputc) for _snputc
    printf2.o(i.__0sprintf$2) refers to printf2.o(i._printf_core) for _printf_core
    printf2.o(i.__0sprintf$2) refers to printf2.o(i._sputc) for _sputc
    printf2.o(i.__0vfprintf$2) refers to printf2.o(i._printf_core) for _printf_core
    printf2.o(i.__0vfprintf$2) refers to bsp_usart.o(.text) for fputc
    printf2.o(i.__0vprintf$2) refers to printf2.o(i._printf_core) for _printf_core
    printf2.o(i.__0vprintf$2) refers to bsp_usart.o(.text) for fputc
    printf2.o(i.__0vprintf$2) refers to stdout.o(.data) for __stdout
    printf2.o(i.__0vsnprintf$2) refers to printf2.o(i._printf_core) for _printf_core
    printf2.o(i.__0vsnprintf$2) refers to printf2.o(i._snputc) for _snputc
    printf2.o(i.__0vsprintf$2) refers to printf2.o(i._printf_core) for _printf_core
    printf2.o(i.__0vsprintf$2) refers to printf2.o(i._sputc) for _sputc
    printf3.o(i.__0fprintf$3) refers to printf3.o(i._printf_core) for _printf_core
    printf3.o(i.__0fprintf$3) refers to bsp_usart.o(.text) for fputc
    printf3.o(i.__0printf$3) refers to printf3.o(i._printf_core) for _printf_core
    printf3.o(i.__0printf$3) refers to bsp_usart.o(.text) for fputc
    printf3.o(i.__0printf$3) refers to stdout.o(.data) for __stdout
    printf3.o(i.__0snprintf$3) refers to printf3.o(i._printf_core) for _printf_core
    printf3.o(i.__0snprintf$3) refers to printf3.o(i._snputc) for _snputc
    printf3.o(i.__0sprintf$3) refers to printf3.o(i._printf_core) for _printf_core
    printf3.o(i.__0sprintf$3) refers to printf3.o(i._sputc) for _sputc
    printf3.o(i.__0vfprintf$3) refers to printf3.o(i._printf_core) for _printf_core
    printf3.o(i.__0vfprintf$3) refers to bsp_usart.o(.text) for fputc
    printf3.o(i.__0vprintf$3) refers to printf3.o(i._printf_core) for _printf_core
    printf3.o(i.__0vprintf$3) refers to bsp_usart.o(.text) for fputc
    printf3.o(i.__0vprintf$3) refers to stdout.o(.data) for __stdout
    printf3.o(i.__0vsnprintf$3) refers to printf3.o(i._printf_core) for _printf_core
    printf3.o(i.__0vsnprintf$3) refers to printf3.o(i._snputc) for _snputc
    printf3.o(i.__0vsprintf$3) refers to printf3.o(i._printf_core) for _printf_core
    printf3.o(i.__0vsprintf$3) refers to printf3.o(i._sputc) for _sputc
    printf3.o(i._printf_core) refers to uidiv.o(.text) for __aeabi_uidivmod
    printf4.o(i.__0fprintf$4) refers to printf4.o(i._printf_core) for _printf_core
    printf4.o(i.__0fprintf$4) refers to bsp_usart.o(.text) for fputc
    printf4.o(i.__0printf$4) refers to printf4.o(i._printf_core) for _printf_core
    printf4.o(i.__0printf$4) refers to bsp_usart.o(.text) for fputc
    printf4.o(i.__0printf$4) refers to stdout.o(.data) for __stdout
    printf4.o(i.__0snprintf$4) refers to printf4.o(i._printf_core) for _printf_core
    printf4.o(i.__0snprintf$4) refers to printf4.o(i._snputc) for _snputc
    printf4.o(i.__0sprintf$4) refers to printf4.o(i._printf_core) for _printf_core
    printf4.o(i.__0sprintf$4) refers to printf4.o(i._sputc) for _sputc
    printf4.o(i.__0vfprintf$4) refers to printf4.o(i._printf_core) for _printf_core
    printf4.o(i.__0vfprintf$4) refers to bsp_usart.o(.text) for fputc
    printf4.o(i.__0vprintf$4) refers to printf4.o(i._printf_core) for _printf_core
    printf4.o(i.__0vprintf$4) refers to bsp_usart.o(.text) for fputc
    printf4.o(i.__0vprintf$4) refers to stdout.o(.data) for __stdout
    printf4.o(i.__0vsnprintf$4) refers to printf4.o(i._printf_core) for _printf_core
    printf4.o(i.__0vsnprintf$4) refers to printf4.o(i._snputc) for _snputc
    printf4.o(i.__0vsprintf$4) refers to printf4.o(i._printf_core) for _printf_core
    printf4.o(i.__0vsprintf$4) refers to printf4.o(i._sputc) for _sputc
    printf4.o(i._printf_core) refers to uldiv.o(.text) for __aeabi_uldivmod
    printf5.o(i.__0fprintf$5) refers to printf5.o(i._printf_core) for _printf_core
    printf5.o(i.__0fprintf$5) refers to bsp_usart.o(.text) for fputc
    printf5.o(i.__0printf$5) refers to printf5.o(i._printf_core) for _printf_core
    printf5.o(i.__0printf$5) refers to bsp_usart.o(.text) for fputc
    printf5.o(i.__0printf$5) refers to stdout.o(.data) for __stdout
    printf5.o(i.__0snprintf$5) refers to printf5.o(i._printf_core) for _printf_core
    printf5.o(i.__0snprintf$5) refers to printf5.o(i._snputc) for _snputc
    printf5.o(i.__0sprintf$5) refers to printf5.o(i._printf_core) for _printf_core
    printf5.o(i.__0sprintf$5) refers to printf5.o(i._sputc) for _sputc
    printf5.o(i.__0vfprintf$5) refers to printf5.o(i._printf_core) for _printf_core
    printf5.o(i.__0vfprintf$5) refers to bsp_usart.o(.text) for fputc
    printf5.o(i.__0vprintf$5) refers to printf5.o(i._printf_core) for _printf_core
    printf5.o(i.__0vprintf$5) refers to bsp_usart.o(.text) for fputc
    printf5.o(i.__0vprintf$5) refers to stdout.o(.data) for __stdout
    printf5.o(i.__0vsnprintf$5) refers to printf5.o(i._printf_core) for _printf_core
    printf5.o(i.__0vsnprintf$5) refers to printf5.o(i._snputc) for _snputc
    printf5.o(i.__0vsprintf$5) refers to printf5.o(i._printf_core) for _printf_core
    printf5.o(i.__0vsprintf$5) refers to printf5.o(i._sputc) for _sputc
    printf5.o(i._printf_core) refers to uldiv.o(.text) for __aeabi_uldivmod
    printf6.o(i.__0fprintf$6) refers to printf6.o(i._printf_core) for _printf_core
    printf6.o(i.__0fprintf$6) refers to bsp_usart.o(.text) for fputc
    printf6.o(i.__0printf$6) refers to printf6.o(i._printf_core) for _printf_core
    printf6.o(i.__0printf$6) refers to bsp_usart.o(.text) for fputc
    printf6.o(i.__0printf$6) refers to stdout.o(.data) for __stdout
    printf6.o(i.__0snprintf$6) refers to printf6.o(i._printf_core) for _printf_core
    printf6.o(i.__0snprintf$6) refers to printf6.o(i._snputc) for _snputc
    printf6.o(i.__0sprintf$6) refers to printf6.o(i._printf_core) for _printf_core
    printf6.o(i.__0sprintf$6) refers to printf6.o(i._sputc) for _sputc
    printf6.o(i.__0vfprintf$6) refers to printf6.o(i._printf_core) for _printf_core
    printf6.o(i.__0vfprintf$6) refers to bsp_usart.o(.text) for fputc
    printf6.o(i.__0vprintf$6) refers to printf6.o(i._printf_core) for _printf_core
    printf6.o(i.__0vprintf$6) refers to bsp_usart.o(.text) for fputc
    printf6.o(i.__0vprintf$6) refers to stdout.o(.data) for __stdout
    printf6.o(i.__0vsnprintf$6) refers to printf6.o(i._printf_core) for _printf_core
    printf6.o(i.__0vsnprintf$6) refers to printf6.o(i._snputc) for _snputc
    printf6.o(i.__0vsprintf$6) refers to printf6.o(i._printf_core) for _printf_core
    printf6.o(i.__0vsprintf$6) refers to printf6.o(i._sputc) for _sputc
    printf6.o(i._printf_core) refers to printf6.o(i._printf_pre_padding) for _printf_pre_padding
    printf6.o(i._printf_core) refers to uidiv.o(.text) for __aeabi_uidivmod
    printf6.o(i._printf_core) refers to printf6.o(i._printf_post_padding) for _printf_post_padding
    printf7.o(i.__0fprintf$7) refers to printf7.o(i._printf_core) for _printf_core
    printf7.o(i.__0fprintf$7) refers to bsp_usart.o(.text) for fputc
    printf7.o(i.__0printf$7) refers to printf7.o(i._printf_core) for _printf_core
    printf7.o(i.__0printf$7) refers to bsp_usart.o(.text) for fputc
    printf7.o(i.__0printf$7) refers to stdout.o(.data) for __stdout
    printf7.o(i.__0snprintf$7) refers to printf7.o(i._printf_core) for _printf_core
    printf7.o(i.__0snprintf$7) refers to printf7.o(i._snputc) for _snputc
    printf7.o(i.__0sprintf$7) refers to printf7.o(i._printf_core) for _printf_core
    printf7.o(i.__0sprintf$7) refers to printf7.o(i._sputc) for _sputc
    printf7.o(i.__0vfprintf$7) refers to printf7.o(i._printf_core) for _printf_core
    printf7.o(i.__0vfprintf$7) refers to bsp_usart.o(.text) for fputc
    printf7.o(i.__0vprintf$7) refers to printf7.o(i._printf_core) for _printf_core
    printf7.o(i.__0vprintf$7) refers to bsp_usart.o(.text) for fputc
    printf7.o(i.__0vprintf$7) refers to stdout.o(.data) for __stdout
    printf7.o(i.__0vsnprintf$7) refers to printf7.o(i._printf_core) for _printf_core
    printf7.o(i.__0vsnprintf$7) refers to printf7.o(i._snputc) for _snputc
    printf7.o(i.__0vsprintf$7) refers to printf7.o(i._printf_core) for _printf_core
    printf7.o(i.__0vsprintf$7) refers to printf7.o(i._sputc) for _sputc
    printf7.o(i._printf_core) refers to printf7.o(i._printf_pre_padding) for _printf_pre_padding
    printf7.o(i._printf_core) refers to uldiv.o(.text) for __aeabi_uldivmod
    printf7.o(i._printf_core) refers to printf7.o(i._printf_post_padding) for _printf_post_padding
    printf8.o(i.__0fprintf$8) refers to printf8.o(i._printf_core) for _printf_core
    printf8.o(i.__0fprintf$8) refers to bsp_usart.o(.text) for fputc
    printf8.o(i.__0printf$8) refers to printf8.o(i._printf_core) for _printf_core
    printf8.o(i.__0printf$8) refers to bsp_usart.o(.text) for fputc
    printf8.o(i.__0printf$8) refers to stdout.o(.data) for __stdout
    printf8.o(i.__0snprintf$8) refers to printf8.o(i._printf_core) for _printf_core
    printf8.o(i.__0snprintf$8) refers to printf8.o(i._snputc) for _snputc
    printf8.o(i.__0sprintf$8) refers to printf8.o(i._printf_core) for _printf_core
    printf8.o(i.__0sprintf$8) refers to printf8.o(i._sputc) for _sputc
    printf8.o(i.__0vfprintf$8) refers to printf8.o(i._printf_core) for _printf_core
    printf8.o(i.__0vfprintf$8) refers to bsp_usart.o(.text) for fputc
    printf8.o(i.__0vprintf$8) refers to printf8.o(i._printf_core) for _printf_core
    printf8.o(i.__0vprintf$8) refers to bsp_usart.o(.text) for fputc
    printf8.o(i.__0vprintf$8) refers to stdout.o(.data) for __stdout
    printf8.o(i.__0vsnprintf$8) refers to printf8.o(i._printf_core) for _printf_core
    printf8.o(i.__0vsnprintf$8) refers to printf8.o(i._snputc) for _snputc
    printf8.o(i.__0vsprintf$8) refers to printf8.o(i._printf_core) for _printf_core
    printf8.o(i.__0vsprintf$8) refers to printf8.o(i._sputc) for _sputc
    printf8.o(i._printf_core) refers to printf8.o(i._printf_pre_padding) for _printf_pre_padding
    printf8.o(i._printf_core) refers to uldiv.o(.text) for __aeabi_uldivmod
    printf8.o(i._printf_core) refers to printf8.o(i._printf_post_padding) for _printf_post_padding
    printfa.o(i.__0fprintf) refers (Special) to iusefp.o(.text) for __I$use$fp
    printfa.o(i.__0fprintf) refers to printfa.o(i._printf_core) for _printf_core
    printfa.o(i.__0fprintf) refers to bsp_usart.o(.text) for fputc
    printfa.o(i.__0printf) refers (Special) to iusefp.o(.text) for __I$use$fp
    printfa.o(i.__0printf) refers to printfa.o(i._printf_core) for _printf_core
    printfa.o(i.__0printf) refers to bsp_usart.o(.text) for fputc
    printfa.o(i.__0printf) refers to stdout.o(.data) for __stdout
    printfa.o(i.__0snprintf) refers (Special) to iusefp.o(.text) for __I$use$fp
    printfa.o(i.__0snprintf) refers to printfa.o(i._printf_core) for _printf_core
    printfa.o(i.__0snprintf) refers to printfa.o(i._snputc) for _snputc
    printfa.o(i.__0sprintf) refers (Special) to iusefp.o(.text) for __I$use$fp
    printfa.o(i.__0sprintf) refers to printfa.o(i._printf_core) for _printf_core
    printfa.o(i.__0sprintf) refers to printfa.o(i._sputc) for _sputc
    printfa.o(i.__0vfprintf) refers (Special) to iusefp.o(.text) for __I$use$fp
    printfa.o(i.__0vfprintf) refers to printfa.o(i._printf_core) for _printf_core
    printfa.o(i.__0vfprintf) refers to bsp_usart.o(.text) for fputc
    printfa.o(i.__0vprintf) refers (Special) to iusefp.o(.text) for __I$use$fp
    printfa.o(i.__0vprintf) refers to printfa.o(i._printf_core) for _printf_core
    printfa.o(i.__0vprintf) refers to bsp_usart.o(.text) for fputc
    printfa.o(i.__0vprintf) refers to stdout.o(.data) for __stdout
    printfa.o(i.__0vsnprintf) refers (Special) to iusefp.o(.text) for __I$use$fp
    printfa.o(i.__0vsnprintf) refers to printfa.o(i._printf_core) for _printf_core
    printfa.o(i.__0vsnprintf) refers to printfa.o(i._snputc) for _snputc
    printfa.o(i.__0vsprintf) refers (Special) to iusefp.o(.text) for __I$use$fp
    printfa.o(i.__0vsprintf) refers to printfa.o(i._printf_core) for _printf_core
    printfa.o(i.__0vsprintf) refers to printfa.o(i._sputc) for _sputc
    printfa.o(i._fp_digits) refers (Special) to iusefp.o(.text) for __I$use$fp
    printfa.o(i._fp_digits) refers to dmul.o(.text) for __aeabi_dmul
    printfa.o(i._fp_digits) refers to ddiv.o(.text) for __aeabi_ddiv
    printfa.o(i._fp_digits) refers to cdrcmple.o(.text) for __aeabi_cdrcmple
    printfa.o(i._fp_digits) refers to dadd.o(.text) for __aeabi_dadd
    printfa.o(i._fp_digits) refers to dfixul.o(.text) for __aeabi_d2ulz
    printfa.o(i._fp_digits) refers to uldiv.o(.text) for __aeabi_uldivmod
    printfa.o(i._printf_core) refers (Special) to iusefp.o(.text) for __I$use$fp
    printfa.o(i._printf_core) refers to printfa.o(i._printf_pre_padding) for _printf_pre_padding
    printfa.o(i._printf_core) refers to uldiv.o(.text) for __aeabi_uldivmod
    printfa.o(i._printf_core) refers to printfa.o(i._printf_post_padding) for _printf_post_padding
    printfa.o(i._printf_core) refers to printfa.o(i._fp_digits) for _fp_digits
    printfa.o(i._printf_core) refers to uidiv.o(.text) for __aeabi_uidivmod
    printfa.o(i._printf_post_padding) refers (Special) to iusefp.o(.text) for __I$use$fp
    printfa.o(i._printf_pre_padding) refers (Special) to iusefp.o(.text) for __I$use$fp
    printfa.o(i._snputc) refers (Special) to iusefp.o(.text) for __I$use$fp
    printfa.o(i._sputc) refers (Special) to iusefp.o(.text) for __I$use$fp
    entry2.o(.ARM.Collect$$$$00000001) refers to entry2.o(.ARM.Collect$$$$00002712) for __lit__00000000
    entry2.o(.ARM.Collect$$$$00002712) refers to startup_stm32f10x_md.o(STACK) for __initial_sp
    entry2.o(__vectab_stack_and_reset_area) refers to startup_stm32f10x_md.o(STACK) for __initial_sp
    entry2.o(__vectab_stack_and_reset_area) refers to entry.o(.ARM.Collect$$$$00000000) for __main
    entry5.o(.ARM.Collect$$$$00000004) refers to init.o(.text) for __scatterload
    entry9a.o(.ARM.Collect$$$$0000000B) refers to main.o(.text) for main
    entry9b.o(.ARM.Collect$$$$0000000C) refers to main.o(.text) for main
    uldiv.o(.text) refers to llushr.o(.text) for __aeabi_llsr
    uldiv.o(.text) refers to llshl.o(.text) for __aeabi_llsl
    dadd.o(.text) refers to llshl.o(.text) for __aeabi_llsl
    dadd.o(.text) refers to llsshr.o(.text) for __aeabi_lasr
    dadd.o(.text) refers to depilogue.o(.text) for _double_epilogue
    dmul.o(.text) refers to depilogue.o(.text) for _double_epilogue
    ddiv.o(.text) refers to depilogue.o(.text) for _double_round
    dfixul.o(.text) refers to llushr.o(.text) for __aeabi_llsr
    dfixul.o(.text) refers to llshl.o(.text) for __aeabi_llsl
    init.o(.text) refers to entry5.o(.ARM.Collect$$$$00000004) for __main_after_scatterload
    depilogue.o(.text) refers to llshl.o(.text) for __aeabi_llsl
    depilogue.o(.text) refers to llushr.o(.text) for __aeabi_llsr


==============================================================================

Removing Unused input sections from the image.

    Removing startup_stm32f10x_md.o(HEAP), (512 bytes).
    Removing core_cm3.o(.emb_text), (32 bytes).
    Removing stm32f10x_bkp.o(.text), (196 bytes).
    Removing stm32f10x_can.o(.text), (2544 bytes).
    Removing stm32f10x_cec.o(.text), (288 bytes).
    Removing stm32f10x_crc.o(.text), (72 bytes).
    Removing stm32f10x_dac.o(.text), (396 bytes).
    Removing stm32f10x_dbgmcu.o(.text), (48 bytes).
    Removing stm32f10x_dma.o(.text), (596 bytes).
    Removing stm32f10x_exti.o(.text), (284 bytes).
    Removing stm32f10x_flash.o(.text), (1468 bytes).
    Removing stm32f10x_fsmc.o(.text), (1548 bytes).
    Removing stm32f10x_i2c.o(.text), (1028 bytes).
    Removing stm32f10x_iwdg.o(.text), (64 bytes).
    Removing stm32f10x_pwr.o(.text), (204 bytes).
    Removing stm32f10x_rtc.o(.text), (328 bytes).
    Removing stm32f10x_sdio.o(.text), (468 bytes).
    Removing stm32f10x_spi.o(.text), (780 bytes).
    Removing stm32f10x_wwdg.o(.text), (136 bytes).
    Removing dadd.o(.text), (334 bytes).
    Removing dmul.o(.text), (228 bytes).
    Removing ddiv.o(.text), (222 bytes).
    Removing dfixul.o(.text), (48 bytes).
    Removing cdrcmple.o(.text), (48 bytes).
    Removing depilogue.o(.text), (186 bytes).

25 unused section(s) (total 12058 bytes) removed from the image.

==============================================================================

Image Symbol Table

    Local Symbols

    Symbol Name                              Value     Ov Type        Size  Object(Section)

    ../clib/microlib/division.c              0x00000000   Number         0  uidiv.o ABSOLUTE
    ../clib/microlib/division.c              0x00000000   Number         0  uldiv.o ABSOLUTE
    ../clib/microlib/init/entry.s            0x00000000   Number         0  entry8a.o ABSOLUTE
    ../clib/microlib/init/entry.s            0x00000000   Number         0  entry2.o ABSOLUTE
    ../clib/microlib/init/entry.s            0x00000000   Number         0  entry5.o ABSOLUTE
    ../clib/microlib/init/entry.s            0x00000000   Number         0  entry.o ABSOLUTE
    ../clib/microlib/init/entry.s            0x00000000   Number         0  entry8b.o ABSOLUTE
    ../clib/microlib/init/entry.s            0x00000000   Number         0  entry9a.o ABSOLUTE
    ../clib/microlib/init/entry.s            0x00000000   Number         0  entry9b.o ABSOLUTE
    ../clib/microlib/init/entry.s            0x00000000   Number         0  entry10a.o ABSOLUTE
    ../clib/microlib/init/entry.s            0x00000000   Number         0  entry10b.o ABSOLUTE
    ../clib/microlib/init/entry.s            0x00000000   Number         0  entry11a.o ABSOLUTE
    ../clib/microlib/init/entry.s            0x00000000   Number         0  entry12a.o ABSOLUTE
    ../clib/microlib/init/entry.s            0x00000000   Number         0  entry11b.o ABSOLUTE
    ../clib/microlib/init/entry.s            0x00000000   Number         0  entry12b.o ABSOLUTE
    ../clib/microlib/init/entry.s            0x00000000   Number         0  entry7a.o ABSOLUTE
    ../clib/microlib/init/entry.s            0x00000000   Number         0  entry7b.o ABSOLUTE
    ../clib/microlib/longlong.c              0x00000000   Number         0  llsshr.o ABSOLUTE
    ../clib/microlib/longlong.c              0x00000000   Number         0  llushr.o ABSOLUTE
    ../clib/microlib/longlong.c              0x00000000   Number         0  llshl.o ABSOLUTE
    ../clib/microlib/printf/printf.c         0x00000000   Number         0  printf5.o ABSOLUTE
    ../clib/microlib/printf/printf.c         0x00000000   Number         0  printf4.o ABSOLUTE
    ../clib/microlib/printf/printf.c         0x00000000   Number         0  printf3.o ABSOLUTE
    ../clib/microlib/printf/printf.c         0x00000000   Number         0  printf2.o ABSOLUTE
    ../clib/microlib/printf/printf.c         0x00000000   Number         0  printf1.o ABSOLUTE
    ../clib/microlib/printf/printf.c         0x00000000   Number         0  printf0.o ABSOLUTE
    ../clib/microlib/printf/printf.c         0x00000000   Number         0  printfb.o ABSOLUTE
    ../clib/microlib/printf/printf.c         0x00000000   Number         0  printf8.o ABSOLUTE
    ../clib/microlib/printf/printf.c         0x00000000   Number         0  printf6.o ABSOLUTE
    ../clib/microlib/printf/printf.c         0x00000000   Number         0  printf7.o ABSOLUTE
    ../clib/microlib/printf/printf.c         0x00000000   Number         0  printfa.o ABSOLUTE
    ../clib/microlib/printf/stubs.s          0x00000000   Number         0  stubs.o ABSOLUTE
    ../clib/microlib/stdio/streams.c         0x00000000   Number         0  stdout.o ABSOLUTE
    ../clib/microlib/stubs.s                 0x00000000   Number         0  iusefp.o ABSOLUTE
    ../fplib/microlib/fpadd.c                0x00000000   Number         0  dadd.o ABSOLUTE
    ../fplib/microlib/fpdiv.c                0x00000000   Number         0  ddiv.o ABSOLUTE
    ../fplib/microlib/fpepilogue.c           0x00000000   Number         0  depilogue.o ABSOLUTE
    ../fplib/microlib/fpfix.c                0x00000000   Number         0  dfixul.o ABSOLUTE
    ../fplib/microlib/fpmul.c                0x00000000   Number         0  dmul.o ABSOLUTE
    ..\..\Libraries\CMSIS\core_cm3.c         0x00000000   Number         0  core_cm3.o ABSOLUTE
    ..\..\Libraries\CMSIS\startup\startup_stm32f10x_md.s 0x00000000   Number         0  startup_stm32f10x_md.o ABSOLUTE
    ..\..\Libraries\CMSIS\system_stm32f10x.c 0x00000000   Number         0  system_stm32f10x.o ABSOLUTE
    ..\..\Libraries\FWlib\src\misc.c         0x00000000   Number         0  misc.o ABSOLUTE
    ..\..\Libraries\FWlib\src\stm32f10x_adc.c 0x00000000   Number         0  stm32f10x_adc.o ABSOLUTE
    ..\..\Libraries\FWlib\src\stm32f10x_bkp.c 0x00000000   Number         0  stm32f10x_bkp.o ABSOLUTE
    ..\..\Libraries\FWlib\src\stm32f10x_can.c 0x00000000   Number         0  stm32f10x_can.o ABSOLUTE
    ..\..\Libraries\FWlib\src\stm32f10x_cec.c 0x00000000   Number         0  stm32f10x_cec.o ABSOLUTE
    ..\..\Libraries\FWlib\src\stm32f10x_crc.c 0x00000000   Number         0  stm32f10x_crc.o ABSOLUTE
    ..\..\Libraries\FWlib\src\stm32f10x_dac.c 0x00000000   Number         0  stm32f10x_dac.o ABSOLUTE
    ..\..\Libraries\FWlib\src\stm32f10x_dbgmcu.c 0x00000000   Number         0  stm32f10x_dbgmcu.o ABSOLUTE
    ..\..\Libraries\FWlib\src\stm32f10x_dma.c 0x00000000   Number         0  stm32f10x_dma.o ABSOLUTE
    ..\..\Libraries\FWlib\src\stm32f10x_exti.c 0x00000000   Number         0  stm32f10x_exti.o ABSOLUTE
    ..\..\Libraries\FWlib\src\stm32f10x_flash.c 0x00000000   Number         0  stm32f10x_flash.o ABSOLUTE
    ..\..\Libraries\FWlib\src\stm32f10x_fsmc.c 0x00000000   Number         0  stm32f10x_fsmc.o ABSOLUTE
    ..\..\Libraries\FWlib\src\stm32f10x_gpio.c 0x00000000   Number         0  stm32f10x_gpio.o ABSOLUTE
    ..\..\Libraries\FWlib\src\stm32f10x_i2c.c 0x00000000   Number         0  stm32f10x_i2c.o ABSOLUTE
    ..\..\Libraries\FWlib\src\stm32f10x_iwdg.c 0x00000000   Number         0  stm32f10x_iwdg.o ABSOLUTE
    ..\..\Libraries\FWlib\src\stm32f10x_pwr.c 0x00000000   Number         0  stm32f10x_pwr.o ABSOLUTE
    ..\..\Libraries\FWlib\src\stm32f10x_rcc.c 0x00000000   Number         0  stm32f10x_rcc.o ABSOLUTE
    ..\..\Libraries\FWlib\src\stm32f10x_rtc.c 0x00000000   Number         0  stm32f10x_rtc.o ABSOLUTE
    ..\..\Libraries\FWlib\src\stm32f10x_sdio.c 0x00000000   Number         0  stm32f10x_sdio.o ABSOLUTE
    ..\..\Libraries\FWlib\src\stm32f10x_spi.c 0x00000000   Number         0  stm32f10x_spi.o ABSOLUTE
    ..\..\Libraries\FWlib\src\stm32f10x_tim.c 0x00000000   Number         0  stm32f10x_tim.o ABSOLUTE
    ..\..\Libraries\FWlib\src\stm32f10x_usart.c 0x00000000   Number         0  stm32f10x_usart.o ABSOLUTE
    ..\..\Libraries\FWlib\src\stm32f10x_wwdg.c 0x00000000   Number         0  stm32f10x_wwdg.o ABSOLUTE
    ..\..\User\main.c                        0x00000000   Number         0  main.o ABSOLUTE
    ..\..\User\modbus_slave\application_data_manager.c 0x00000000   Number         0  application_data_manager.o ABSOLUTE
    ..\..\User\modbus_slave\modbus_crc.c     0x00000000   Number         0  modbus_crc.o ABSOLUTE
    ..\..\User\modbus_slave\modbus_rtu_link.c 0x00000000   Number         0  modbus_rtu_link.o ABSOLUTE
    ..\..\User\modbus_slave\modbus_slave_protocol.c 0x00000000   Number         0  modbus_slave_protocol.o ABSOLUTE
    ..\..\User\modbus_slave\tim4_tick_driver.c 0x00000000   Number         0  tim4_tick_driver.o ABSOLUTE
    ..\..\User\modbus_slave\usart2_rs485_driver.c 0x00000000   Number         0  usart2_rs485_driver.o ABSOLUTE
    ..\..\User\photoresistor\bsp_photoresistor.c 0x00000000   Number         0  bsp_photoresistor.o ABSOLUTE
    ..\..\User\stm32f10x_it.c                0x00000000   Number         0  stm32f10x_it.o ABSOLUTE
    ..\..\User\usart\bsp_usart.c             0x00000000   Number         0  bsp_usart.o ABSOLUTE
    ..\\..\\Libraries\\CMSIS\\core_cm3.c     0x00000000   Number         0  core_cm3.o ABSOLUTE
    cdrcmple.s                               0x00000000   Number         0  cdrcmple.o ABSOLUTE
    dc.s                                     0x00000000   Number         0  dc.o ABSOLUTE
    handlers.s                               0x00000000   Number         0  handlers.o ABSOLUTE
    init.s                                   0x00000000   Number         0  init.o ABSOLUTE
    RESET                                    0x08000000   Section      236  startup_stm32f10x_md.o(RESET)
    .ARM.Collect$$$$00000000                 0x080000ec   Section        0  entry.o(.ARM.Collect$$$$00000000)
    .ARM.Collect$$$$00000001                 0x080000ec   Section        4  entry2.o(.ARM.Collect$$$$00000001)
    .ARM.Collect$$$$00000004                 0x080000f0   Section        4  entry5.o(.ARM.Collect$$$$00000004)
    .ARM.Collect$$$$00000008                 0x080000f4   Section        0  entry7b.o(.ARM.Collect$$$$00000008)
    .ARM.Collect$$$$0000000A                 0x080000f4   Section        0  entry8b.o(.ARM.Collect$$$$0000000A)
    .ARM.Collect$$$$0000000B                 0x080000f4   Section        8  entry9a.o(.ARM.Collect$$$$0000000B)
    .ARM.Collect$$$$0000000E                 0x080000fc   Section        4  entry12b.o(.ARM.Collect$$$$0000000E)
    .ARM.Collect$$$$0000000F                 0x08000100   Section        0  entry10a.o(.ARM.Collect$$$$0000000F)
    .ARM.Collect$$$$00000011                 0x08000100   Section        0  entry11a.o(.ARM.Collect$$$$00000011)
    .ARM.Collect$$$$00002712                 0x08000100   Section        4  entry2.o(.ARM.Collect$$$$00002712)
    __lit__00000000                          0x08000100   Data           4  entry2.o(.ARM.Collect$$$$00002712)
    .text                                    0x08000104   Section       36  startup_stm32f10x_md.o(.text)
    .text                                    0x08000128   Section        0  system_stm32f10x.o(.text)
    SetSysClockTo72                          0x08000129   Thumb Code   214  system_stm32f10x.o(.text)
    SetSysClock                              0x080001ff   Thumb Code     8  system_stm32f10x.o(.text)
    .text                                    0x08000308   Section        0  misc.o(.text)
    .text                                    0x080003e4   Section        0  stm32f10x_adc.o(.text)
    .text                                    0x08000834   Section        0  stm32f10x_gpio.o(.text)
    .text                                    0x08000b90   Section        0  stm32f10x_rcc.o(.text)
    .text                                    0x08000f34   Section        0  stm32f10x_tim.o(.text)
    TI4_Config                               0x080013db   Thumb Code   130  stm32f10x_tim.o(.text)
    TI3_Config                               0x0800146f   Thumb Code   122  stm32f10x_tim.o(.text)
    TI2_Config                               0x08001503   Thumb Code   130  stm32f10x_tim.o(.text)
    TI1_Config                               0x08001597   Thumb Code   108  stm32f10x_tim.o(.text)
    .text                                    0x08001d50   Section        0  stm32f10x_usart.o(.text)
    .text                                    0x08002158   Section        0  main.o(.text)
    .text                                    0x080022cc   Section        0  stm32f10x_it.o(.text)
    .text                                    0x08002314   Section        0  bsp_usart.o(.text)
    NVIC_Configuration                       0x08002315   Thumb Code    38  bsp_usart.o(.text)
    .text                                    0x080024b8   Section        0  bsp_photoresistor.o(.text)
    PhotoResistor_GPIO_Config                0x080024b9   Thumb Code    60  bsp_photoresistor.o(.text)
    PhotoResistor_ADC_Mode_Config            0x080024f5   Thumb Code   138  bsp_photoresistor.o(.text)
    PhotoResistor_ADC_NVIC_Config            0x0800257f   Thumb Code    30  bsp_photoresistor.o(.text)
    .text                                    0x080025b4   Section        0  application_data_manager.o(.text)
    .text                                    0x08002660   Section        0  modbus_slave_protocol.o(.text)
    prv_send_adu_with_crc                    0x08002661   Thumb Code    94  modbus_slave_protocol.o(.text)
    prv_send_exception                       0x080026bf   Thumb Code    40  modbus_slave_protocol.o(.text)
    rd_u16be                                 0x080028cb   Thumb Code    12  modbus_slave_protocol.o(.text)
    .text                                    0x08002908   Section        0  modbus_rtu_link.o(.text)
    prv_rx_reset                             0x080029a3   Thumb Code    12  modbus_rtu_link.o(.text)
    .text                                    0x080029c8   Section        0  modbus_crc.o(.text)
    .text                                    0x08002a00   Section        0  usart2_rs485_driver.o(.text)
    prv_gpio_init                            0x08002a1d   Thumb Code   118  usart2_rs485_driver.o(.text)
    prv_usart_init                           0x08002a93   Thumb Code   132  usart2_rs485_driver.o(.text)
    prv_wait_tc_and_dir_rx                   0x08002b17   Thumb Code    46  usart2_rs485_driver.o(.text)
    prv_dir_tx                               0x08002d39   Thumb Code    26  usart2_rs485_driver.o(.text)
    .text                                    0x08002d80   Section        0  tim4_tick_driver.o(.text)
    prv_tim4_init                            0x08002d81   Thumb Code   108  tim4_tick_driver.o(.text)
    .text                                    0x08002e34   Section        0  uldiv.o(.text)
    .text                                    0x08002e98   Section       36  init.o(.text)
    .text                                    0x08002ebc   Section        0  llshl.o(.text)
    .text                                    0x08002eda   Section        0  llushr.o(.text)
    i.__0printf$8                            0x08002efc   Section        0  printf8.o(i.__0printf$8)
    i.__scatterload_copy                     0x08002f1c   Section       14  handlers.o(i.__scatterload_copy)
    i.__scatterload_null                     0x08002f2a   Section        2  handlers.o(i.__scatterload_null)
    i.__scatterload_zeroinit                 0x08002f2c   Section       14  handlers.o(i.__scatterload_zeroinit)
    i._printf_core                           0x08002f3c   Section        0  printf8.o(i._printf_core)
    _printf_core                             0x08002f3d   Thumb Code   984  printf8.o(i._printf_core)
    i._printf_post_padding                   0x08003340   Section        0  printf8.o(i._printf_post_padding)
    _printf_post_padding                     0x08003341   Thumb Code    36  printf8.o(i._printf_post_padding)
    i._printf_pre_padding                    0x08003364   Section        0  printf8.o(i._printf_pre_padding)
    _printf_pre_padding                      0x08003365   Thumb Code    46  printf8.o(i._printf_pre_padding)
    .constdata                               0x08003392   Section      512  modbus_crc.o(.constdata)
    s_crc_hi_tbl                             0x08003392   Data         256  modbus_crc.o(.constdata)
    s_crc_lo_tbl                             0x08003492   Data         256  modbus_crc.o(.constdata)
    .data                                    0x20000000   Section       20  system_stm32f10x.o(.data)
    .data                                    0x20000014   Section       20  stm32f10x_rcc.o(.data)
    APBAHBPrescTable                         0x20000014   Data          16  stm32f10x_rcc.o(.data)
    ADCPrescTable                            0x20000024   Data           4  stm32f10x_rcc.o(.data)
    .data                                    0x20000028   Section        2  bsp_photoresistor.o(.data)
    .data                                    0x2000002a   Section        2  application_data_manager.o(.data)
    s_holding_regs                           0x2000002a   Data           2  application_data_manager.o(.data)
    .data                                    0x2000002c   Section       12  modbus_rtu_link.o(.data)
    s_rx_state                               0x2000002c   Data           1  modbus_rtu_link.o(.data)
    s_rx_pos                                 0x2000002e   Data           2  modbus_rtu_link.o(.data)
    s_last_rx_tick_ms                        0x20000030   Data           4  modbus_rtu_link.o(.data)
    s_frame_cb                               0x20000034   Data           4  modbus_rtu_link.o(.data)
    .data                                    0x20000038   Section       14  usart2_rs485_driver.o(.data)
    s_tx_busy                                0x20000038   Data           1  usart2_rs485_driver.o(.data)
    s_wait_tc_to_rx                          0x20000039   Data           1  usart2_rs485_driver.o(.data)
    s_tx_buf                                 0x2000003c   Data           4  usart2_rs485_driver.o(.data)
    s_tx_len                                 0x20000040   Data           2  usart2_rs485_driver.o(.data)
    s_rx_head                                0x20000042   Data           2  usart2_rs485_driver.o(.data)
    s_rx_tail                                0x20000044   Data           2  usart2_rs485_driver.o(.data)
    .data                                    0x20000048   Section        4  tim4_tick_driver.o(.data)
    s_ms_tick                                0x20000048   Data           4  tim4_tick_driver.o(.data)
    .data                                    0x2000004c   Section        4  stdout.o(.data)
    .bss                                     0x20000050   Section      256  modbus_slave_protocol.o(.bss)
    s_tx_buffer                              0x20000050   Data         256  modbus_slave_protocol.o(.bss)
    .bss                                     0x20000150   Section      256  modbus_rtu_link.o(.bss)
    s_rx_buf                                 0x20000150   Data         256  modbus_rtu_link.o(.bss)
    .bss                                     0x20000250   Section      256  usart2_rs485_driver.o(.bss)
    s_rx_ring                                0x20000250   Data         256  usart2_rs485_driver.o(.bss)
    STACK                                    0x20000350   Section     1536  startup_stm32f10x_md.o(STACK)

    Global Symbols

    Symbol Name                              Value     Ov Type        Size  Object(Section)

    BuildAttributes$$THM_ISAv4$P$D$K$B$S$PE$A:L22UL41UL21$X:L11$S22US41US21$IEEE1$IW$USESV6$~STKCKD$USESV7$~SHL$OSPACE$ROPI$EBA8$MICROLIB$REQ8$PRES8$EABIv2 0x00000000   Number         0  anon$$obj.o ABSOLUTE
    __ARM_use_no_argv                        0x00000000   Number         0  main.o ABSOLUTE
    _printf_a                                0x00000000   Number         0  stubs.o ABSOLUTE
    _printf_c                                0x00000000   Number         0  stubs.o ABSOLUTE
    _printf_charcount                        0x00000000   Number         0  stubs.o ABSOLUTE
    _printf_d                                0x00000000   Number         0  stubs.o ABSOLUTE
    _printf_e                                0x00000000   Number         0  stubs.o ABSOLUTE
    _printf_f                                0x00000000   Number         0  stubs.o ABSOLUTE
    _printf_flags                            0x00000000   Number         0  stubs.o ABSOLUTE
    _printf_fp_dec                           0x00000000   Number         0  stubs.o ABSOLUTE
    _printf_fp_hex                           0x00000000   Number         0  stubs.o ABSOLUTE
    _printf_g                                0x00000000   Number         0  stubs.o ABSOLUTE
    _printf_i                                0x00000000   Number         0  stubs.o ABSOLUTE
    _printf_int_dec                          0x00000000   Number         0  stubs.o ABSOLUTE
    _printf_l                                0x00000000   Number         0  stubs.o ABSOLUTE
    _printf_lc                               0x00000000   Number         0  stubs.o ABSOLUTE
    _printf_ll                               0x00000000   Number         0  stubs.o ABSOLUTE
    _printf_lld                              0x00000000   Number         0  stubs.o ABSOLUTE
    _printf_lli                              0x00000000   Number         0  stubs.o ABSOLUTE
    _printf_llo                              0x00000000   Number         0  stubs.o ABSOLUTE
    _printf_llu                              0x00000000   Number         0  stubs.o ABSOLUTE
    _printf_llx                              0x00000000   Number         0  stubs.o ABSOLUTE
    _printf_longlong_dec                     0x00000000   Number         0  stubs.o ABSOLUTE
    _printf_longlong_hex                     0x00000000   Number         0  stubs.o ABSOLUTE
    _printf_longlong_oct                     0x00000000   Number         0  stubs.o ABSOLUTE
    _printf_ls                               0x00000000   Number         0  stubs.o ABSOLUTE
    _printf_mbtowc                           0x00000000   Number         0  stubs.o ABSOLUTE
    _printf_n                                0x00000000   Number         0  stubs.o ABSOLUTE
    _printf_o                                0x00000000   Number         0  stubs.o ABSOLUTE
    _printf_p                                0x00000000   Number         0  stubs.o ABSOLUTE
    _printf_percent                          0x00000000   Number         0  stubs.o ABSOLUTE
    _printf_pre_padding                      0x00000000   Number         0  stubs.o ABSOLUTE
    _printf_return_value                     0x00000000   Number         0  stubs.o ABSOLUTE
    _printf_s                                0x00000000   Number         0  stubs.o ABSOLUTE
    _printf_sizespec                         0x00000000   Number         0  stubs.o ABSOLUTE
    _printf_str                              0x00000000   Number         0  stubs.o ABSOLUTE
    _printf_truncate_signed                  0x00000000   Number         0  stubs.o ABSOLUTE
    _printf_truncate_unsigned                0x00000000   Number         0  stubs.o ABSOLUTE
    _printf_u                                0x00000000   Number         0  stubs.o ABSOLUTE
    _printf_wc                               0x00000000   Number         0  stubs.o ABSOLUTE
    _printf_wctomb                           0x00000000   Number         0  stubs.o ABSOLUTE
    _printf_widthprec                        0x00000000   Number         0  stubs.o ABSOLUTE
    _printf_x                                0x00000000   Number         0  stubs.o ABSOLUTE
    __arm_fini_                               - Undefined Weak Reference
    __cpp_initialize__aeabi_                  - Undefined Weak Reference
    __cxa_finalize                            - Undefined Weak Reference
    __decompress                              - Undefined Weak Reference
    _clock_init                               - Undefined Weak Reference
    _microlib_exit                            - Undefined Weak Reference
    __Vectors_Size                           0x000000ec   Number         0  startup_stm32f10x_md.o ABSOLUTE
    __Vectors                                0x08000000   Data           4  startup_stm32f10x_md.o(RESET)
    __Vectors_End                            0x080000ec   Data           0  startup_stm32f10x_md.o(RESET)
    __main                                   0x080000ed   Thumb Code     0  entry.o(.ARM.Collect$$$$00000000)
    _main_stk                                0x080000ed   Thumb Code     0  entry2.o(.ARM.Collect$$$$00000001)
    _main_scatterload                        0x080000f1   Thumb Code     0  entry5.o(.ARM.Collect$$$$00000004)
    __main_after_scatterload                 0x080000f5   Thumb Code     0  entry5.o(.ARM.Collect$$$$00000004)
    _main_clock                              0x080000f5   Thumb Code     0  entry7b.o(.ARM.Collect$$$$00000008)
    _main_cpp_init                           0x080000f5   Thumb Code     0  entry8b.o(.ARM.Collect$$$$0000000A)
    _main_init                               0x080000f5   Thumb Code     0  entry9a.o(.ARM.Collect$$$$0000000B)
    __rt_lib_shutdown_fini                   0x080000fd   Thumb Code     0  entry12b.o(.ARM.Collect$$$$0000000E)
    __rt_final_cpp                           0x08000101   Thumb Code     0  entry10a.o(.ARM.Collect$$$$0000000F)
    __rt_final_exit                          0x08000101   Thumb Code     0  entry11a.o(.ARM.Collect$$$$00000011)
    Reset_Handler                            0x08000105   Thumb Code     8  startup_stm32f10x_md.o(.text)
    CAN1_RX1_IRQHandler                      0x0800011f   Thumb Code     0  startup_stm32f10x_md.o(.text)
    CAN1_SCE_IRQHandler                      0x0800011f   Thumb Code     0  startup_stm32f10x_md.o(.text)
    DMA1_Channel1_IRQHandler                 0x0800011f   Thumb Code     0  startup_stm32f10x_md.o(.text)
    DMA1_Channel2_IRQHandler                 0x0800011f   Thumb Code     0  startup_stm32f10x_md.o(.text)
    DMA1_Channel3_IRQHandler                 0x0800011f   Thumb Code     0  startup_stm32f10x_md.o(.text)
    DMA1_Channel4_IRQHandler                 0x0800011f   Thumb Code     0  startup_stm32f10x_md.o(.text)
    DMA1_Channel5_IRQHandler                 0x0800011f   Thumb Code     0  startup_stm32f10x_md.o(.text)
    DMA1_Channel6_IRQHandler                 0x0800011f   Thumb Code     0  startup_stm32f10x_md.o(.text)
    DMA1_Channel7_IRQHandler                 0x0800011f   Thumb Code     0  startup_stm32f10x_md.o(.text)
    EXTI0_IRQHandler                         0x0800011f   Thumb Code     0  startup_stm32f10x_md.o(.text)
    EXTI15_10_IRQHandler                     0x0800011f   Thumb Code     0  startup_stm32f10x_md.o(.text)
    EXTI1_IRQHandler                         0x0800011f   Thumb Code     0  startup_stm32f10x_md.o(.text)
    EXTI2_IRQHandler                         0x0800011f   Thumb Code     0  startup_stm32f10x_md.o(.text)
    EXTI3_IRQHandler                         0x0800011f   Thumb Code     0  startup_stm32f10x_md.o(.text)
    EXTI4_IRQHandler                         0x0800011f   Thumb Code     0  startup_stm32f10x_md.o(.text)
    EXTI9_5_IRQHandler                       0x0800011f   Thumb Code     0  startup_stm32f10x_md.o(.text)
    FLASH_IRQHandler                         0x0800011f   Thumb Code     0  startup_stm32f10x_md.o(.text)
    I2C1_ER_IRQHandler                       0x0800011f   Thumb Code     0  startup_stm32f10x_md.o(.text)
    I2C1_EV_IRQHandler                       0x0800011f   Thumb Code     0  startup_stm32f10x_md.o(.text)
    I2C2_ER_IRQHandler                       0x0800011f   Thumb Code     0  startup_stm32f10x_md.o(.text)
    I2C2_EV_IRQHandler                       0x0800011f   Thumb Code     0  startup_stm32f10x_md.o(.text)
    PVD_IRQHandler                           0x0800011f   Thumb Code     0  startup_stm32f10x_md.o(.text)
    RCC_IRQHandler                           0x0800011f   Thumb Code     0  startup_stm32f10x_md.o(.text)
    RTCAlarm_IRQHandler                      0x0800011f   Thumb Code     0  startup_stm32f10x_md.o(.text)
    RTC_IRQHandler                           0x0800011f   Thumb Code     0  startup_stm32f10x_md.o(.text)
    SPI1_IRQHandler                          0x0800011f   Thumb Code     0  startup_stm32f10x_md.o(.text)
    SPI2_IRQHandler                          0x0800011f   Thumb Code     0  startup_stm32f10x_md.o(.text)
    TAMPER_IRQHandler                        0x0800011f   Thumb Code     0  startup_stm32f10x_md.o(.text)
    TIM1_BRK_IRQHandler                      0x0800011f   Thumb Code     0  startup_stm32f10x_md.o(.text)
    TIM1_CC_IRQHandler                       0x0800011f   Thumb Code     0  startup_stm32f10x_md.o(.text)
    TIM1_TRG_COM_IRQHandler                  0x0800011f   Thumb Code     0  startup_stm32f10x_md.o(.text)
    TIM1_UP_IRQHandler                       0x0800011f   Thumb Code     0  startup_stm32f10x_md.o(.text)
    TIM2_IRQHandler                          0x0800011f   Thumb Code     0  startup_stm32f10x_md.o(.text)
    TIM3_IRQHandler                          0x0800011f   Thumb Code     0  startup_stm32f10x_md.o(.text)
    USART1_IRQHandler                        0x0800011f   Thumb Code     0  startup_stm32f10x_md.o(.text)
    USART2_IRQHandler                        0x0800011f   Thumb Code     0  startup_stm32f10x_md.o(.text)
    USBWakeUp_IRQHandler                     0x0800011f   Thumb Code     0  startup_stm32f10x_md.o(.text)
    USB_HP_CAN1_TX_IRQHandler                0x0800011f   Thumb Code     0  startup_stm32f10x_md.o(.text)
    USB_LP_CAN1_RX0_IRQHandler               0x0800011f   Thumb Code     0  startup_stm32f10x_md.o(.text)
    WWDG_IRQHandler                          0x0800011f   Thumb Code     0  startup_stm32f10x_md.o(.text)
    SystemInit                               0x08000207   Thumb Code    78  system_stm32f10x.o(.text)
    SystemCoreClockUpdate                    0x08000255   Thumb Code   142  system_stm32f10x.o(.text)
    NVIC_PriorityGroupConfig                 0x08000309   Thumb Code    10  misc.o(.text)
    NVIC_Init                                0x08000313   Thumb Code   100  misc.o(.text)
    NVIC_SetVectorTable                      0x08000377   Thumb Code    14  misc.o(.text)
    NVIC_SystemLPConfig                      0x08000385   Thumb Code    34  misc.o(.text)
    SysTick_CLKSourceConfig                  0x080003a7   Thumb Code    40  misc.o(.text)
    ADC_DeInit                               0x080003e5   Thumb Code    78  stm32f10x_adc.o(.text)
    ADC_Init                                 0x08000433   Thumb Code    70  stm32f10x_adc.o(.text)
    ADC_StructInit                           0x08000479   Thumb Code    18  stm32f10x_adc.o(.text)
    ADC_Cmd                                  0x0800048b   Thumb Code    22  stm32f10x_adc.o(.text)
    ADC_DMACmd                               0x080004a1   Thumb Code    22  stm32f10x_adc.o(.text)
    ADC_ITConfig                             0x080004b7   Thumb Code    24  stm32f10x_adc.o(.text)
    ADC_ResetCalibration                     0x080004cf   Thumb Code    10  stm32f10x_adc.o(.text)
    ADC_GetResetCalibrationStatus            0x080004d9   Thumb Code    20  stm32f10x_adc.o(.text)
    ADC_StartCalibration                     0x080004ed   Thumb Code    10  stm32f10x_adc.o(.text)
    ADC_GetCalibrationStatus                 0x080004f7   Thumb Code    20  stm32f10x_adc.o(.text)
    ADC_SoftwareStartConvCmd                 0x0800050b   Thumb Code    22  stm32f10x_adc.o(.text)
    ADC_GetSoftwareStartConvStatus           0x08000521   Thumb Code    20  stm32f10x_adc.o(.text)
    ADC_DiscModeChannelCountConfig           0x08000535   Thumb Code    24  stm32f10x_adc.o(.text)
    ADC_DiscModeCmd                          0x0800054d   Thumb Code    22  stm32f10x_adc.o(.text)
    ADC_RegularChannelConfig                 0x08000563   Thumb Code   184  stm32f10x_adc.o(.text)
    ADC_ExternalTrigConvCmd                  0x0800061b   Thumb Code    22  stm32f10x_adc.o(.text)
    ADC_GetConversionValue                   0x08000631   Thumb Code     8  stm32f10x_adc.o(.text)
    ADC_GetDualModeConversionValue           0x08000639   Thumb Code     8  stm32f10x_adc.o(.text)
    ADC_AutoInjectedConvCmd                  0x08000641   Thumb Code    22  stm32f10x_adc.o(.text)
    ADC_InjectedDiscModeCmd                  0x08000657   Thumb Code    22  stm32f10x_adc.o(.text)
    ADC_ExternalTrigInjectedConvConfig       0x0800066d   Thumb Code    16  stm32f10x_adc.o(.text)
    ADC_ExternalTrigInjectedConvCmd          0x0800067d   Thumb Code    22  stm32f10x_adc.o(.text)
    ADC_SoftwareStartInjectedConvCmd         0x08000693   Thumb Code    22  stm32f10x_adc.o(.text)
    ADC_GetSoftwareStartInjectedConvCmdStatus 0x080006a9   Thumb Code    20  stm32f10x_adc.o(.text)
    ADC_InjectedChannelConfig                0x080006bd   Thumb Code   130  stm32f10x_adc.o(.text)
    ADC_InjectedSequencerLengthConfig        0x0800073f   Thumb Code    24  stm32f10x_adc.o(.text)
    ADC_SetInjectedOffset                    0x08000757   Thumb Code    20  stm32f10x_adc.o(.text)
    ADC_GetInjectedConversionValue           0x0800076b   Thumb Code    28  stm32f10x_adc.o(.text)
    ADC_AnalogWatchdogCmd                    0x08000787   Thumb Code    16  stm32f10x_adc.o(.text)
    ADC_AnalogWatchdogThresholdsConfig       0x08000797   Thumb Code     6  stm32f10x_adc.o(.text)
    ADC_AnalogWatchdogSingleChannelConfig    0x0800079d   Thumb Code    16  stm32f10x_adc.o(.text)
    ADC_TempSensorVrefintCmd                 0x080007ad   Thumb Code    64  stm32f10x_adc.o(.text)
    ADC_GetFlagStatus                        0x080007ed   Thumb Code    18  stm32f10x_adc.o(.text)
    ADC_ClearFlag                            0x080007ff   Thumb Code     6  stm32f10x_adc.o(.text)
    ADC_GetITStatus                          0x08000805   Thumb Code    36  stm32f10x_adc.o(.text)
    ADC_ClearITPendingBit                    0x08000829   Thumb Code    10  stm32f10x_adc.o(.text)
    GPIO_DeInit                              0x08000835   Thumb Code   172  stm32f10x_gpio.o(.text)
    GPIO_AFIODeInit                          0x080008e1   Thumb Code    20  stm32f10x_gpio.o(.text)
    GPIO_Init                                0x080008f5   Thumb Code   278  stm32f10x_gpio.o(.text)
    GPIO_StructInit                          0x08000a0b   Thumb Code    16  stm32f10x_gpio.o(.text)
    GPIO_ReadInputDataBit                    0x08000a1b   Thumb Code    18  stm32f10x_gpio.o(.text)
    GPIO_ReadInputData                       0x08000a2d   Thumb Code     8  stm32f10x_gpio.o(.text)
    GPIO_ReadOutputDataBit                   0x08000a35   Thumb Code    18  stm32f10x_gpio.o(.text)
    GPIO_ReadOutputData                      0x08000a47   Thumb Code     8  stm32f10x_gpio.o(.text)
    GPIO_SetBits                             0x08000a4f   Thumb Code     4  stm32f10x_gpio.o(.text)
    GPIO_ResetBits                           0x08000a53   Thumb Code     4  stm32f10x_gpio.o(.text)
    GPIO_WriteBit                            0x08000a57   Thumb Code    10  stm32f10x_gpio.o(.text)
    GPIO_Write                               0x08000a61   Thumb Code     4  stm32f10x_gpio.o(.text)
    GPIO_PinLockConfig                       0x08000a65   Thumb Code    18  stm32f10x_gpio.o(.text)
    GPIO_EventOutputConfig                   0x08000a77   Thumb Code    26  stm32f10x_gpio.o(.text)
    GPIO_EventOutputCmd                      0x08000a91   Thumb Code     6  stm32f10x_gpio.o(.text)
    GPIO_PinRemapConfig                      0x08000a97   Thumb Code   138  stm32f10x_gpio.o(.text)
    GPIO_EXTILineConfig                      0x08000b21   Thumb Code    66  stm32f10x_gpio.o(.text)
    GPIO_ETH_MediaInterfaceConfig            0x08000b63   Thumb Code     8  stm32f10x_gpio.o(.text)
    RCC_DeInit                               0x08000b91   Thumb Code    64  stm32f10x_rcc.o(.text)
    RCC_HSEConfig                            0x08000bd1   Thumb Code    70  stm32f10x_rcc.o(.text)
    RCC_GetFlagStatus                        0x08000c17   Thumb Code    56  stm32f10x_rcc.o(.text)
    RCC_WaitForHSEStartUp                    0x08000c4f   Thumb Code    56  stm32f10x_rcc.o(.text)
    RCC_AdjustHSICalibrationValue            0x08000c87   Thumb Code    20  stm32f10x_rcc.o(.text)
    RCC_HSICmd                               0x08000c9b   Thumb Code     6  stm32f10x_rcc.o(.text)
    RCC_PLLConfig                            0x08000ca1   Thumb Code    24  stm32f10x_rcc.o(.text)
    RCC_PLLCmd                               0x08000cb9   Thumb Code     6  stm32f10x_rcc.o(.text)
    RCC_SYSCLKConfig                         0x08000cbf   Thumb Code    18  stm32f10x_rcc.o(.text)
    RCC_GetSYSCLKSource                      0x08000cd1   Thumb Code    10  stm32f10x_rcc.o(.text)
    RCC_HCLKConfig                           0x08000cdb   Thumb Code    18  stm32f10x_rcc.o(.text)
    RCC_PCLK1Config                          0x08000ced   Thumb Code    18  stm32f10x_rcc.o(.text)
    RCC_PCLK2Config                          0x08000cff   Thumb Code    20  stm32f10x_rcc.o(.text)
    RCC_ITConfig                             0x08000d13   Thumb Code    26  stm32f10x_rcc.o(.text)
    RCC_USBCLKConfig                         0x08000d2d   Thumb Code     8  stm32f10x_rcc.o(.text)
    RCC_ADCCLKConfig                         0x08000d35   Thumb Code    18  stm32f10x_rcc.o(.text)
    RCC_LSEConfig                            0x08000d47   Thumb Code    50  stm32f10x_rcc.o(.text)
    RCC_LSICmd                               0x08000d79   Thumb Code     6  stm32f10x_rcc.o(.text)
    RCC_RTCCLKConfig                         0x08000d7f   Thumb Code    12  stm32f10x_rcc.o(.text)
    RCC_RTCCLKCmd                            0x08000d8b   Thumb Code     8  stm32f10x_rcc.o(.text)
    RCC_GetClocksFreq                        0x08000d93   Thumb Code   192  stm32f10x_rcc.o(.text)
    RCC_AHBPeriphClockCmd                    0x08000e53   Thumb Code    26  stm32f10x_rcc.o(.text)
    RCC_APB2PeriphClockCmd                   0x08000e6d   Thumb Code    26  stm32f10x_rcc.o(.text)
    RCC_APB1PeriphClockCmd                   0x08000e87   Thumb Code    26  stm32f10x_rcc.o(.text)
    RCC_APB2PeriphResetCmd                   0x08000ea1   Thumb Code    26  stm32f10x_rcc.o(.text)
    RCC_APB1PeriphResetCmd                   0x08000ebb   Thumb Code    26  stm32f10x_rcc.o(.text)
    RCC_BackupResetCmd                       0x08000ed5   Thumb Code     8  stm32f10x_rcc.o(.text)
    RCC_ClockSecuritySystemCmd               0x08000edd   Thumb Code     6  stm32f10x_rcc.o(.text)
    RCC_MCOConfig                            0x08000ee3   Thumb Code     6  stm32f10x_rcc.o(.text)
    RCC_ClearFlag                            0x08000ee9   Thumb Code    14  stm32f10x_rcc.o(.text)
    RCC_GetITStatus                          0x08000ef7   Thumb Code    20  stm32f10x_rcc.o(.text)
    RCC_ClearITPendingBit                    0x08000f0b   Thumb Code     6  stm32f10x_rcc.o(.text)
    TIM_DeInit                               0x08000f35   Thumb Code   424  stm32f10x_tim.o(.text)
    TIM_TimeBaseInit                         0x080010dd   Thumb Code   122  stm32f10x_tim.o(.text)
    TIM_OC1Init                              0x08001157   Thumb Code   132  stm32f10x_tim.o(.text)
    TIM_OC2Init                              0x080011db   Thumb Code   154  stm32f10x_tim.o(.text)
    TIM_OC3Init                              0x08001275   Thumb Code   150  stm32f10x_tim.o(.text)
    TIM_OC4Init                              0x0800130b   Thumb Code   182  stm32f10x_tim.o(.text)
    TIM_SetIC4Prescaler                      0x080013c1   Thumb Code    26  stm32f10x_tim.o(.text)
    TIM_SetIC3Prescaler                      0x0800145d   Thumb Code    18  stm32f10x_tim.o(.text)
    TIM_SetIC2Prescaler                      0x080014e9   Thumb Code    26  stm32f10x_tim.o(.text)
    TIM_SetIC1Prescaler                      0x08001585   Thumb Code    18  stm32f10x_tim.o(.text)
    TIM_ICInit                               0x08001603   Thumb Code   150  stm32f10x_tim.o(.text)
    TIM_PWMIConfig                           0x08001699   Thumb Code   124  stm32f10x_tim.o(.text)
    TIM_BDTRConfig                           0x08001715   Thumb Code    32  stm32f10x_tim.o(.text)
    TIM_TimeBaseStructInit                   0x08001735   Thumb Code    18  stm32f10x_tim.o(.text)
    TIM_OCStructInit                         0x08001747   Thumb Code    20  stm32f10x_tim.o(.text)
    TIM_ICStructInit                         0x0800175b   Thumb Code    18  stm32f10x_tim.o(.text)
    TIM_BDTRStructInit                       0x0800176d   Thumb Code    40  stm32f10x_tim.o(.text)
    TIM_Cmd                                  0x08001795   Thumb Code    24  stm32f10x_tim.o(.text)
    TIM_CtrlPWMOutputs                       0x080017ad   Thumb Code    30  stm32f10x_tim.o(.text)
    TIM_ITConfig                             0x080017cb   Thumb Code    18  stm32f10x_tim.o(.text)
    TIM_GenerateEvent                        0x080017dd   Thumb Code     4  stm32f10x_tim.o(.text)
    TIM_DMAConfig                            0x080017e1   Thumb Code    10  stm32f10x_tim.o(.text)
    TIM_DMACmd                               0x080017eb   Thumb Code    18  stm32f10x_tim.o(.text)
    TIM_InternalClockConfig                  0x080017fd   Thumb Code    12  stm32f10x_tim.o(.text)
    TIM_SelectInputTrigger                   0x08001809   Thumb Code    18  stm32f10x_tim.o(.text)
    TIM_ITRxExternalClockConfig              0x0800181b   Thumb Code    24  stm32f10x_tim.o(.text)
    TIM_TIxExternalClockConfig               0x08001833   Thumb Code    62  stm32f10x_tim.o(.text)
    TIM_ETRConfig                            0x08001871   Thumb Code    28  stm32f10x_tim.o(.text)
    TIM_ETRClockMode1Config                  0x0800188d   Thumb Code    54  stm32f10x_tim.o(.text)
    TIM_ETRClockMode2Config                  0x080018c3   Thumb Code    32  stm32f10x_tim.o(.text)
    TIM_PrescalerConfig                      0x080018e3   Thumb Code     6  stm32f10x_tim.o(.text)
    TIM_CounterModeConfig                    0x080018e9   Thumb Code    18  stm32f10x_tim.o(.text)
    TIM_EncoderInterfaceConfig               0x080018fb   Thumb Code    66  stm32f10x_tim.o(.text)
    TIM_ForcedOC1Config                      0x0800193d   Thumb Code    18  stm32f10x_tim.o(.text)
    TIM_ForcedOC2Config                      0x0800194f   Thumb Code    26  stm32f10x_tim.o(.text)
    TIM_ForcedOC3Config                      0x08001969   Thumb Code    18  stm32f10x_tim.o(.text)
    TIM_ForcedOC4Config                      0x0800197b   Thumb Code    26  stm32f10x_tim.o(.text)
    TIM_ARRPreloadConfig                     0x08001995   Thumb Code    24  stm32f10x_tim.o(.text)
    TIM_SelectCOM                            0x080019ad   Thumb Code    24  stm32f10x_tim.o(.text)
    TIM_SelectCCDMA                          0x080019c5   Thumb Code    24  stm32f10x_tim.o(.text)
    TIM_CCPreloadControl                     0x080019dd   Thumb Code    24  stm32f10x_tim.o(.text)
    TIM_OC1PreloadConfig                     0x080019f5   Thumb Code    18  stm32f10x_tim.o(.text)
    TIM_OC2PreloadConfig                     0x08001a07   Thumb Code    26  stm32f10x_tim.o(.text)
    TIM_OC3PreloadConfig                     0x08001a21   Thumb Code    18  stm32f10x_tim.o(.text)
    TIM_OC4PreloadConfig                     0x08001a33   Thumb Code    26  stm32f10x_tim.o(.text)
    TIM_OC1FastConfig                        0x08001a4d   Thumb Code    18  stm32f10x_tim.o(.text)
    TIM_OC2FastConfig                        0x08001a5f   Thumb Code    26  stm32f10x_tim.o(.text)
    TIM_OC3FastConfig                        0x08001a79   Thumb Code    18  stm32f10x_tim.o(.text)
    TIM_OC4FastConfig                        0x08001a8b   Thumb Code    26  stm32f10x_tim.o(.text)
    TIM_ClearOC1Ref                          0x08001aa5   Thumb Code    18  stm32f10x_tim.o(.text)
    TIM_ClearOC2Ref                          0x08001ab7   Thumb Code    24  stm32f10x_tim.o(.text)
    TIM_ClearOC3Ref                          0x08001acf   Thumb Code    18  stm32f10x_tim.o(.text)
    TIM_ClearOC4Ref                          0x08001ae1   Thumb Code    24  stm32f10x_tim.o(.text)
    TIM_OC1PolarityConfig                    0x08001af9   Thumb Code    18  stm32f10x_tim.o(.text)
    TIM_OC1NPolarityConfig                   0x08001b0b   Thumb Code    18  stm32f10x_tim.o(.text)
    TIM_OC2PolarityConfig                    0x08001b1d   Thumb Code    26  stm32f10x_tim.o(.text)
    TIM_OC2NPolarityConfig                   0x08001b37   Thumb Code    26  stm32f10x_tim.o(.text)
    TIM_OC3PolarityConfig                    0x08001b51   Thumb Code    26  stm32f10x_tim.o(.text)
    TIM_OC3NPolarityConfig                   0x08001b6b   Thumb Code    26  stm32f10x_tim.o(.text)
    TIM_OC4PolarityConfig                    0x08001b85   Thumb Code    26  stm32f10x_tim.o(.text)
    TIM_CCxCmd                               0x08001b9f   Thumb Code    30  stm32f10x_tim.o(.text)
    TIM_CCxNCmd                              0x08001bbd   Thumb Code    30  stm32f10x_tim.o(.text)
    TIM_SelectOCxM                           0x08001bdb   Thumb Code    82  stm32f10x_tim.o(.text)
    TIM_UpdateDisableConfig                  0x08001c2d   Thumb Code    24  stm32f10x_tim.o(.text)
    TIM_UpdateRequestConfig                  0x08001c45   Thumb Code    24  stm32f10x_tim.o(.text)
    TIM_SelectHallSensor                     0x08001c5d   Thumb Code    24  stm32f10x_tim.o(.text)
    TIM_SelectOnePulseMode                   0x08001c75   Thumb Code    18  stm32f10x_tim.o(.text)
    TIM_SelectOutputTrigger                  0x08001c87   Thumb Code    18  stm32f10x_tim.o(.text)
    TIM_SelectSlaveMode                      0x08001c99   Thumb Code    18  stm32f10x_tim.o(.text)
    TIM_SelectMasterSlaveMode                0x08001cab   Thumb Code    18  stm32f10x_tim.o(.text)
    TIM_SetCounter                           0x08001cbd   Thumb Code     4  stm32f10x_tim.o(.text)
    TIM_SetAutoreload                        0x08001cc1   Thumb Code     4  stm32f10x_tim.o(.text)
    TIM_SetCompare1                          0x08001cc5   Thumb Code     4  stm32f10x_tim.o(.text)
    TIM_SetCompare2                          0x08001cc9   Thumb Code     4  stm32f10x_tim.o(.text)
    TIM_SetCompare3                          0x08001ccd   Thumb Code     4  stm32f10x_tim.o(.text)
    TIM_SetCompare4                          0x08001cd1   Thumb Code     6  stm32f10x_tim.o(.text)
    TIM_SetClockDivision                     0x08001cd7   Thumb Code    18  stm32f10x_tim.o(.text)
    TIM_GetCapture1                          0x08001ce9   Thumb Code     6  stm32f10x_tim.o(.text)
    TIM_GetCapture2                          0x08001cef   Thumb Code     6  stm32f10x_tim.o(.text)
    TIM_GetCapture3                          0x08001cf5   Thumb Code     6  stm32f10x_tim.o(.text)
    TIM_GetCapture4                          0x08001cfb   Thumb Code     8  stm32f10x_tim.o(.text)
    TIM_GetCounter                           0x08001d03   Thumb Code     6  stm32f10x_tim.o(.text)
    TIM_GetPrescaler                         0x08001d09   Thumb Code     6  stm32f10x_tim.o(.text)
    TIM_GetFlagStatus                        0x08001d0f   Thumb Code    18  stm32f10x_tim.o(.text)
    TIM_ClearFlag                            0x08001d21   Thumb Code     6  stm32f10x_tim.o(.text)
    TIM_GetITStatus                          0x08001d27   Thumb Code    34  stm32f10x_tim.o(.text)
    TIM_ClearITPendingBit                    0x08001d49   Thumb Code     6  stm32f10x_tim.o(.text)
    USART_DeInit                             0x08001d51   Thumb Code   134  stm32f10x_usart.o(.text)
    USART_Init                               0x08001dd7   Thumb Code   210  stm32f10x_usart.o(.text)
    USART_StructInit                         0x08001ea9   Thumb Code    24  stm32f10x_usart.o(.text)
    USART_ClockInit                          0x08001ec1   Thumb Code    34  stm32f10x_usart.o(.text)
    USART_ClockStructInit                    0x08001ee3   Thumb Code    12  stm32f10x_usart.o(.text)
    USART_Cmd                                0x08001eef   Thumb Code    24  stm32f10x_usart.o(.text)
    USART_ITConfig                           0x08001f07   Thumb Code    74  stm32f10x_usart.o(.text)
    USART_DMACmd                             0x08001f51   Thumb Code    18  stm32f10x_usart.o(.text)
    USART_SetAddress                         0x08001f63   Thumb Code    18  stm32f10x_usart.o(.text)
    USART_WakeUpConfig                       0x08001f75   Thumb Code    18  stm32f10x_usart.o(.text)
    USART_ReceiverWakeUpCmd                  0x08001f87   Thumb Code    24  stm32f10x_usart.o(.text)
    USART_LINBreakDetectLengthConfig         0x08001f9f   Thumb Code    18  stm32f10x_usart.o(.text)
    USART_LINCmd                             0x08001fb1   Thumb Code    24  stm32f10x_usart.o(.text)
    USART_SendData                           0x08001fc9   Thumb Code     8  stm32f10x_usart.o(.text)
    USART_ReceiveData                        0x08001fd1   Thumb Code    10  stm32f10x_usart.o(.text)
    USART_SendBreak                          0x08001fdb   Thumb Code    10  stm32f10x_usart.o(.text)
    USART_SetGuardTime                       0x08001fe5   Thumb Code    16  stm32f10x_usart.o(.text)
    USART_SetPrescaler                       0x08001ff5   Thumb Code    16  stm32f10x_usart.o(.text)
    USART_SmartCardCmd                       0x08002005   Thumb Code    24  stm32f10x_usart.o(.text)
    USART_SmartCardNACKCmd                   0x0800201d   Thumb Code    24  stm32f10x_usart.o(.text)
    USART_HalfDuplexCmd                      0x08002035   Thumb Code    24  stm32f10x_usart.o(.text)
    USART_OverSampling8Cmd                   0x0800204d   Thumb Code    22  stm32f10x_usart.o(.text)
    USART_OneBitMethodCmd                    0x08002063   Thumb Code    24  stm32f10x_usart.o(.text)
    USART_IrDAConfig                         0x0800207b   Thumb Code    18  stm32f10x_usart.o(.text)
    USART_IrDACmd                            0x0800208d   Thumb Code    24  stm32f10x_usart.o(.text)
    USART_GetFlagStatus                      0x080020a5   Thumb Code    26  stm32f10x_usart.o(.text)
    USART_ClearFlag                          0x080020bf   Thumb Code    18  stm32f10x_usart.o(.text)
    USART_GetITStatus                        0x080020d1   Thumb Code    84  stm32f10x_usart.o(.text)
    USART_ClearITPendingBit                  0x08002125   Thumb Code    52  stm32f10x_usart.o(.text)
    Delay                                    0x08002159   Thumb Code    18  main.o(.text)
    main                                     0x0800216b   Thumb Code   100  main.o(.text)
    NMI_Handler                              0x080022cd   Thumb Code     2  stm32f10x_it.o(.text)
    HardFault_Handler                        0x080022cf   Thumb Code     4  stm32f10x_it.o(.text)
    MemManage_Handler                        0x080022d3   Thumb Code     4  stm32f10x_it.o(.text)
    BusFault_Handler                         0x080022d7   Thumb Code     4  stm32f10x_it.o(.text)
    UsageFault_Handler                       0x080022db   Thumb Code     4  stm32f10x_it.o(.text)
    SVC_Handler                              0x080022df   Thumb Code     2  stm32f10x_it.o(.text)
    DebugMon_Handler                         0x080022e1   Thumb Code     2  stm32f10x_it.o(.text)
    PendSV_Handler                           0x080022e3   Thumb Code     2  stm32f10x_it.o(.text)
    SysTick_Handler                          0x080022e5   Thumb Code     2  stm32f10x_it.o(.text)
    ADC1_2_IRQHandler                        0x080022e7   Thumb Code    38  stm32f10x_it.o(.text)
    USART_Config                             0x0800233b   Thumb Code   136  bsp_usart.o(.text)
    Usart_SendByte                           0x080023c3   Thumb Code    30  bsp_usart.o(.text)
    Usart_SendArray                          0x080023e1   Thumb Code    48  bsp_usart.o(.text)
    Usart_SendString                         0x08002411   Thumb Code    42  bsp_usart.o(.text)
    Usart_SendHalfWord                       0x0800243b   Thumb Code    60  bsp_usart.o(.text)
    fputc                                    0x08002477   Thumb Code    32  bsp_usart.o(.text)
    fgetc                                    0x08002497   Thumb Code    26  bsp_usart.o(.text)
    PhotoResistor_Init                       0x0800259d   Thumb Code    16  bsp_photoresistor.o(.text)
    AppData_Init                             0x080025b5   Thumb Code    28  application_data_manager.o(.text)
    AppData_UpdateLight                      0x080025d1   Thumb Code    10  application_data_manager.o(.text)
    AppData_ReadHolding                      0x080025db   Thumb Code    60  application_data_manager.o(.text)
    AppData_WriteHolding                     0x08002617   Thumb Code    24  application_data_manager.o(.text)
    app_get_light_value                      0x0800262f   Thumb Code     6  application_data_manager.o(.text)
    app_read_holding                         0x08002635   Thumb Code    20  application_data_manager.o(.text)
    app_write_single_holding                 0x08002649   Thumb Code    16  application_data_manager.o(.text)
    ModbusSlave_ProcessFrame                 0x080026e7   Thumb Code   484  modbus_slave_protocol.o(.text)
    MB_RTU_Init                              0x08002909   Thumb Code    14  modbus_rtu_link.o(.text)
    MB_RTU_RegisterFrameReady                0x08002917   Thumb Code     6  modbus_rtu_link.o(.text)
    modbus_rtu_on_rx_byte                    0x0800291d   Thumb Code    56  modbus_rtu_link.o(.text)
    MB_RTU_Process                           0x08002955   Thumb Code    78  modbus_rtu_link.o(.text)
    Modbus_CRC16                             0x080029c9   Thumb Code    46  modbus_crc.o(.text)
    RS485_DelayUs                            0x08002a01   Thumb Code    28  usart2_rs485_driver.o(.text)
    RS485_Init                               0x08002b45   Thumb Code    38  usart2_rs485_driver.o(.text)
    RS485_SetDirTx                           0x08002b6b   Thumb Code     8  usart2_rs485_driver.o(.text)
    RS485_SetDirRx                           0x08002b73   Thumb Code     8  usart2_rs485_driver.o(.text)
    RS485_IsBusy                             0x08002b7b   Thumb Code     6  usart2_rs485_driver.o(.text)
    RS485_SendBytes                          0x08002b81   Thumb Code    90  usart2_rs485_driver.o(.text)
    RS485_GetByte                            0x08002bdb   Thumb Code    50  usart2_rs485_driver.o(.text)
    USART3_IRQHandler                        0x08002c0d   Thumb Code   300  usart2_rs485_driver.o(.text)
    TIM4_TickInit                            0x08002ded   Thumb Code    14  tim4_tick_driver.o(.text)
    TIM4_GetTick                             0x08002dfb   Thumb Code     6  tim4_tick_driver.o(.text)
    TIM4_GetElapsed                          0x08002e01   Thumb Code    10  tim4_tick_driver.o(.text)
    TIM4_IRQHandler                          0x08002e0b   Thumb Code    32  tim4_tick_driver.o(.text)
    __aeabi_uldivmod                         0x08002e35   Thumb Code    98  uldiv.o(.text)
    __scatterload                            0x08002e99   Thumb Code    28  init.o(.text)
    __scatterload_rt2                        0x08002e99   Thumb Code     0  init.o(.text)
    __aeabi_llsl                             0x08002ebd   Thumb Code    30  llshl.o(.text)
    _ll_shift_l                              0x08002ebd   Thumb Code     0  llshl.o(.text)
    __aeabi_llsr                             0x08002edb   Thumb Code    32  llushr.o(.text)
    _ll_ushift_r                             0x08002edb   Thumb Code     0  llushr.o(.text)
    __0printf$8                              0x08002efd   Thumb Code    22  printf8.o(i.__0printf$8)
    __1printf$8                              0x08002efd   Thumb Code     0  printf8.o(i.__0printf$8)
    __2printf                                0x08002efd   Thumb Code     0  printf8.o(i.__0printf$8)
    __scatterload_copy                       0x08002f1d   Thumb Code    14  handlers.o(i.__scatterload_copy)
    __scatterload_null                       0x08002f2b   Thumb Code     2  handlers.o(i.__scatterload_null)
    __scatterload_zeroinit                   0x08002f2d   Thumb Code    14  handlers.o(i.__scatterload_zeroinit)
    Region$$Table$$Base                      0x08003594   Number         0  anon$$obj.o(Region$$Table)
    Region$$Table$$Limit                     0x080035b4   Number         0  anon$$obj.o(Region$$Table)
    SystemCoreClock                          0x20000000   Data           4  system_stm32f10x.o(.data)
    AHBPrescTable                            0x20000004   Data          16  system_stm32f10x.o(.data)
    ADC_ConvertedValue                       0x20000028   Data           2  bsp_photoresistor.o(.data)
    __stdout                                 0x2000004c   Data           4  stdout.o(.data)
    __initial_sp                             0x20000950   Data           0  startup_stm32f10x_md.o(STACK)



==============================================================================

Memory Map of the image

  Image Entry point : 0x080000ed

  Load Region LR_IROM1 (Base: 0x08000000, Size: 0x00003604, Max: 0x00010000, ABSOLUTE)

    Execution Region ER_IROM1 (Exec base: 0x08000000, Load base: 0x08000000, Size: 0x000035b4, Max: 0x00010000, ABSOLUTE)

    Exec Addr    Load Addr    Size         Type   Attr      Idx    E Section Name        Object

    0x08000000   0x08000000   0x000000ec   Data   RO            3    RESET               startup_stm32f10x_md.o
    0x080000ec   0x080000ec   0x00000000   Code   RO          599  * .ARM.Collect$$$$00000000  mc_w.l(entry.o)
    0x080000ec   0x080000ec   0x00000004   Code   RO          863    .ARM.Collect$$$$00000001  mc_w.l(entry2.o)
    0x080000f0   0x080000f0   0x00000004   Code   RO          866    .ARM.Collect$$$$00000004  mc_w.l(entry5.o)
    0x080000f4   0x080000f4   0x00000000   Code   RO          868    .ARM.Collect$$$$00000008  mc_w.l(entry7b.o)
    0x080000f4   0x080000f4   0x00000000   Code   RO          870    .ARM.Collect$$$$0000000A  mc_w.l(entry8b.o)
    0x080000f4   0x080000f4   0x00000008   Code   RO          871    .ARM.Collect$$$$0000000B  mc_w.l(entry9a.o)
    0x080000fc   0x080000fc   0x00000004   Code   RO          878    .ARM.Collect$$$$0000000E  mc_w.l(entry12b.o)
    0x08000100   0x08000100   0x00000000   Code   RO          873    .ARM.Collect$$$$0000000F  mc_w.l(entry10a.o)
    0x08000100   0x08000100   0x00000000   Code   RO          875    .ARM.Collect$$$$00000011  mc_w.l(entry11a.o)
    0x08000100   0x08000100   0x00000004   Code   RO          864    .ARM.Collect$$$$00002712  mc_w.l(entry2.o)
    0x08000104   0x08000104   0x00000024   Code   RO            4    .text               startup_stm32f10x_md.o
    0x08000128   0x08000128   0x000001e0   Code   RO           24    .text               system_stm32f10x.o
    0x08000308   0x08000308   0x000000dc   Code   RO          121    .text               misc.o
    0x080003e4   0x080003e4   0x0000044e   Code   RO          137    .text               stm32f10x_adc.o
    0x08000832   0x08000832   0x00000002   PAD
    0x08000834   0x08000834   0x0000035c   Code   RO          269    .text               stm32f10x_gpio.o
    0x08000b90   0x08000b90   0x000003a4   Code   RO          317    .text               stm32f10x_rcc.o
    0x08000f34   0x08000f34   0x00000e1a   Code   RO          367    .text               stm32f10x_tim.o
    0x08001d4e   0x08001d4e   0x00000002   PAD
    0x08001d50   0x08001d50   0x00000408   Code   RO          379    .text               stm32f10x_usart.o
    0x08002158   0x08002158   0x00000174   Code   RO          403    .text               main.o
    0x080022cc   0x080022cc   0x00000048   Code   RO          441    .text               stm32f10x_it.o
    0x08002314   0x08002314   0x000001a4   Code   RO          460    .text               bsp_usart.o
    0x080024b8   0x080024b8   0x000000fc   Code   RO          472    .text               bsp_photoresistor.o
    0x080025b4   0x080025b4   0x000000ac   Code   RO          487    .text               application_data_manager.o
    0x08002660   0x08002660   0x000002a8   Code   RO          505    .text               modbus_slave_protocol.o
    0x08002908   0x08002908   0x000000c0   Code   RO          535    .text               modbus_rtu_link.o
    0x080029c8   0x080029c8   0x00000038   Code   RO          556    .text               modbus_crc.o
    0x08002a00   0x08002a00   0x00000380   Code   RO          570    .text               usart2_rs485_driver.o
    0x08002d80   0x08002d80   0x000000b4   Code   RO          585    .text               tim4_tick_driver.o
    0x08002e34   0x08002e34   0x00000062   Code   RO          882    .text               mc_w.l(uldiv.o)
    0x08002e96   0x08002e96   0x00000002   PAD
    0x08002e98   0x08002e98   0x00000024   Code   RO          895    .text               mc_w.l(init.o)
    0x08002ebc   0x08002ebc   0x0000001e   Code   RO          897    .text               mc_w.l(llshl.o)
    0x08002eda   0x08002eda   0x00000020   Code   RO          899    .text               mc_w.l(llushr.o)
    0x08002efa   0x08002efa   0x00000002   PAD
    0x08002efc   0x08002efc   0x00000020   Code   RO          809    i.__0printf$8       mc_w.l(printf8.o)
    0x08002f1c   0x08002f1c   0x0000000e   Code   RO          907    i.__scatterload_copy  mc_w.l(handlers.o)
    0x08002f2a   0x08002f2a   0x00000002   Code   RO          908    i.__scatterload_null  mc_w.l(handlers.o)
    0x08002f2c   0x08002f2c   0x0000000e   Code   RO          909    i.__scatterload_zeroinit  mc_w.l(handlers.o)
    0x08002f3a   0x08002f3a   0x00000002   PAD
    0x08002f3c   0x08002f3c   0x00000404   Code   RO          816    i._printf_core      mc_w.l(printf8.o)
    0x08003340   0x08003340   0x00000024   Code   RO          817    i._printf_post_padding  mc_w.l(printf8.o)
    0x08003364   0x08003364   0x0000002e   Code   RO          818    i._printf_pre_padding  mc_w.l(printf8.o)
    0x08003392   0x08003392   0x00000200   Data   RO          557    .constdata          modbus_crc.o
    0x08003592   0x08003592   0x00000002   PAD
    0x08003594   0x08003594   0x00000020   Data   RO          905    Region$$Table       anon$$obj.o


    Execution Region RW_IRAM1 (Exec base: 0x20000000, Load base: 0x080035b4, Size: 0x00000950, Max: 0x00005000, ABSOLUTE)

    Exec Addr    Load Addr    Size         Type   Attr      Idx    E Section Name        Object

    0x20000000   0x080035b4   0x00000014   Data   RW           25    .data               system_stm32f10x.o
    0x20000014   0x080035c8   0x00000014   Data   RW          318    .data               stm32f10x_rcc.o
    0x20000028   0x080035dc   0x00000002   Data   RW          473    .data               bsp_photoresistor.o
    0x2000002a   0x080035de   0x00000002   Data   RW          488    .data               application_data_manager.o
    0x2000002c   0x080035e0   0x0000000c   Data   RW          537    .data               modbus_rtu_link.o
    0x20000038   0x080035ec   0x0000000e   Data   RW          572    .data               usart2_rs485_driver.o
    0x20000046   0x080035fa   0x00000002   PAD
    0x20000048   0x080035fc   0x00000004   Data   RW          586    .data               tim4_tick_driver.o
    0x2000004c   0x08003600   0x00000004   Data   RW          879    .data               mc_w.l(stdout.o)
    0x20000050        -       0x00000100   Zero   RW          506    .bss                modbus_slave_protocol.o
    0x20000150        -       0x00000100   Zero   RW          536    .bss                modbus_rtu_link.o
    0x20000250        -       0x00000100   Zero   RW          571    .bss                usart2_rs485_driver.o
    0x20000350        -       0x00000600   Zero   RW            1    STACK               startup_stm32f10x_md.o


==============================================================================

Image component sizes


      Code (inc. data)   RO Data    RW Data    ZI Data      Debug   Object Name

       172          8          0          2          0       2987   application_data_manager.o
       252          8          0          2          0       1746   bsp_photoresistor.o
       420          8          0          0          0       2646   bsp_usart.o
         0          0          0          0          0       4508   core_cm3.o
       372        254          0          0          0       2578   main.o
       220         22          0          0          0       1837   misc.o
        56         10        512          0          0       1347   modbus_crc.o
       192         26          0         12        256       2625   modbus_rtu_link.o
       680         50          0          0        256       3403   modbus_slave_protocol.o
        36          8        236          0       1536        876   startup_stm32f10x_md.o
      1102         26          0          0          0      11073   stm32f10x_adc.o
       860         38          0          0          0       5765   stm32f10x_gpio.o
        72          8          0          0          0       1416   stm32f10x_it.o
       932         36          0         20          0       8952   stm32f10x_rcc.o
      3610         88          0          0          0      22876   stm32f10x_tim.o
      1032         22          0          0          0       8492   stm32f10x_usart.o
       480         38          0         20          0     258031   system_stm32f10x.o
       180         10          0          4          0       1833   tim4_tick_driver.o
       896         46          0         14        256       4170   usart2_rs485_driver.o

    ----------------------------------------------------------------------
     11568        706        782         76       2304     347161   Object Totals
         0          0         32          0          0          0   (incl. Generated)
         4          0          2          2          0          0   (incl. Padding)

    ----------------------------------------------------------------------

      Code (inc. data)   RO Data    RW Data    ZI Data      Debug   Library Member Name

         0          0          0          0          0          0   entry.o
         0          0          0          0          0          0   entry10a.o
         0          0          0          0          0          0   entry11a.o
         4          0          0          0          0          0   entry12b.o
         8          4          0          0          0          0   entry2.o
         4          0          0          0          0          0   entry5.o
         0          0          0          0          0          0   entry7b.o
         0          0          0          0          0          0   entry8b.o
         8          4          0          0          0          0   entry9a.o
        30          0          0          0          0          0   handlers.o
        36          8          0          0          0         68   init.o
        30          0          0          0          0         68   llshl.o
        32          0          0          0          0         68   llushr.o
      1142         54          0          0          0        352   printf8.o
         0          0          0          4          0          0   stdout.o
        98          0          0          0          0         92   uldiv.o

    ----------------------------------------------------------------------
      1398         70          0          4          0        648   Library Totals
         6          0          0          0          0          0   (incl. Padding)

    ----------------------------------------------------------------------

      Code (inc. data)   RO Data    RW Data    ZI Data      Debug   Library Name

      1392         70          0          4          0        648   mc_w.l

    ----------------------------------------------------------------------
      1398         70          0          4          0        648   Library Totals

    ----------------------------------------------------------------------

==============================================================================


      Code (inc. data)   RO Data    RW Data    ZI Data      Debug   

     12966        776        782         80       2304     345881   Grand Totals
     12966        776        782         80       2304     345881   ELF Image Totals
     12966        776        782         80          0          0   ROM Totals

==============================================================================

    Total RO  Size (Code + RO Data)                13748 (  13.43kB)
    Total RW  Size (RW Data + ZI Data)              2384 (   2.33kB)
    Total ROM Size (Code + RO Data + RW Data)      13828 (  13.50kB)

==============================================================================

