Component: ARM Compiler 5.06 update 7 (build 960) Tool: armlink [4d3601]

==============================================================================

Section Cross References

    startup_stm32f10x_md.o(RESET) refers to startup_stm32f10x_md.o(STACK) for __initial_sp
    startup_stm32f10x_md.o(RESET) refers to startup_stm32f10x_md.o(.text) for Reset_Handler
    startup_stm32f10x_md.o(RESET) refers to stm32f10x_it.o(i.NMI_Handler) for NMI_Handler
    startup_stm32f10x_md.o(RESET) refers to stm32f10x_it.o(i.HardFault_Handler) for HardFault_Handler
    startup_stm32f10x_md.o(RESET) refers to stm32f10x_it.o(i.MemManage_Handler) for MemManage_Handler
    startup_stm32f10x_md.o(RESET) refers to stm32f10x_it.o(i.BusFault_Handler) for BusFault_Handler
    startup_stm32f10x_md.o(RESET) refers to stm32f10x_it.o(i.UsageFault_Handler) for UsageFault_Handler
    startup_stm32f10x_md.o(RESET) refers to stm32f10x_it.o(i.SVC_Handler) for SVC_Handler
    startup_stm32f10x_md.o(RESET) refers to stm32f10x_it.o(i.DebugMon_Handler) for DebugMon_Handler
    startup_stm32f10x_md.o(RESET) refers to stm32f10x_it.o(i.PendSV_Handler) for PendSV_Handler
    startup_stm32f10x_md.o(RESET) refers to stm32f10x_it.o(i.SysTick_Handler) for SysTick_Handler
    startup_stm32f10x_md.o(RESET) refers to bsp_mq2.o(i.ADC1_2_IRQHandler) for ADC1_2_IRQHandler
    startup_stm32f10x_md.o(RESET) refers to tim4_tick_driver.o(i.TIM4_IRQHandler) for TIM4_IRQHandler
    startup_stm32f10x_md.o(RESET) refers to usart2_rs485_driver.o(i.USART3_IRQHandler) for USART3_IRQHandler
    startup_stm32f10x_md.o(.text) refers to system_stm32f10x.o(i.SystemInit) for SystemInit
    startup_stm32f10x_md.o(.text) refers to entry.o(.ARM.Collect$$$$00000000) for __main
    system_stm32f10x.o(i.SetSysClock) refers to system_stm32f10x.o(i.SetSysClockTo72) for SetSysClockTo72
    system_stm32f10x.o(i.SystemCoreClockUpdate) refers to system_stm32f10x.o(.data) for SystemCoreClock
    system_stm32f10x.o(i.SystemInit) refers to system_stm32f10x.o(i.SetSysClock) for SetSysClock
    stm32f10x_adc.o(i.ADC_DeInit) refers to stm32f10x_rcc.o(i.RCC_APB2PeriphResetCmd) for RCC_APB2PeriphResetCmd
    stm32f10x_bkp.o(i.BKP_DeInit) refers to stm32f10x_rcc.o(i.RCC_BackupResetCmd) for RCC_BackupResetCmd
    stm32f10x_can.o(i.CAN_DeInit) refers to stm32f10x_rcc.o(i.RCC_APB1PeriphResetCmd) for RCC_APB1PeriphResetCmd
    stm32f10x_can.o(i.CAN_GetITStatus) refers to stm32f10x_can.o(i.CheckITStatus) for CheckITStatus
    stm32f10x_cec.o(i.CEC_DeInit) refers to stm32f10x_rcc.o(i.RCC_APB1PeriphResetCmd) for RCC_APB1PeriphResetCmd
    stm32f10x_dac.o(i.DAC_DeInit) refers to stm32f10x_rcc.o(i.RCC_APB1PeriphResetCmd) for RCC_APB1PeriphResetCmd
    stm32f10x_flash.o(i.FLASH_EnableWriteProtection) refers to stm32f10x_flash.o(i.FLASH_WaitForLastOperation) for FLASH_WaitForLastOperation
    stm32f10x_flash.o(i.FLASH_EraseAllBank1Pages) refers to stm32f10x_flash.o(i.FLASH_WaitForLastBank1Operation) for FLASH_WaitForLastBank1Operation
    stm32f10x_flash.o(i.FLASH_EraseAllPages) refers to stm32f10x_flash.o(i.FLASH_WaitForLastOperation) for FLASH_WaitForLastOperation
    stm32f10x_flash.o(i.FLASH_EraseOptionBytes) refers to stm32f10x_flash.o(i.FLASH_GetReadOutProtectionStatus) for FLASH_GetReadOutProtectionStatus
    stm32f10x_flash.o(i.FLASH_EraseOptionBytes) refers to stm32f10x_flash.o(i.FLASH_WaitForLastOperation) for FLASH_WaitForLastOperation
    stm32f10x_flash.o(i.FLASH_ErasePage) refers to stm32f10x_flash.o(i.FLASH_WaitForLastOperation) for FLASH_WaitForLastOperation
    stm32f10x_flash.o(i.FLASH_ProgramHalfWord) refers to stm32f10x_flash.o(i.FLASH_WaitForLastOperation) for FLASH_WaitForLastOperation
    stm32f10x_flash.o(i.FLASH_ProgramOptionByteData) refers to stm32f10x_flash.o(i.FLASH_WaitForLastOperation) for FLASH_WaitForLastOperation
    stm32f10x_flash.o(i.FLASH_ProgramWord) refers to stm32f10x_flash.o(i.FLASH_WaitForLastOperation) for FLASH_WaitForLastOperation
    stm32f10x_flash.o(i.FLASH_ReadOutProtection) refers to stm32f10x_flash.o(i.FLASH_WaitForLastOperation) for FLASH_WaitForLastOperation
    stm32f10x_flash.o(i.FLASH_UserOptionByteConfig) refers to stm32f10x_flash.o(i.FLASH_WaitForLastOperation) for FLASH_WaitForLastOperation
    stm32f10x_flash.o(i.FLASH_WaitForLastBank1Operation) refers to stm32f10x_flash.o(i.FLASH_GetBank1Status) for FLASH_GetBank1Status
    stm32f10x_flash.o(i.FLASH_WaitForLastOperation) refers to stm32f10x_flash.o(i.FLASH_GetBank1Status) for FLASH_GetBank1Status
    stm32f10x_gpio.o(i.GPIO_AFIODeInit) refers to stm32f10x_rcc.o(i.RCC_APB2PeriphResetCmd) for RCC_APB2PeriphResetCmd
    stm32f10x_gpio.o(i.GPIO_DeInit) refers to stm32f10x_rcc.o(i.RCC_APB2PeriphResetCmd) for RCC_APB2PeriphResetCmd
    stm32f10x_i2c.o(i.I2C_DeInit) refers to stm32f10x_rcc.o(i.RCC_APB1PeriphResetCmd) for RCC_APB1PeriphResetCmd
    stm32f10x_i2c.o(i.I2C_Init) refers to stm32f10x_rcc.o(i.RCC_GetClocksFreq) for RCC_GetClocksFreq
[...]
    Removing stm32f10x_rcc.o(i.RCC_GetSYSCLKSource), (16 bytes).
    Removing stm32f10x_rcc.o(i.RCC_HCLKConfig), (24 bytes).
    Removing stm32f10x_rcc.o(i.RCC_HSEConfig), (76 bytes).
    Removing stm32f10x_rcc.o(i.RCC_HSICmd), (12 bytes).
    Removing stm32f10x_rcc.o(i.RCC_ITConfig), (32 bytes).
    Removing stm32f10x_rcc.o(i.RCC_LSEConfig), (52 bytes).
    Removing stm32f10x_rcc.o(i.RCC_LSICmd), (12 bytes).
    Removing stm32f10x_rcc.o(i.RCC_MCOConfig), (12 bytes).
    Removing stm32f10x_rcc.o(i.RCC_PCLK1Config), (24 bytes).
    Removing stm32f10x_rcc.o(i.RCC_PCLK2Config), (24 bytes).
    Removing stm32f10x_rcc.o(i.RCC_PLLCmd), (12 bytes).
    Removing stm32f10x_rcc.o(i.RCC_PLLConfig), (28 bytes).
    Removing stm32f10x_rcc.o(i.RCC_RTCCLKCmd), (12 bytes).
    Removing stm32f10x_rcc.o(i.RCC_RTCCLKConfig), (16 bytes).
    Removing stm32f10x_rcc.o(i.RCC_SYSCLKConfig), (24 bytes).
    Removing stm32f10x_rcc.o(i.RCC_USBCLKConfig), (12 bytes).
    Removing stm32f10x_rcc.o(i.RCC_WaitForHSEStartUp), (56 bytes).
    Removing stm32f10x_rtc.o(i.RTC_ClearFlag), (16 bytes).
    Removing stm32f10x_rtc.o(i.RTC_ClearITPendingBit), (16 bytes).
    Removing stm32f10x_rtc.o(i.RTC_EnterConfigMode), (20 bytes).
    Removing stm32f10x_rtc.o(i.RTC_ExitConfigMode), (20 bytes).
    Removing stm32f10x_rtc.o(i.RTC_GetCounter), (20 bytes).
    Removing stm32f10x_rtc.o(i.RTC_GetDivider), (24 bytes).
    Removing stm32f10x_rtc.o(i.RTC_GetFlagStatus), (24 bytes).
    Removing stm32f10x_rtc.o(i.RTC_GetITStatus), (36 bytes).
    Removing stm32f10x_rtc.o(i.RTC_ITConfig), (32 bytes).
    Removing stm32f10x_rtc.o(i.RTC_SetAlarm), (28 bytes).
    Removing stm32f10x_rtc.o(i.RTC_SetCounter), (28 bytes).
    Removing stm32f10x_rtc.o(i.RTC_SetPrescaler), (32 bytes).
    Removing stm32f10x_rtc.o(i.RTC_WaitForLastTask), (20 bytes).
    Removing stm32f10x_rtc.o(i.RTC_WaitForSynchro), (36 bytes).
    Removing stm32f10x_sdio.o(i.SDIO_CEATAITCmd), (16 bytes).
    Removing stm32f10x_sdio.o(i.SDIO_ClearFlag), (12 bytes).
    Removing stm32f10x_sdio.o(i.SDIO_ClearITPendingBit), (12 bytes).
    Removing stm32f10x_sdio.o(i.SDIO_ClockCmd), (12 bytes).
    Removing stm32f10x_sdio.o(i.SDIO_CmdStructInit), (14 bytes).
    Removing stm32f10x_sdio.o(i.SDIO_CommandCompletionCmd), (12 bytes).
    Removing stm32f10x_sdio.o(i.SDIO_DMACmd), (12 bytes).
    Removing stm32f10x_sdio.o(i.SDIO_DataConfig), (48 bytes).
    Removing stm32f10x_sdio.o(i.SDIO_DataStructInit), (20 bytes).
    Removing stm32f10x_sdio.o(i.SDIO_DeInit), (36 bytes).
    Removing stm32f10x_sdio.o(i.SDIO_GetCommandResponse), (12 bytes).
    Removing stm32f10x_sdio.o(i.SDIO_GetDataCounter), (12 bytes).
    Removing stm32f10x_sdio.o(i.SDIO_GetFIFOCount), (12 bytes).
    Removing stm32f10x_sdio.o(i.SDIO_GetFlagStatus), (24 bytes).
    Removing stm32f10x_sdio.o(i.SDIO_GetITStatus), (24 bytes).
    Removing stm32f10x_sdio.o(i.SDIO_GetPowerState), (16 bytes).
    Removing stm32f10x_sdio.o(i.SDIO_GetResponse), (24 bytes).
    Removing stm32f10x_sdio.o(i.SDIO_ITConfig), (32 bytes).
    Removing stm32f10x_sdio.o(i.SDIO_Init), (48 bytes).
    Removing stm32f10x_sdio.o(i.SDIO_ReadData), (12 bytes).
    Removing stm32f10x_sdio.o(i.SDIO_SendCEATACmd), (12 bytes).
    Removing stm32f10x_sdio.o(i.SDIO_SendCommand), (44 bytes).
    Removing stm32f10x_sdio.o(i.SDIO_SendSDIOSuspendCmd), (12 bytes).
    Removing stm32f10x_sdio.o(i.SDIO_SetPowerState), (28 bytes).
    Removing stm32f10x_sdio.o(i.SDIO_SetSDIOOperation), (12 bytes).
    Removing stm32f10x_sdio.o(i.SDIO_SetSDIOReadWaitMode), (12 bytes).
    Removing stm32f10x_sdio.o(i.SDIO_StartSDIOReadWait), (12 bytes).
    Removing stm32f10x_sdio.o(i.SDIO_StopSDIOReadWait), (12 bytes).
    Removing stm32f10x_sdio.o(i.SDIO_StructInit), (16 bytes).
    Removing stm32f10x_sdio.o(i.SDIO_WriteData), (12 bytes).
    Removing stm32f10x_spi.o(i.I2S_Cmd), (24 bytes).
    Removing stm32f10x_spi.o(i.I2S_Init), (232 bytes).
    Removing stm32f10x_spi.o(i.I2S_StructInit), (20 bytes).
    Removing stm32f10x_spi.o(i.SPI_BiDirectionalLineConfig), (28 bytes).
    Removing stm32f10x_spi.o(i.SPI_CalculateCRC), (24 bytes).
    Removing stm32f10x_spi.o(i.SPI_Cmd), (24 bytes).
    Removing stm32f10x_spi.o(i.SPI_DataSizeConfig), (18 bytes).
    Removing stm32f10x_spi.o(i.SPI_GetCRC), (16 bytes).
    Removing stm32f10x_spi.o(i.SPI_GetCRCPolynomial), (6 bytes).
    Removing stm32f10x_spi.o(i.SPI_I2S_ClearFlag), (6 bytes).
    Removing stm32f10x_spi.o(i.SPI_I2S_ClearITPendingBit), (20 bytes).
    Removing stm32f10x_spi.o(i.SPI_I2S_DMACmd), (18 bytes).
    Removing stm32f10x_spi.o(i.SPI_I2S_DeInit), (88 bytes).
    Removing stm32f10x_spi.o(i.SPI_I2S_GetFlagStatus), (18 bytes).
    Removing stm32f10x_spi.o(i.SPI_I2S_GetITStatus), (52 bytes).
    Removing stm32f10x_spi.o(i.SPI_I2S_ITConfig), (32 bytes).
    Removing stm32f10x_spi.o(i.SPI_I2S_ReceiveData), (6 bytes).
    Removing stm32f10x_spi.o(i.SPI_I2S_SendData), (4 bytes).
    Removing stm32f10x_spi.o(i.SPI_Init), (60 bytes).
    Removing stm32f10x_spi.o(i.SPI_NSSInternalSoftwareConfig), (30 bytes).
    Removing stm32f10x_spi.o(i.SPI_SSOutputCmd), (24 bytes).
    Removing stm32f10x_spi.o(i.SPI_StructInit), (24 bytes).
    Removing stm32f10x_spi.o(i.SPI_TransmitCRC), (10 bytes).
    Removing stm32f10x_tim.o(i.TI1_Config), (128 bytes).
    Removing stm32f10x_tim.o(i.TI2_Config), (152 bytes).
    Removing stm32f10x_tim.o(i.TI3_Config), (144 bytes).
    Removing stm32f10x_tim.o(i.TI4_Config), (152 bytes).
    Removing stm32f10x_tim.o(i.TIM_ARRPreloadConfig), (24 bytes).
    Removing stm32f10x_tim.o(i.TIM_BDTRConfig), (32 bytes).
    Removing stm32f10x_tim.o(i.TIM_BDTRStructInit), (18 bytes).
    Removing stm32f10x_tim.o(i.TIM_CCPreloadControl), (24 bytes).
    Removing stm32f10x_tim.o(i.TIM_CCxCmd), (30 bytes).
    Removing stm32f10x_tim.o(i.TIM_CCxNCmd), (30 bytes).
    Removing stm32f10x_tim.o(i.TIM_ClearFlag), (6 bytes).
    Removing stm32f10x_tim.o(i.TIM_ClearOC1Ref), (18 bytes).
    Removing stm32f10x_tim.o(i.TIM_ClearOC2Ref), (24 bytes).
    Removing stm32f10x_tim.o(i.TIM_ClearOC3Ref), (18 bytes).
    Removing stm32f10x_tim.o(i.TIM_ClearOC4Ref), (24 bytes).
    Removing stm32f10x_tim.o(i.TIM_CounterModeConfig), (18 bytes).
    Removing stm32f10x_tim.o(i.TIM_CtrlPWMOutputs), (30 bytes).
    Removing stm32f10x_tim.o(i.TIM_DMACmd), (18 bytes).
    Removing stm32f10x_tim.o(i.TIM_DMAConfig), (10 bytes).
    Removing stm32f10x_tim.o(i.TIM_DeInit), (488 bytes).
    Removing stm32f10x_tim.o(i.TIM_ETRClockMode1Config), (54 bytes).
    Removing stm32f10x_tim.o(i.TIM_ETRClockMode2Config), (32 bytes).
    Removing stm32f10x_tim.o(i.TIM_ETRConfig), (28 bytes).
    Removing stm32f10x_tim.o(i.TIM_EncoderInterfaceConfig), (66 bytes).
    Removing stm32f10x_tim.o(i.TIM_ForcedOC1Config), (18 bytes).
    Removing stm32f10x_tim.o(i.TIM_ForcedOC2Config), (26 bytes).
    Removing stm32f10x_tim.o(i.TIM_ForcedOC3Config), (18 bytes).
    Removing stm32f10x_tim.o(i.TIM_ForcedOC4Config), (26 bytes).
    Removing stm32f10x_tim.o(i.TIM_GenerateEvent), (4 bytes).
    Removing stm32f10x_tim.o(i.TIM_GetCapture1), (6 bytes).
    Removing stm32f10x_tim.o(i.TIM_GetCapture2), (6 bytes).
    Removing stm32f10x_tim.o(i.TIM_GetCapture3), (6 bytes).
    Removing stm32f10x_tim.o(i.TIM_GetCapture4), (8 bytes).
    Removing stm32f10x_tim.o(i.TIM_GetCounter), (6 bytes).
    Removing stm32f10x_tim.o(i.TIM_GetFlagStatus), (18 bytes).
    Removing stm32f10x_tim.o(i.TIM_GetPrescaler), (6 bytes).
    Removing stm32f10x_tim.o(i.TIM_ICInit), (172 bytes).
    Removing stm32f10x_tim.o(i.TIM_ICStructInit), (18 bytes).
    Removing stm32f10x_tim.o(i.TIM_ITRxExternalClockConfig), (24 bytes).
    Removing stm32f10x_tim.o(i.TIM_InternalClockConfig), (12 bytes).
    Removing stm32f10x_tim.o(i.TIM_OC1FastConfig), (18 bytes).
    Removing stm32f10x_tim.o(i.TIM_OC1Init), (152 bytes).
    Removing stm32f10x_tim.o(i.TIM_OC1NPolarityConfig), (18 bytes).
    Removing stm32f10x_tim.o(i.TIM_OC1PolarityConfig), (18 bytes).
    Removing stm32f10x_tim.o(i.TIM_OC1PreloadConfig), (18 bytes).
    Removing stm32f10x_tim.o(i.TIM_OC2FastConfig), (26 bytes).
    Removing stm32f10x_tim.o(i.TIM_OC2Init), (164 bytes).
    Removing stm32f10x_tim.o(i.TIM_OC2NPolarityConfig), (26 bytes).
    Removing stm32f10x_tim.o(i.TIM_OC2PolarityConfig), (26 bytes).
    Removing stm32f10x_tim.o(i.TIM_OC2PreloadConfig), (26 bytes).
    Removing stm32f10x_tim.o(i.TIM_OC3FastConfig), (18 bytes).
    Removing stm32f10x_tim.o(i.TIM_OC3Init), (160 bytes).
    Removing stm32f10x_tim.o(i.TIM_OC3NPolarityConfig), (26 bytes).
    Removing stm32f10x_tim.o(i.TIM_OC3PolarityConfig), (26 bytes).
    Removing stm32f10x_tim.o(i.TIM_OC3PreloadConfig), (18 bytes).
    Removing stm32f10x_tim.o(i.TIM_OC4FastConfig), (26 bytes).
    Removing stm32f10x_tim.o(i.TIM_OC4Init), (124 bytes).
    Removing stm32f10x_tim.o(i.TIM_OC4PolarityConfig), (26 bytes).
    Removing stm32f10x_tim.o(i.TIM_OC4PreloadConfig), (26 bytes).
    Removing stm32f10x_tim.o(i.TIM_OCStructInit), (20 bytes).
    Removing stm32f10x_tim.o(i.TIM_PWMIConfig), (124 bytes).
    Removing stm32f10x_tim.o(i.TIM_PrescalerConfig), (6 bytes).
    Removing stm32f10x_tim.o(i.TIM_SelectCCDMA), (24 bytes).
    Removing stm32f10x_tim.o(i.TIM_SelectCOM), (24 bytes).
    Removing stm32f10x_tim.o(i.TIM_SelectHallSensor), (24 bytes).
    Removing stm32f10x_tim.o(i.TIM_SelectInputTrigger), (18 bytes).
    Removing stm32f10x_tim.o(i.TIM_SelectMasterSlaveMode), (18 bytes).
    Removing stm32f10x_tim.o(i.TIM_SelectOCxM), (82 bytes).
    Removing stm32f10x_tim.o(i.TIM_SelectOnePulseMode), (18 bytes).
    Removing stm32f10x_tim.o(i.TIM_SelectOutputTrigger), (18 bytes).
    Removing stm32f10x_tim.o(i.TIM_SelectSlaveMode), (18 bytes).
    Removing stm32f10x_tim.o(i.TIM_SetAutoreload), (4 bytes).
    Removing stm32f10x_tim.o(i.TIM_SetClockDivision), (18 bytes).
    Removing stm32f10x_tim.o(i.TIM_SetCompare1), (4 bytes).
    Removing stm32f10x_tim.o(i.TIM_SetCompare2), (4 bytes).
    Removing stm32f10x_tim.o(i.TIM_SetCompare3), (4 bytes).
    Removing stm32f10x_tim.o(i.TIM_SetCompare4), (6 bytes).
    Removing stm32f10x_tim.o(i.TIM_SetCounter), (4 bytes).
    Removing stm32f10x_tim.o(i.TIM_SetIC1Prescaler), (18 bytes).
    Removing stm32f10x_tim.o(i.TIM_SetIC2Prescaler), (26 bytes).
    Removing stm32f10x_tim.o(i.TIM_SetIC3Prescaler), (18 bytes).
    Removing stm32f10x_tim.o(i.TIM_SetIC4Prescaler), (26 bytes).
    Removing stm32f10x_tim.o(i.TIM_TIxExternalClockConfig), (62 bytes).
    Removing stm32f10x_tim.o(i.TIM_UpdateDisableConfig), (24 bytes).
    Removing stm32f10x_tim.o(i.TIM_UpdateRequestConfig), (24 bytes).
    Removing stm32f10x_usart.o(i.USART_ClearFlag), (18 bytes).
    Removing stm32f10x_usart.o(i.USART_ClockInit), (34 bytes).
    Removing stm32f10x_usart.o(i.USART_ClockStructInit), (12 bytes).
    Removing stm32f10x_usart.o(i.USART_DMACmd), (18 bytes).
    Removing stm32f10x_usart.o(i.USART_DeInit), (156 bytes).
    Removing stm32f10x_usart.o(i.USART_HalfDuplexCmd), (24 bytes).
    Removing stm32f10x_usart.o(i.USART_IrDACmd), (24 bytes).
    Removing stm32f10x_usart.o(i.USART_IrDAConfig), (18 bytes).
    Removing stm32f10x_usart.o(i.USART_LINBreakDetectLengthConfig), (18 bytes).
    Removing stm32f10x_usart.o(i.USART_LINCmd), (24 bytes).
    Removing stm32f10x_usart.o(i.USART_OneBitMethodCmd), (24 bytes).
    Removing stm32f10x_usart.o(i.USART_OverSampling8Cmd), (22 bytes).
    Removing stm32f10x_usart.o(i.USART_ReceiverWakeUpCmd), (24 bytes).
    Removing stm32f10x_usart.o(i.USART_SendBreak), (10 bytes).
    Removing stm32f10x_usart.o(i.USART_SetAddress), (18 bytes).
    Removing stm32f10x_usart.o(i.USART_SetGuardTime), (16 bytes).
    Removing stm32f10x_usart.o(i.USART_SetPrescaler), (16 bytes).
    Removing stm32f10x_usart.o(i.USART_SmartCardCmd), (24 bytes).
    Removing stm32f10x_usart.o(i.USART_SmartCardNACKCmd), (24 bytes).
    Removing stm32f10x_usart.o(i.USART_WakeUpConfig), (18 bytes).
    Removing stm32f10x_wwdg.o(i.WWDG_ClearFlag), (12 bytes).
    Removing stm32f10x_wwdg.o(i.WWDG_DeInit), (22 bytes).
    Removing stm32f10x_wwdg.o(i.WWDG_Enable), (16 bytes).
    Removing stm32f10x_wwdg.o(i.WWDG_EnableIT), (12 bytes).
    Removing stm32f10x_wwdg.o(i.WWDG_GetFlagStatus), (12 bytes).
    Removing stm32f10x_wwdg.o(i.WWDG_SetCounter), (16 bytes).
    Removing stm32f10x_wwdg.o(i.WWDG_SetPrescaler), (24 bytes).
    Removing stm32f10x_wwdg.o(i.WWDG_SetWindowValue), (40 bytes).
    Removing bsp_usart.o(i.Usart_SendArray), (48 bytes).
    Removing bsp_usart.o(i.Usart_SendByte), (30 bytes).
    Removing bsp_usart.o(i.Usart_SendHalfWord), (60 bytes).
    Removing bsp_usart.o(i.Usart_SendString), (42 bytes).
    Removing bsp_usart.o(i.fgetc), (32 bytes).
    Removing application_data_manager.o(i.app_get_smoke_ppm), (12 bytes).
    Removing modbus_rtu_link.o(i.MB_RTU_RegisterFrameReady), (12 bytes).
    Removing usart2_rs485_driver.o(i.RS485_GetByte), (64 bytes).
    Removing usart2_rs485_driver.o(i.RS485_IsBusy), (12 bytes).
    Removing usart2_rs485_driver.o(i.RS485_SetDirRx), (8 bytes).
    Removing usart2_rs485_driver.o(i.RS485_SetDirTx), (8 bytes).
    Removing usart2_rs485_driver.o(i.prv_wait_tc_and_dir_rx), (56 bytes).
    Removing dfixul.o(.text), (48 bytes).
    Removing cdcmple.o(.text), (48 bytes).

453 unused section(s) (total 18440 bytes) removed from the image.

==============================================================================

Image Symbol Table

    Local Symbols

    Symbol Name                              Value     Ov Type        Size  Object(Section)

    ../clib/microlib/division.c              0x00000000   Number         0  uidiv.o ABSOLUTE
    ../clib/microlib/division.c              0x00000000   Number         0  uldiv.o ABSOLUTE
    ../clib/microlib/errno.c                 0x00000000   Number         0  errno.o ABSOLUTE
    ../clib/microlib/init/entry.s            0x00000000   Number         0  entry5.o ABSOLUTE
    ../clib/microlib/init/entry.s            0x00000000   Number         0  entry11b.o ABSOLUTE
    ../clib/microlib/init/entry.s            0x00000000   Number         0  entry9a.o ABSOLUTE
    ../clib/microlib/init/entry.s            0x00000000   Number         0  entry11a.o ABSOLUTE
    ../clib/microlib/init/entry.s            0x00000000   Number         0  entry10b.o ABSOLUTE
    ../clib/microlib/init/entry.s            0x00000000   Number         0  entry.o ABSOLUTE
    ../clib/microlib/init/entry.s            0x00000000   Number         0  entry10a.o ABSOLUTE
    ../clib/microlib/init/entry.s            0x00000000   Number         0  entry9b.o ABSOLUTE
    ../clib/microlib/init/entry.s            0x00000000   Number         0  entry7a.o ABSOLUTE
    ../clib/microlib/init/entry.s            0x00000000   Number         0  entry2.o ABSOLUTE
    ../clib/microlib/init/entry.s            0x00000000   Number         0  entry7b.o ABSOLUTE
    ../clib/microlib/init/entry.s            0x00000000   Number         0  entry8a.o ABSOLUTE
    ../clib/microlib/init/entry.s            0x00000000   Number         0  entry8b.o ABSOLUTE
    ../clib/microlib/init/entry.s            0x00000000   Number         0  entry12b.o ABSOLUTE
    ../clib/microlib/init/entry.s            0x00000000   Number         0  entry12a.o ABSOLUTE
    ../clib/microlib/longlong.c              0x00000000   Number         0  llsshr.o ABSOLUTE
    ../clib/microlib/longlong.c              0x00000000   Number         0  llshl.o ABSOLUTE
    ../clib/microlib/longlong.c              0x00000000   Number         0  llushr.o ABSOLUTE
    ../clib/microlib/printf/printf.c         0x00000000   Number         0  printf6.o ABSOLUTE
    ../clib/microlib/printf/printf.c         0x00000000   Number         0  printf5.o ABSOLUTE
    ../clib/microlib/printf/printf.c         0x00000000   Number         0  printf4.o ABSOLUTE
    ../clib/microlib/printf/printf.c         0x00000000   Number         0  printf3.o ABSOLUTE
    ../clib/microlib/printf/printf.c         0x00000000   Number         0  printf1.o ABSOLUTE
    ../clib/microlib/printf/printf.c         0x00000000   Number         0  printf0.o ABSOLUTE
    ../clib/microlib/printf/printf.c         0x00000000   Number         0  printfb.o ABSOLUTE
    ../clib/microlib/printf/printf.c         0x00000000   Number         0  printf2.o ABSOLUTE
    ../clib/microlib/printf/printf.c         0x00000000   Number         0  printf7.o ABSOLUTE
    ../clib/microlib/printf/printf.c         0x00000000   Number         0  printfa.o ABSOLUTE
    ../clib/microlib/printf/printf.c         0x00000000   Number         0  printf8.o ABSOLUTE
    ../clib/microlib/printf/stubs.s          0x00000000   Number         0  stubs.o ABSOLUTE
    ../clib/microlib/stdio/streams.c         0x00000000   Number         0  stdout.o ABSOLUTE
    ../clib/microlib/stubs.s                 0x00000000   Number         0  iusefp.o ABSOLUTE
    ../fplib/microlib/d2f.c                  0x00000000   Number         0  d2f.o ABSOLUTE
    ../fplib/microlib/f2d.c                  0x00000000   Number         0  f2d.o ABSOLUTE
    ../fplib/microlib/fpadd.c                0x00000000   Number         0  dadd.o ABSOLUTE
    ../fplib/microlib/fpdiv.c                0x00000000   Number         0  ddiv.o ABSOLUTE
    ../fplib/microlib/fpdiv.c                0x00000000   Number         0  fdiv.o ABSOLUTE
    ../fplib/microlib/fpepilogue.c           0x00000000   Number         0  fepilogue.o ABSOLUTE
    ../fplib/microlib/fpepilogue.c           0x00000000   Number         0  depilogue.o ABSOLUTE
    ../fplib/microlib/fpfix.c                0x00000000   Number         0  ffixui.o ABSOLUTE
    ../fplib/microlib/fpfix.c                0x00000000   Number         0  dfixul.o ABSOLUTE
    ../fplib/microlib/fpflt.c                0x00000000   Number         0  dflti.o ABSOLUTE
    ../fplib/microlib/fpflt.c                0x00000000   Number         0  ffltui.o ABSOLUTE
    ../fplib/microlib/fpmul.c                0x00000000   Number         0  fmul.o ABSOLUTE
    ../fplib/microlib/fpmul.c                0x00000000   Number         0  dmul.o ABSOLUTE
    ../fplib/microlib/fpscalb.c              0x00000000   Number         0  dscalb.o ABSOLUTE
    ../fplib/microlib/fpsqrt.c               0x00000000   Number         0  dsqrt.o ABSOLUTE
    ../mathlib/dunder.c                      0x00000000   Number         0  dunder.o ABSOLUTE
    ../mathlib/fpclassify.c                  0x00000000   Number         0  fpclassify.o ABSOLUTE
    ../mathlib/poly.c                        0x00000000   Number         0  poly.o ABSOLUTE
    ../mathlib/pow.c                         0x00000000   Number         0  pow_x.o ABSOLUTE
    ../mathlib/pow.c                         0x00000000   Number         0  pow.o ABSOLUTE
    ../mathlib/qnan.c                        0x00000000   Number         0  qnan.o ABSOLUTE
    ../mathlib/sqrt.c                        0x00000000   Number         0  sqrt.o ABSOLUTE
    ../mathlib/sqrt.c                        0x00000000   Number         0  sqrt_x.o ABSOLUTE
    ..\Drivers\CMSIS\core_cm3.c              0x00000000   Number         0  core_cm3.o ABSOLUTE
    ..\Drivers\CMSIS\startup\startup_stm32f10x_md.s 0x00000000   Number         0  startup_stm32f10x_md.o ABSOLUTE
    ..\Drivers\CMSIS\system_stm32f10x.c      0x00000000   Number         0  system_stm32f10x.o ABSOLUTE
    ..\Drivers\STM32F10x_StdPeriph_Driver\src\misc.c 0x00000000   Number         0  misc.o ABSOLUTE
    ..\Drivers\STM32F10x_StdPeriph_Driver\src\stm32f10x_adc.c 0x00000000   Number         0  stm32f10x_adc.o ABSOLUTE
    ..\Drivers\STM32F10x_StdPeriph_Driver\src\stm32f10x_bkp.c 0x00000000   Number         0  stm32f10x_bkp.o ABSOLUTE
    ..\Drivers\STM32F10x_StdPeriph_Driver\src\stm32f10x_can.c 0x00000000   Number         0  stm32f10x_can.o ABSOLUTE
    ..\Drivers\STM32F10x_StdPeriph_Driver\src\stm32f10x_cec.c 0x00000000   Number         0  stm32f10x_cec.o ABSOLUTE
    ..\Drivers\STM32F10x_StdPeriph_Driver\src\stm32f10x_crc.c 0x00000000   Number         0  stm32f10x_crc.o ABSOLUTE
    ..\Drivers\STM32F10x_StdPeriph_Driver\src\stm32f10x_dac.c 0x00000000   Number         0  stm32f10x_dac.o ABSOLUTE
    ..\Drivers\STM32F10x_StdPeriph_Driver\src\stm32f10x_dbgmcu.c 0x00000000   Number         0  stm32f10x_dbgmcu.o ABSOLUTE
    ..\Drivers\STM32F10x_StdPeriph_Driver\src\stm32f10x_dma.c 0x00000000   Number         0  stm32f10x_dma.o ABSOLUTE
    ..\Drivers\STM32F10x_StdPeriph_Driver\src\stm32f10x_exti.c 0x00000000   Number         0  stm32f10x_exti.o ABSOLUTE
    ..\Drivers\STM32F10x_StdPeriph_Driver\src\stm32f10x_flash.c 0x00000000   Number         0  stm32f10x_flash.o ABSOLUTE
    ..\Drivers\STM32F10x_StdPeriph_Driver\src\stm32f10x_fsmc.c 0x00000000   Number         0  stm32f10x_fsmc.o ABSOLUTE
    ..\Drivers\STM32F10x_StdPeriph_Driver\src\stm32f10x_gpio.c 0x00000000   Number         0  stm32f10x_gpio.o ABSOLUTE
    ..\Drivers\STM32F10x_StdPeriph_Driver\src\stm32f10x_i2c.c 0x00000000   Number         0  stm32f10x_i2c.o ABSOLUTE
    ..\Drivers\STM32F10x_StdPeriph_Driver\src\stm32f10x_iwdg.c 0x00000000   Number         0  stm32f10x_iwdg.o ABSOLUTE
    ..\Drivers\STM32F10x_StdPeriph_Driver\src\stm32f10x_pwr.c 0x00000000   Number         0  stm32f10x_pwr.o ABSOLUTE
    ..\Drivers\STM32F10x_StdPeriph_Driver\src\stm32f10x_rcc.c 0x00000000   Number         0  stm32f10x_rcc.o ABSOLUTE
    ..\Drivers\STM32F10x_StdPeriph_Driver\src\stm32f10x_rtc.c 0x00000000   Number         0  stm32f10x_rtc.o ABSOLUTE
    ..\Drivers\STM32F10x_StdPeriph_Driver\src\stm32f10x_sdio.c 0x00000000   Number         0  stm32f10x_sdio.o ABSOLUTE
    ..\Drivers\STM32F10x_StdPeriph_Driver\src\stm32f10x_spi.c 0x00000000   Number         0  stm32f10x_spi.o ABSOLUTE
    ..\Drivers\STM32F10x_StdPeriph_Driver\src\stm32f10x_tim.c 0x00000000   Number         0  stm32f10x_tim.o ABSOLUTE
    ..\Drivers\STM32F10x_StdPeriph_Driver\src\stm32f10x_usart.c 0x00000000   Number         0  stm32f10x_usart.o ABSOLUTE
    ..\Drivers\STM32F10x_StdPeriph_Driver\src\stm32f10x_wwdg.c 0x00000000   Number         0  stm32f10x_wwdg.o ABSOLUTE
    ..\User\main.c                           0x00000000   Number         0  main.o ABSOLUTE
    ..\User\modbus_slave\application_data_manager.c 0x00000000   Number         0  application_data_manager.o ABSOLUTE
    ..\User\modbus_slave\modbus_crc.c        0x00000000   Number         0  modbus_crc.o ABSOLUTE
    ..\User\modbus_slave\modbus_rtu_link.c   0x00000000   Number         0  modbus_rtu_link.o ABSOLUTE
    ..\User\modbus_slave\modbus_slave_protocol.c 0x00000000   Number         0  modbus_slave_protocol.o ABSOLUTE
    ..\User\modbus_slave\tim4_tick_driver.c  0x00000000   Number         0  tim4_tick_driver.o ABSOLUTE
    ..\User\modbus_slave\usart2_rs485_driver.c 0x00000000   Number         0  usart2_rs485_driver.o ABSOLUTE
    ..\User\mq2\bsp_mq2.c                    0x00000000   Number         0  bsp_mq2.o ABSOLUTE
    ..\User\stm32f10x_it.c                   0x00000000   Number         0  stm32f10x_it.o ABSOLUTE
    ..\User\usart\bsp_usart.c                0x00000000   Number         0  bsp_usart.o ABSOLUTE
    ..\\Drivers\\CMSIS\\core_cm3.c           0x00000000   Number         0  core_cm3.o ABSOLUTE
    cdcmple.s                                0x00000000   Number         0  cdcmple.o ABSOLUTE
    cdrcmple.s                               0x00000000   Number         0  cdrcmple.o ABSOLUTE
    cfcmple.s                                0x00000000   Number         0  cfcmple.o ABSOLUTE
    cfrcmple.s                               0x00000000   Number         0  cfrcmple.o ABSOLUTE
    dc.s                                     0x00000000   Number         0  dc.o ABSOLUTE
    handlers.s                               0x00000000   Number         0  handlers.o ABSOLUTE
    init.s                                   0x00000000   Number         0  init.o ABSOLUTE
    RESET                                    0x08000000   Section      236  startup_stm32f10x_md.o(RESET)
    .ARM.Collect$$$$00000000                 0x080000ec   Section        0  entry.o(.ARM.Collect$$$$00000000)
    .ARM.Collect$$$$00000001                 0x080000ec   Section        4  entry2.o(.ARM.Collect$$$$00000001)
    .ARM.Collect$$$$00000004                 0x080000f0   Section        4  entry5.o(.ARM.Collect$$$$00000004)
    .ARM.Collect$$$$00000008                 0x080000f4   Section        0  entry7b.o(.ARM.Collect$$$$00000008)
    .ARM.Collect$$$$0000000A                 0x080000f4   Section        0  entry8b.o(.ARM.Collect$$$$0000000A)
    .ARM.Collect$$$$0000000B                 0x080000f4   Section        8  entry9a.o(.ARM.Collect$$$$0000000B)
    .ARM.Collect$$$$0000000E                 0x080000fc   Section        4  entry12b.o(.ARM.Collect$$$$0000000E)
    .ARM.Collect$$$$0000000F                 0x08000100   Section        0  entry10a.o(.ARM.Collect$$$$0000000F)
    .ARM.Collect$$$$00000011                 0x08000100   Section        0  entry11a.o(.ARM.Collect$$$$00000011)
    .ARM.Collect$$$$00002712                 0x08000100   Section        4  entry2.o(.ARM.Collect$$$$00002712)
    __lit__00000000                          0x08000100   Data           4  entry2.o(.ARM.Collect$$$$00002712)
    .text                                    0x08000104   Section       36  startup_stm32f10x_md.o(.text)
    .text                                    0x08000128   Section        0  fmul.o(.text)
    .text                                    0x0800018c   Section        0  fdiv.o(.text)
    .text                                    0x08000208   Section        0  dadd.o(.text)
    .text                                    0x08000356   Section        0  dmul.o(.text)
    .text                                    0x0800043a   Section        0  ffltui.o(.text)
    .text                                    0x08000444   Section        0  ffixui.o(.text)
    .text                                    0x0800046c   Section        0  f2d.o(.text)
    .text                                    0x08000492   Section        0  d2f.o(.text)
    .text                                    0x080004cc   Section       20  cfcmple.o(.text)
    .text                                    0x080004e0   Section       20  cfrcmple.o(.text)
    .text                                    0x080004f4   Section        0  uldiv.o(.text)
    .text                                    0x08000556   Section        0  llshl.o(.text)
    .text                                    0x08000574   Section        0  llsshr.o(.text)
    .text                                    0x08000598   Section        0  fepilogue.o(.text)
    .text                                    0x08000598   Section        0  iusefp.o(.text)
    .text                                    0x08000606   Section        0  depilogue.o(.text)
    .text                                    0x080006c0   Section        0  ddiv.o(.text)
    .text                                    0x0800079e   Section        0  dscalb.o(.text)
    .text                                    0x080007cc   Section        0  dflti.o(.text)
    .text                                    0x080007f0   Section       48  cdrcmple.o(.text)
    .text                                    0x08000820   Section       36  init.o(.text)
    .text                                    0x08000844   Section        0  llushr.o(.text)
    .text                                    0x08000864   Section        0  dsqrt.o(.text)
    i.ADC1_2_IRQHandler                      0x08000908   Section        0  bsp_mq2.o(i.ADC1_2_IRQHandler)
    i.ADC_ClearITPendingBit                  0x08000938   Section        0  stm32f10x_adc.o(i.ADC_ClearITPendingBit)
    i.ADC_Cmd                                0x08000942   Section        0  stm32f10x_adc.o(i.ADC_Cmd)
    i.ADC_GetCalibrationStatus               0x08000958   Section        0  stm32f10x_adc.o(i.ADC_GetCalibrationStatus)
    i.ADC_GetConversionValue                 0x0800096c   Section        0  stm32f10x_adc.o(i.ADC_GetConversionValue)
    i.ADC_GetITStatus                        0x08000974   Section        0  stm32f10x_adc.o(i.ADC_GetITStatus)
    i.ADC_GetResetCalibrationStatus          0x08000998   Section        0  stm32f10x_adc.o(i.ADC_GetResetCalibrationStatus)
    i.ADC_ITConfig                           0x080009ac   Section        0  stm32f10x_adc.o(i.ADC_ITConfig)
    i.ADC_Init                               0x080009c4   Section        0  stm32f10x_adc.o(i.ADC_Init)
    i.ADC_RegularChannelConfig               0x08000a14   Section        0  stm32f10x_adc.o(i.ADC_RegularChannelConfig)
    i.ADC_ResetCalibration                   0x08000acc   Section        0  stm32f10x_adc.o(i.ADC_ResetCalibration)
    i.ADC_SoftwareStartConvCmd               0x08000ad6   Section        0  stm32f10x_adc.o(i.ADC_SoftwareStartConvCmd)
    i.ADC_StartCalibration                   0x08000aec   Section        0  stm32f10x_adc.o(i.ADC_StartCalibration)
    i.AppData_Init                           0x08000af8   Section        0  application_data_manager.o(i.AppData_Init)
    i.AppData_ReadHolding                    0x08000b18   Section        0  application_data_manager.o(i.AppData_ReadHolding)
    i.AppData_UpdateMQ2                      0x08000b5c   Section        0  application_data_manager.o(i.AppData_UpdateMQ2)
    i.AppData_WriteHolding                   0x08000b70   Section        0  application_data_manager.o(i.AppData_WriteHolding)
    i.BusFault_Handler                       0x08000b8c   Section        0  stm32f10x_it.o(i.BusFault_Handler)
    i.DebugMon_Handler                       0x08000b90   Section        0  stm32f10x_it.o(i.DebugMon_Handler)
    i.Delay                                  0x08000b92   Section        0  main.o(i.Delay)
    Delay                                    0x08000b93   Thumb Code    18  main.o(i.Delay)
    i.GPIO_Init                              0x08000ba4   Section        0  stm32f10x_gpio.o(i.GPIO_Init)
    i.GPIO_ResetBits                         0x08000cba   Section        0  stm32f10x_gpio.o(i.GPIO_ResetBits)
    i.GPIO_SetBits                           0x08000cbe   Section        0  stm32f10x_gpio.o(i.GPIO_SetBits)
    i.HardFault_Handler                      0x08000cc2   Section        0  stm32f10x_it.o(i.HardFault_Handler)
    i.MB_RTU_Init                            0x08000cc8   Section        0  modbus_rtu_link.o(i.MB_RTU_Init)
    i.MB_RTU_Process                         0x08000ce0   Section        0  modbus_rtu_link.o(i.MB_RTU_Process)
    i.MQ2_ADC_Mode_Config                    0x08000d44   Section        0  bsp_mq2.o(i.MQ2_ADC_Mode_Config)
    MQ2_ADC_Mode_Config                      0x08000d45   Thumb Code   138  bsp_mq2.o(i.MQ2_ADC_Mode_Config)
    i.MQ2_ADC_NVIC_Config                    0x08000dd4   Section        0  bsp_mq2.o(i.MQ2_ADC_NVIC_Config)
    MQ2_ADC_NVIC_Config                      0x08000dd5   Thumb Code    38  bsp_mq2.o(i.MQ2_ADC_NVIC_Config)
    i.MQ2_GPIO_Config                        0x08000dfc   Section        0  bsp_mq2.o(i.MQ2_GPIO_Config)
    MQ2_GPIO_Config                          0x08000dfd   Thumb Code    60  bsp_mq2.o(i.MQ2_GPIO_Config)
    i.MQ2_GetPPM                             0x08000e3c   Section        0  bsp_mq2.o(i.MQ2_GetPPM)
    i.MQ2_Get_PPM                            0x08000e70   Section        0  bsp_mq2.o(i.MQ2_Get_PPM)
    i.MQ2_Init                               0x08000f40   Section        0  bsp_mq2.o(i.MQ2_Init)
    i.MemManage_Handler                      0x08000f50   Section        0  stm32f10x_it.o(i.MemManage_Handler)
    i.ModbusSlave_ProcessFrame               0x08000f54   Section        0  modbus_slave_protocol.o(i.ModbusSlave_ProcessFrame)
    i.Modbus_CRC16                           0x08001168   Section        0  modbus_crc.o(i.Modbus_CRC16)
    i.NMI_Handler                            0x080011a0   Section        0  stm32f10x_it.o(i.NMI_Handler)
    i.NVIC_Configuration                     0x080011a2   Section        0  bsp_usart.o(i.NVIC_Configuration)
    NVIC_Configuration                       0x080011a3   Thumb Code    38  bsp_usart.o(i.NVIC_Configuration)
    i.NVIC_Init                              0x080011c8   Section        0  misc.o(i.NVIC_Init)
    i.NVIC_PriorityGroupConfig               0x08001238   Section        0  misc.o(i.NVIC_PriorityGroupConfig)
    i.PendSV_Handler                         0x0800124c   Section        0  stm32f10x_it.o(i.PendSV_Handler)
    i.RCC_ADCCLKConfig                       0x08001250   Section        0  stm32f10x_rcc.o(i.RCC_ADCCLKConfig)
    i.RCC_APB1PeriphClockCmd                 0x08001268   Section        0  stm32f10x_rcc.o(i.RCC_APB1PeriphClockCmd)
    i.RCC_APB2PeriphClockCmd                 0x08001288   Section        0  stm32f10x_rcc.o(i.RCC_APB2PeriphClockCmd)
    i.RCC_GetClocksFreq                      0x080012a8   Section        0  stm32f10x_rcc.o(i.RCC_GetClocksFreq)
    i.RS485_DelayUs                          0x0800137c   Section        0  usart2_rs485_driver.o(i.RS485_DelayUs)
    i.RS485_Init                             0x080013a0   Section        0  usart2_rs485_driver.o(i.RS485_Init)
    i.RS485_SendBytes                        0x080013e0   Section        0  usart2_rs485_driver.o(i.RS485_SendBytes)
    i.SVC_Handler                            0x0800144c   Section        0  stm32f10x_it.o(i.SVC_Handler)
    i.SetSysClock                            0x0800144e   Section        0  system_stm32f10x.o(i.SetSysClock)
    SetSysClock                              0x0800144f   Thumb Code     8  system_stm32f10x.o(i.SetSysClock)
    i.SetSysClockTo72                        0x08001458   Section        0  system_stm32f10x.o(i.SetSysClockTo72)
    SetSysClockTo72                          0x08001459   Thumb Code   214  system_stm32f10x.o(i.SetSysClockTo72)
    i.SysTick_Handler                        0x08001538   Section        0  stm32f10x_it.o(i.SysTick_Handler)
    i.SystemInit                             0x0800153c   Section        0  system_stm32f10x.o(i.SystemInit)
    i.TIM4_GetElapsed                        0x0800159c   Section        0  tim4_tick_driver.o(i.TIM4_GetElapsed)
    i.TIM4_GetTick                           0x080015ac   Section        0  tim4_tick_driver.o(i.TIM4_GetTick)
    i.TIM4_IRQHandler                        0x080015b8   Section        0  tim4_tick_driver.o(i.TIM4_IRQHandler)
    i.TIM4_TickInit                          0x080015e0   Section        0  tim4_tick_driver.o(i.TIM4_TickInit)
    i.TIM_ClearITPendingBit                  0x080015f4   Section        0  stm32f10x_tim.o(i.TIM_ClearITPendingBit)
    i.TIM_Cmd                                0x080015fa   Section        0  stm32f10x_tim.o(i.TIM_Cmd)
    i.TIM_GetITStatus                        0x08001612   Section        0  stm32f10x_tim.o(i.TIM_GetITStatus)
    i.TIM_ITConfig                           0x08001634   Section        0  stm32f10x_tim.o(i.TIM_ITConfig)
    i.TIM_TimeBaseInit                       0x08001648   Section        0  stm32f10x_tim.o(i.TIM_TimeBaseInit)
    i.TIM_TimeBaseStructInit                 0x080016ec   Section        0  stm32f10x_tim.o(i.TIM_TimeBaseStructInit)
    i.USART3_IRQHandler                      0x08001700   Section        0  usart2_rs485_driver.o(i.USART3_IRQHandler)
    i.USART_ClearITPendingBit                0x08001858   Section        0  stm32f10x_usart.o(i.USART_ClearITPendingBit)
    i.USART_Cmd                              0x08001876   Section        0  stm32f10x_usart.o(i.USART_Cmd)
    i.USART_Config                           0x08001890   Section        0  bsp_usart.o(i.USART_Config)
    i.USART_GetFlagStatus                    0x08001920   Section        0  stm32f10x_usart.o(i.USART_GetFlagStatus)
    i.USART_GetITStatus                      0x0800193a   Section        0  stm32f10x_usart.o(i.USART_GetITStatus)
    i.USART_ITConfig                         0x0800198e   Section        0  stm32f10x_usart.o(i.USART_ITConfig)
    i.USART_Init                             0x080019d8   Section        0  stm32f10x_usart.o(i.USART_Init)
    i.USART_ReceiveData                      0x08001ab0   Section        0  stm32f10x_usart.o(i.USART_ReceiveData)
    i.USART_SendData                         0x08001aba   Section        0  stm32f10x_usart.o(i.USART_SendData)
    i.USART_StructInit                       0x08001ac2   Section        0  stm32f10x_usart.o(i.USART_StructInit)
    i.UsageFault_Handler                     0x08001ada   Section        0  stm32f10x_it.o(i.UsageFault_Handler)
    i.__0printf$8                            0x08001ae0   Section        0  printf8.o(i.__0printf$8)
    i.__ARM_fpclassify                       0x08001b00   Section        0  fpclassify.o(i.__ARM_fpclassify)
    i.__kernel_poly                          0x08001b28   Section        0  poly.o(i.__kernel_poly)
    i.__mathlib_dbl_divzero                  0x08001bd4   Section        0  dunder.o(i.__mathlib_dbl_divzero)
    i.__mathlib_dbl_infnan2                  0x08001be4   Section        0  dunder.o(i.__mathlib_dbl_infnan2)
    i.__mathlib_dbl_invalid                  0x08001be8   Section        0  dunder.o(i.__mathlib_dbl_invalid)
    i.__mathlib_dbl_overflow                 0x08001bf4   Section        0  dunder.o(i.__mathlib_dbl_overflow)
    i.__mathlib_dbl_underflow                0x08001c04   Section        0  dunder.o(i.__mathlib_dbl_underflow)
    i.__scatterload_copy                     0x08001c14   Section       14  handlers.o(i.__scatterload_copy)
    i.__scatterload_null                     0x08001c22   Section        2  handlers.o(i.__scatterload_null)
    i.__scatterload_zeroinit                 0x08001c24   Section       14  handlers.o(i.__scatterload_zeroinit)
    i.__set_errno                            0x08001c34   Section        0  errno.o(i.__set_errno)
    i._printf_core                           0x08001c40   Section        0  printf8.o(i._printf_core)
    _printf_core                             0x08001c41   Thumb Code   984  printf8.o(i._printf_core)
    i._printf_post_padding                   0x08002044   Section        0  printf8.o(i._printf_post_padding)
    _printf_post_padding                     0x08002045   Thumb Code    36  printf8.o(i._printf_post_padding)
    i._printf_pre_padding                    0x08002068   Section        0  printf8.o(i._printf_pre_padding)
    _printf_pre_padding                      0x08002069   Thumb Code    46  printf8.o(i._printf_pre_padding)
    i.app_read_holding                       0x08002096   Section        0  application_data_manager.o(i.app_read_holding)
    i.app_write_single_holding               0x080020aa   Section        0  application_data_manager.o(i.app_write_single_holding)
    i.fputc                                  0x080020bc   Section        0  bsp_usart.o(i.fputc)
    i.main                                   0x080020e0   Section        0  main.o(i.main)
    i.modbus_rtu_on_rx_byte                  0x0800220c   Section        0  modbus_rtu_link.o(i.modbus_rtu_on_rx_byte)
    i.pow                                    0x08002254   Section        0  pow.o(i.pow)
    i.prv_dir_tx                             0x08002c2c   Section        0  usart2_rs485_driver.o(i.prv_dir_tx)
    prv_dir_tx                               0x08002c2d   Thumb Code    26  usart2_rs485_driver.o(i.prv_dir_tx)
    i.prv_gpio_init                          0x08002c4c   Section        0  usart2_rs485_driver.o(i.prv_gpio_init)
    prv_gpio_init                            0x08002c4d   Thumb Code   118  usart2_rs485_driver.o(i.prv_gpio_init)
    i.prv_rx_reset                           0x08002cc8   Section        0  modbus_rtu_link.o(i.prv_rx_reset)
    prv_rx_reset                             0x08002cc9   Thumb Code    12  modbus_rtu_link.o(i.prv_rx_reset)
    i.prv_send_adu_with_crc                  0x08002cdc   Section        0  modbus_slave_protocol.o(i.prv_send_adu_with_crc)
    prv_send_adu_with_crc                    0x08002cdd   Thumb Code    94  modbus_slave_protocol.o(i.prv_send_adu_with_crc)
    i.prv_send_exception                     0x08002d44   Section        0  modbus_slave_protocol.o(i.prv_send_exception)
    prv_send_exception                       0x08002d45   Thumb Code    40  modbus_slave_protocol.o(i.prv_send_exception)
    i.prv_tim4_init                          0x08002d6c   Section        0  tim4_tick_driver.o(i.prv_tim4_init)
    prv_tim4_init                            0x08002d6d   Thumb Code   108  tim4_tick_driver.o(i.prv_tim4_init)
    i.prv_usart_init                         0x08002ddc   Section        0  usart2_rs485_driver.o(i.prv_usart_init)
    prv_usart_init                           0x08002ddd   Thumb Code   132  usart2_rs485_driver.o(i.prv_usart_init)
    i.rd_u16be                               0x08002e64   Section        0  modbus_slave_protocol.o(i.rd_u16be)
    rd_u16be                                 0x08002e65   Thumb Code    12  modbus_slave_protocol.o(i.rd_u16be)
    i.sqrt                                   0x08002e70   Section        0  sqrt.o(i.sqrt)
    .constdata                               0x08002ebc   Section      512  modbus_crc.o(.constdata)
    s_crc_hi_tbl                             0x08002ebc   Data         256  modbus_crc.o(.constdata)
    s_crc_lo_tbl                             0x08002fbc   Data         256  modbus_crc.o(.constdata)
    .constdata                               0x080030c0   Section      136  pow.o(.constdata)
    bp                                       0x080030c0   Data          16  pow.o(.constdata)
    dp_h                                     0x080030d0   Data          16  pow.o(.constdata)
    dp_l                                     0x080030e0   Data          16  pow.o(.constdata)
    L                                        0x080030f0   Data          48  pow.o(.constdata)
    P                                        0x08003120   Data          40  pow.o(.constdata)
    .constdata                               0x08003148   Section        8  qnan.o(.constdata)
    .data                                    0x20000000   Section       20  system_stm32f10x.o(.data)
    .data                                    0x20000014   Section       20  stm32f10x_rcc.o(.data)
    APBAHBPrescTable                         0x20000014   Data          16  stm32f10x_rcc.o(.data)
    ADCPrescTable                            0x20000024   Data           4  stm32f10x_rcc.o(.data)
    .data                                    0x20000028   Section       16  bsp_mq2.o(.data)
    .data                                    0x20000038   Section       12  modbus_rtu_link.o(.data)
    s_rx_state                               0x20000038   Data           1  modbus_rtu_link.o(.data)
    s_rx_pos                                 0x2000003a   Data           2  modbus_rtu_link.o(.data)
    s_last_rx_tick_ms                        0x2000003c   Data           4  modbus_rtu_link.o(.data)
    s_frame_cb                               0x20000040   Data           4  modbus_rtu_link.o(.data)
    .data                                    0x20000044   Section        4  tim4_tick_driver.o(.data)
    s_ms_tick                                0x20000044   Data           4  tim4_tick_driver.o(.data)
    .data                                    0x20000048   Section       14  usart2_rs485_driver.o(.data)
    s_tx_busy                                0x20000048   Data           1  usart2_rs485_driver.o(.data)
    s_wait_tc_to_rx                          0x20000049   Data           1  usart2_rs485_driver.o(.data)
    s_tx_buf                                 0x2000004c   Data           4  usart2_rs485_driver.o(.data)
    s_tx_len                                 0x20000050   Data           2  usart2_rs485_driver.o(.data)
    s_rx_head                                0x20000052   Data           2  usart2_rs485_driver.o(.data)
    s_rx_tail                                0x20000054   Data           2  usart2_rs485_driver.o(.data)
    .data                                    0x20000058   Section        4  stdout.o(.data)
    .data                                    0x2000005c   Section        4  errno.o(.data)
    _errno                                   0x2000005c   Data           4  errno.o(.data)
    .bss                                     0x20000060   Section       42  application_data_manager.o(.bss)
    s_holding_regs                           0x20000060   Data          42  application_data_manager.o(.bss)
    .bss                                     0x2000008a   Section      256  modbus_slave_protocol.o(.bss)
    s_tx_buffer                              0x2000008a   Data         256  modbus_slave_protocol.o(.bss)
    .bss                                     0x2000018a   Section      256  modbus_rtu_link.o(.bss)
    s_rx_buf                                 0x2000018a   Data         256  modbus_rtu_link.o(.bss)
    .bss                                     0x2000028a   Section      256  usart2_rs485_driver.o(.bss)
    s_rx_ring                                0x2000028a   Data         256  usart2_rs485_driver.o(.bss)
    STACK                                    0x20000390   Section     1024  startup_stm32f10x_md.o(STACK)

    Global Symbols

    Symbol Name                              Value     Ov Type        Size  Object(Section)

    BuildAttributes$$THM_ISAv4$P$D$K$B$S$PE$A:L22UL41UL21$X:L11$S22US41US21$IEEE1$IW$USESV6$~STKCKD$USESV7$~SHL$OTIME$ROPI$IEEEX$EBA8$MICROLIB$REQ8$PRES8$EABIv2 0x00000000   Number         0  anon$$obj.o ABSOLUTE
    __ARM_use_no_argv                        0x00000000   Number         0  main.o ABSOLUTE
    _printf_a                                0x00000000   Number         0  stubs.o ABSOLUTE
    _printf_c                                0x00000000   Number         0  stubs.o ABSOLUTE
    _printf_charcount                        0x00000000   Number         0  stubs.o ABSOLUTE
    _printf_d                                0x00000000   Number         0  stubs.o ABSOLUTE
    _printf_e                                0x00000000   Number         0  stubs.o ABSOLUTE
    _printf_f                                0x00000000   Number         0  stubs.o ABSOLUTE
    _printf_flags                            0x00000000   Number         0  stubs.o ABSOLUTE
    _printf_fp_dec                           0x00000000   Number         0  stubs.o ABSOLUTE
    _printf_fp_hex                           0x00000000   Number         0  stubs.o ABSOLUTE
    _printf_g                                0x00000000   Number         0  stubs.o ABSOLUTE
    _printf_i                                0x00000000   Number         0  stubs.o ABSOLUTE
    _printf_int_dec                          0x00000000   Number         0  stubs.o ABSOLUTE
    _printf_l                                0x00000000   Number         0  stubs.o ABSOLUTE
    _printf_lc                               0x00000000   Number         0  stubs.o ABSOLUTE
    _printf_ll                               0x00000000   Number         0  stubs.o ABSOLUTE
    _printf_lld                              0x00000000   Number         0  stubs.o ABSOLUTE
    _printf_lli                              0x00000000   Number         0  stubs.o ABSOLUTE
    _printf_llo                              0x00000000   Number         0  stubs.o ABSOLUTE
    _printf_llu                              0x00000000   Number         0  stubs.o ABSOLUTE
    _printf_llx                              0x00000000   Number         0  stubs.o ABSOLUTE
    _printf_longlong_dec                     0x00000000   Number         0  stubs.o ABSOLUTE
    _printf_longlong_hex                     0x00000000   Number         0  stubs.o ABSOLUTE
    _printf_longlong_oct                     0x00000000   Number         0  stubs.o ABSOLUTE
    _printf_ls                               0x00000000   Number         0  stubs.o ABSOLUTE
    _printf_mbtowc                           0x00000000   Number         0  stubs.o ABSOLUTE
    _printf_n                                0x00000000   Number         0  stubs.o ABSOLUTE
    _printf_o                                0x00000000   Number         0  stubs.o ABSOLUTE
    _printf_p                                0x00000000   Number         0  stubs.o ABSOLUTE
    _printf_percent                          0x00000000   Number         0  stubs.o ABSOLUTE
    _printf_pre_padding                      0x00000000   Number         0  stubs.o ABSOLUTE
    _printf_return_value                     0x00000000   Number         0  stubs.o ABSOLUTE
    _printf_s                                0x00000000   Number         0  stubs.o ABSOLUTE
    _printf_sizespec                         0x00000000   Number         0  stubs.o ABSOLUTE
    _printf_str                              0x00000000   Number         0  stubs.o ABSOLUTE
    _printf_truncate_signed                  0x00000000   Number         0  stubs.o ABSOLUTE
    _printf_truncate_unsigned                0x00000000   Number         0  stubs.o ABSOLUTE
    _printf_u                                0x00000000   Number         0  stubs.o ABSOLUTE
    _printf_wc                               0x00000000   Number         0  stubs.o ABSOLUTE
    _printf_wctomb                           0x00000000   Number         0  stubs.o ABSOLUTE
    _printf_widthprec                        0x00000000   Number         0  stubs.o ABSOLUTE
    _printf_x                                0x00000000   Number         0  stubs.o ABSOLUTE
    __arm_fini_                               - Undefined Weak Reference
    __cpp_initialize__aeabi_                  - Undefined Weak Reference
    __cxa_finalize                            - Undefined Weak Reference
    __decompress                              - Undefined Weak Reference
    _clock_init                               - Undefined Weak Reference
    _microlib_exit                            - Undefined Weak Reference
    __Vectors_Size                           0x000000ec   Number         0  startup_stm32f10x_md.o ABSOLUTE
    __Vectors                                0x08000000   Data           4  startup_stm32f10x_md.o(RESET)
    __Vectors_End                            0x080000ec   Data           0  startup_stm32f10x_md.o(RESET)
    __main                                   0x080000ed   Thumb Code     0  entry.o(.ARM.Collect$$$$00000000)
    _main_stk                                0x080000ed   Thumb Code     0  entry2.o(.ARM.Collect$$$$00000001)
    _main_scatterload                        0x080000f1   Thumb Code     0  entry5.o(.ARM.Collect$$$$00000004)
    __main_after_scatterload                 0x080000f5   Thumb Code     0  entry5.o(.ARM.Collect$$$$00000004)
    _main_clock                              0x080000f5   Thumb Code     0  entry7b.o(.ARM.Collect$$$$00000008)
    _main_cpp_init                           0x080000f5   Thumb Code     0  entry8b.o(.ARM.Collect$$$$0000000A)
    _main_init                               0x080000f5   Thumb Code     0  entry9a.o(.ARM.Collect$$$$0000000B)
    __rt_lib_shutdown_fini                   0x080000fd   Thumb Code     0  entry12b.o(.ARM.Collect$$$$0000000E)
    __rt_final_cpp                           0x08000101   Thumb Code     0  entry10a.o(.ARM.Collect$$$$0000000F)
    __rt_final_exit                          0x08000101   Thumb Code     0  entry11a.o(.ARM.Collect$$$$00000011)
    Reset_Handler                            0x08000105   Thumb Code     8  startup_stm32f10x_md.o(.text)
    CAN1_RX1_IRQHandler                      0x0800011f   Thumb Code     0  startup_stm32f10x_md.o(.text)
    CAN1_SCE_IRQHandler                      0x0800011f   Thumb Code     0  startup_stm32f10x_md.o(.text)
    DMA1_Channel1_IRQHandler                 0x0800011f   Thumb Code     0  startup_stm32f10x_md.o(.text)
    DMA1_Channel2_IRQHandler                 0x0800011f   Thumb Code     0  startup_stm32f10x_md.o(.text)
    DMA1_Channel3_IRQHandler                 0x0800011f   Thumb Code     0  startup_stm32f10x_md.o(.text)
    DMA1_Channel4_IRQHandler                 0x0800011f   Thumb Code     0  startup_stm32f10x_md.o(.text)
    DMA1_Channel5_IRQHandler                 0x0800011f   Thumb Code     0  startup_stm32f10x_md.o(.text)
    DMA1_Channel6_IRQHandler                 0x0800011f   Thumb Code     0  startup_stm32f10x_md.o(.text)
    DMA1_Channel7_IRQHandler                 0x0800011f   Thumb Code     0  startup_stm32f10x_md.o(.text)
    EXTI0_IRQHandler                         0x0800011f   Thumb Code     0  startup_stm32f10x_md.o(.text)
    EXTI15_10_IRQHandler                     0x0800011f   Thumb Code     0  startup_stm32f10x_md.o(.text)
    EXTI1_IRQHandler                         0x0800011f   Thumb Code     0  startup_stm32f10x_md.o(.text)
    EXTI2_IRQHandler                         0x0800011f   Thumb Code     0  startup_stm32f10x_md.o(.text)
    EXTI3_IRQHandler                         0x0800011f   Thumb Code     0  startup_stm32f10x_md.o(.text)
    EXTI4_IRQHandler                         0x0800011f   Thumb Code     0  startup_stm32f10x_md.o(.text)
    EXTI9_5_IRQHandler                       0x0800011f   Thumb Code     0  startup_stm32f10x_md.o(.text)
    FLASH_IRQHandler                         0x0800011f   Thumb Code     0  startup_stm32f10x_md.o(.text)
    I2C1_ER_IRQHandler                       0x0800011f   Thumb Code     0  startup_stm32f10x_md.o(.text)
    I2C1_EV_IRQHandler                       0x0800011f   Thumb Code     0  startup_stm32f10x_md.o(.text)
    I2C2_ER_IRQHandler                       0x0800011f   Thumb Code     0  startup_stm32f10x_md.o(.text)
    I2C2_EV_IRQHandler                       0x0800011f   Thumb Code     0  startup_stm32f10x_md.o(.text)
    PVD_IRQHandler                           0x0800011f   Thumb Code     0  startup_stm32f10x_md.o(.text)
    RCC_IRQHandler                           0x0800011f   Thumb Code     0  startup_stm32f10x_md.o(.text)
    RTCAlarm_IRQHandler                      0x0800011f   Thumb Code     0  startup_stm32f10x_md.o(.text)
    RTC_IRQHandler                           0x0800011f   Thumb Code     0  startup_stm32f10x_md.o(.text)
    SPI1_IRQHandler                          0x0800011f   Thumb Code     0  startup_stm32f10x_md.o(.text)
    SPI2_IRQHandler                          0x0800011f   Thumb Code     0  startup_stm32f10x_md.o(.text)
    TAMPER_IRQHandler                        0x0800011f   Thumb Code     0  startup_stm32f10x_md.o(.text)
    TIM1_BRK_IRQHandler                      0x0800011f   Thumb Code     0  startup_stm32f10x_md.o(.text)
    TIM1_CC_IRQHandler                       0x0800011f   Thumb Code     0  startup_stm32f10x_md.o(.text)
    TIM1_TRG_COM_IRQHandler                  0x0800011f   Thumb Code     0  startup_stm32f10x_md.o(.text)
    TIM1_UP_IRQHandler                       0x0800011f   Thumb Code     0  startup_stm32f10x_md.o(.text)
    TIM2_IRQHandler                          0x0800011f   Thumb Code     0  startup_stm32f10x_md.o(.text)
    TIM3_IRQHandler                          0x0800011f   Thumb Code     0  startup_stm32f10x_md.o(.text)
    USART1_IRQHandler                        0x0800011f   Thumb Code     0  startup_stm32f10x_md.o(.text)
    USART2_IRQHandler                        0x0800011f   Thumb Code     0  startup_stm32f10x_md.o(.text)
    USBWakeUp_IRQHandler                     0x0800011f   Thumb Code     0  startup_stm32f10x_md.o(.text)
    USB_HP_CAN1_TX_IRQHandler                0x0800011f   Thumb Code     0  startup_stm32f10x_md.o(.text)
    USB_LP_CAN1_RX0_IRQHandler               0x0800011f   Thumb Code     0  startup_stm32f10x_md.o(.text)
    WWDG_IRQHandler                          0x0800011f   Thumb Code     0  startup_stm32f10x_md.o(.text)
    __aeabi_fmul                             0x08000129   Thumb Code   100  fmul.o(.text)
    __aeabi_fdiv                             0x0800018d   Thumb Code   124  fdiv.o(.text)
    __aeabi_dadd                             0x08000209   Thumb Code   322  dadd.o(.text)
    __aeabi_dsub                             0x0800034b   Thumb Code     6  dadd.o(.text)
    __aeabi_drsub                            0x08000351   Thumb Code     6  dadd.o(.text)
    __aeabi_dmul                             0x08000357   Thumb Code   228  dmul.o(.text)
    __aeabi_ui2f                             0x0800043b   Thumb Code    10  ffltui.o(.text)
    __aeabi_f2uiz                            0x08000445   Thumb Code    40  ffixui.o(.text)
    __aeabi_f2d                              0x0800046d   Thumb Code    38  f2d.o(.text)
    __aeabi_d2f                              0x08000493   Thumb Code    56  d2f.o(.text)
    __aeabi_cfcmpeq                          0x080004cd   Thumb Code     0  cfcmple.o(.text)
    __aeabi_cfcmple                          0x080004cd   Thumb Code    20  cfcmple.o(.text)
    __aeabi_cfrcmple                         0x080004e1   Thumb Code    20  cfrcmple.o(.text)
    __aeabi_uldivmod                         0x080004f5   Thumb Code    98  uldiv.o(.text)
    __aeabi_llsl                             0x08000557   Thumb Code    30  llshl.o(.text)
    _ll_shift_l                              0x08000557   Thumb Code     0  llshl.o(.text)
    __aeabi_lasr                             0x08000575   Thumb Code    36  llsshr.o(.text)
    _ll_sshift_r                             0x08000575   Thumb Code     0  llsshr.o(.text)
    __I$use$fp                               0x08000599   Thumb Code     0  iusefp.o(.text)
    _float_round                             0x08000599   Thumb Code    18  fepilogue.o(.text)
    _float_epilogue                          0x080005ab   Thumb Code    92  fepilogue.o(.text)
    _double_round                            0x08000607   Thumb Code    30  depilogue.o(.text)
    _double_epilogue                         0x08000625   Thumb Code   156  depilogue.o(.text)
    __aeabi_ddiv                             0x080006c1   Thumb Code   222  ddiv.o(.text)
    __ARM_scalbn                             0x0800079f   Thumb Code    46  dscalb.o(.text)
    scalbn                                   0x0800079f   Thumb Code     0  dscalb.o(.text)
    __aeabi_i2d                              0x080007cd   Thumb Code    34  dflti.o(.text)
    __aeabi_cdrcmple                         0x080007f1   Thumb Code    48  cdrcmple.o(.text)
    __scatterload                            0x08000821   Thumb Code    28  init.o(.text)
    __scatterload_rt2                        0x08000821   Thumb Code     0  init.o(.text)
    __aeabi_llsr                             0x08000845   Thumb Code    32  llushr.o(.text)
    _ll_ushift_r                             0x08000845   Thumb Code     0  llushr.o(.text)
    _dsqrt                                   0x08000865   Thumb Code   162  dsqrt.o(.text)
    ADC1_2_IRQHandler                        0x08000909   Thumb Code    38  bsp_mq2.o(i.ADC1_2_IRQHandler)
    ADC_ClearITPendingBit                    0x08000939   Thumb Code    10  stm32f10x_adc.o(i.ADC_ClearITPendingBit)
    ADC_Cmd                                  0x08000943   Thumb Code    22  stm32f10x_adc.o(i.ADC_Cmd)
    ADC_GetCalibrationStatus                 0x08000959   Thumb Code    20  stm32f10x_adc.o(i.ADC_GetCalibrationStatus)
    ADC_GetConversionValue                   0x0800096d   Thumb Code     8  stm32f10x_adc.o(i.ADC_GetConversionValue)
    ADC_GetITStatus                          0x08000975   Thumb Code    36  stm32f10x_adc.o(i.ADC_GetITStatus)
    ADC_GetResetCalibrationStatus            0x08000999   Thumb Code    20  stm32f10x_adc.o(i.ADC_GetResetCalibrationStatus)
    ADC_ITConfig                             0x080009ad   Thumb Code    24  stm32f10x_adc.o(i.ADC_ITConfig)
    ADC_Init                                 0x080009c5   Thumb Code    70  stm32f10x_adc.o(i.ADC_Init)
    ADC_RegularChannelConfig                 0x08000a15   Thumb Code   184  stm32f10x_adc.o(i.ADC_RegularChannelConfig)
    ADC_ResetCalibration                     0x08000acd   Thumb Code    10  stm32f10x_adc.o(i.ADC_ResetCalibration)
    ADC_SoftwareStartConvCmd                 0x08000ad7   Thumb Code    22  stm32f10x_adc.o(i.ADC_SoftwareStartConvCmd)
    ADC_StartCalibration                     0x08000aed   Thumb Code    10  stm32f10x_adc.o(i.ADC_StartCalibration)
    AppData_Init                             0x08000af9   Thumb Code    28  application_data_manager.o(i.AppData_Init)
    AppData_ReadHolding                      0x08000b19   Thumb Code    62  application_data_manager.o(i.AppData_ReadHolding)
    AppData_UpdateMQ2                        0x08000b5d   Thumb Code    14  application_data_manager.o(i.AppData_UpdateMQ2)
    AppData_WriteHolding                     0x08000b71   Thumb Code    28  application_data_manager.o(i.AppData_WriteHolding)
    BusFault_Handler                         0x08000b8d   Thumb Code     4  stm32f10x_it.o(i.BusFault_Handler)
    DebugMon_Handler                         0x08000b91   Thumb Code     2  stm32f10x_it.o(i.DebugMon_Handler)
    GPIO_Init                                0x08000ba5   Thumb Code   278  stm32f10x_gpio.o(i.GPIO_Init)
    GPIO_ResetBits                           0x08000cbb   Thumb Code     4  stm32f10x_gpio.o(i.GPIO_ResetBits)
    GPIO_SetBits                             0x08000cbf   Thumb Code     4  stm32f10x_gpio.o(i.GPIO_SetBits)
    HardFault_Handler                        0x08000cc3   Thumb Code     4  stm32f10x_it.o(i.HardFault_Handler)
    MB_RTU_Init                              0x08000cc9   Thumb Code    14  modbus_rtu_link.o(i.MB_RTU_Init)
    MB_RTU_Process                           0x08000ce1   Thumb Code    78  modbus_rtu_link.o(i.MB_RTU_Process)
    MQ2_GetPPM                               0x08000e3d   Thumb Code    48  bsp_mq2.o(i.MQ2_GetPPM)
    MQ2_Get_PPM                              0x08000e71   Thumb Code   162  bsp_mq2.o(i.MQ2_Get_PPM)
    MQ2_Init                                 0x08000f41   Thumb Code    16  bsp_mq2.o(i.MQ2_Init)
    MemManage_Handler                        0x08000f51   Thumb Code     4  stm32f10x_it.o(i.MemManage_Handler)
    ModbusSlave_ProcessFrame                 0x08000f55   Thumb Code   482  modbus_slave_protocol.o(i.ModbusSlave_ProcessFrame)
    Modbus_CRC16                             0x08001169   Thumb Code    46  modbus_crc.o(i.Modbus_CRC16)
    NMI_Handler                              0x080011a1   Thumb Code     2  stm32f10x_it.o(i.NMI_Handler)
    NVIC_Init                                0x080011c9   Thumb Code   100  misc.o(i.NVIC_Init)
    NVIC_PriorityGroupConfig                 0x08001239   Thumb Code    10  misc.o(i.NVIC_PriorityGroupConfig)
    PendSV_Handler                           0x0800124d   Thumb Code     2  stm32f10x_it.o(i.PendSV_Handler)
    RCC_ADCCLKConfig                         0x08001251   Thumb Code    18  stm32f10x_rcc.o(i.RCC_ADCCLKConfig)
    RCC_APB1PeriphClockCmd                   0x08001269   Thumb Code    26  stm32f10x_rcc.o(i.RCC_APB1PeriphClockCmd)
    RCC_APB2PeriphClockCmd                   0x08001289   Thumb Code    26  stm32f10x_rcc.o(i.RCC_APB2PeriphClockCmd)
    RCC_GetClocksFreq                        0x080012a9   Thumb Code   192  stm32f10x_rcc.o(i.RCC_GetClocksFreq)
    RS485_DelayUs                            0x0800137d   Thumb Code    28  usart2_rs485_driver.o(i.RS485_DelayUs)
    RS485_Init                               0x080013a1   Thumb Code    38  usart2_rs485_driver.o(i.RS485_Init)
    RS485_SendBytes                          0x080013e1   Thumb Code    90  usart2_rs485_driver.o(i.RS485_SendBytes)
    SVC_Handler                              0x0800144d   Thumb Code     2  stm32f10x_it.o(i.SVC_Handler)
    SysTick_Handler                          0x08001539   Thumb Code     2  stm32f10x_it.o(i.SysTick_Handler)
    SystemInit                               0x0800153d   Thumb Code    78  system_stm32f10x.o(i.SystemInit)
    TIM4_GetElapsed                          0x0800159d   Thumb Code    10  tim4_tick_driver.o(i.TIM4_GetElapsed)
    TIM4_GetTick                             0x080015ad   Thumb Code     6  tim4_tick_driver.o(i.TIM4_GetTick)
    TIM4_IRQHandler                          0x080015b9   Thumb Code    32  tim4_tick_driver.o(i.TIM4_IRQHandler)
    TIM4_TickInit                            0x080015e1   Thumb Code    14  tim4_tick_driver.o(i.TIM4_TickInit)
    TIM_ClearITPendingBit                    0x080015f5   Thumb Code     6  stm32f10x_tim.o(i.TIM_ClearITPendingBit)
    TIM_Cmd                                  0x080015fb   Thumb Code    24  stm32f10x_tim.o(i.TIM_Cmd)
    TIM_GetITStatus                          0x08001613   Thumb Code    34  stm32f10x_tim.o(i.TIM_GetITStatus)
    TIM_ITConfig                             0x08001635   Thumb Code    18  stm32f10x_tim.o(i.TIM_ITConfig)
    TIM_TimeBaseInit                         0x08001649   Thumb Code   122  stm32f10x_tim.o(i.TIM_TimeBaseInit)
    TIM_TimeBaseStructInit                   0x080016ed   Thumb Code    18  stm32f10x_tim.o(i.TIM_TimeBaseStructInit)
    USART3_IRQHandler                        0x08001701   Thumb Code   300  usart2_rs485_driver.o(i.USART3_IRQHandler)
    USART_ClearITPendingBit                  0x08001859   Thumb Code    30  stm32f10x_usart.o(i.USART_ClearITPendingBit)
    USART_Cmd                                0x08001877   Thumb Code    24  stm32f10x_usart.o(i.USART_Cmd)
    USART_Config                             0x08001891   Thumb Code   136  bsp_usart.o(i.USART_Config)
    USART_GetFlagStatus                      0x08001921   Thumb Code    26  stm32f10x_usart.o(i.USART_GetFlagStatus)
    USART_GetITStatus                        0x0800193b   Thumb Code    84  stm32f10x_usart.o(i.USART_GetITStatus)
    USART_ITConfig                           0x0800198f   Thumb Code    74  stm32f10x_usart.o(i.USART_ITConfig)
    USART_Init                               0x080019d9   Thumb Code   210  stm32f10x_usart.o(i.USART_Init)
    USART_ReceiveData                        0x08001ab1   Thumb Code    10  stm32f10x_usart.o(i.USART_ReceiveData)
    USART_SendData                           0x08001abb   Thumb Code     8  stm32f10x_usart.o(i.USART_SendData)
    USART_StructInit                         0x08001ac3   Thumb Code    24  stm32f10x_usart.o(i.USART_StructInit)
    UsageFault_Handler                       0x08001adb   Thumb Code     4  stm32f10x_it.o(i.UsageFault_Handler)
    __0printf$8                              0x08001ae1   Thumb Code    22  printf8.o(i.__0printf$8)
    __1printf$8                              0x08001ae1   Thumb Code     0  printf8.o(i.__0printf$8)
    __2printf                                0x08001ae1   Thumb Code     0  printf8.o(i.__0printf$8)
    __ARM_fpclassify                         0x08001b01   Thumb Code    40  fpclassify.o(i.__ARM_fpclassify)
    __kernel_poly                            0x08001b29   Thumb Code   170  poly.o(i.__kernel_poly)
    __mathlib_dbl_divzero                    0x08001bd5   Thumb Code    12  dunder.o(i.__mathlib_dbl_divzero)
    __mathlib_dbl_infnan2                    0x08001be5   Thumb Code     4  dunder.o(i.__mathlib_dbl_infnan2)
    __mathlib_dbl_invalid                    0x08001be9   Thumb Code    12  dunder.o(i.__mathlib_dbl_invalid)
    __mathlib_dbl_overflow                   0x08001bf5   Thumb Code    14  dunder.o(i.__mathlib_dbl_overflow)
    __mathlib_dbl_underflow                  0x08001c05   Thumb Code    10  dunder.o(i.__mathlib_dbl_underflow)
    __scatterload_copy                       0x08001c15   Thumb Code    14  handlers.o(i.__scatterload_copy)
    __scatterload_null                       0x08001c23   Thumb Code     2  handlers.o(i.__scatterload_null)
    __scatterload_zeroinit                   0x08001c25   Thumb Code    14  handlers.o(i.__scatterload_zeroinit)
    __set_errno                              0x08001c35   Thumb Code     6  errno.o(i.__set_errno)
    app_read_holding                         0x08002097   Thumb Code    20  application_data_manager.o(i.app_read_holding)
    app_write_single_holding                 0x080020ab   Thumb Code    16  application_data_manager.o(i.app_write_single_holding)
    fputc                                    0x080020bd   Thumb Code    32  bsp_usart.o(i.fputc)
    main                                     0x080020e1   Thumb Code    70  main.o(i.main)
    modbus_rtu_on_rx_byte                    0x0800220d   Thumb Code    56  modbus_rtu_link.o(i.modbus_rtu_on_rx_byte)
    pow                                      0x08002255   Thumb Code  2512  pow.o(i.pow)
    sqrt                                     0x08002e71   Thumb Code    76  sqrt.o(i.sqrt)
    __mathlib_zero                           0x08003148   Data           8  qnan.o(.constdata)
    Region$$Table$$Base                      0x08003150   Number         0  anon$$obj.o(Region$$Table)
    Region$$Table$$Limit                     0x08003170   Number         0  anon$$obj.o(Region$$Table)
    SystemCoreClock                          0x20000000   Data           4  system_stm32f10x.o(.data)
    AHBPrescTable                            0x20000004   Data          16  system_stm32f10x.o(.data)
    ADC_ConvertedValue                       0x20000028   Data           2  bsp_mq2.o(.data)
    vrl                                      0x2000002c   Data           4  bsp_mq2.o(.data)
    Rs                                       0x20000030   Data           4  bsp_mq2.o(.data)
    ppm                                      0x20000034   Data           4  bsp_mq2.o(.data)
    __stdout                                 0x20000058   Data           4  stdout.o(.data)
    __initial_sp                             0x20000790   Data           0  startup_stm32f10x_md.o(STACK)



==============================================================================

Memory Map of the image

  Image Entry point : 0x080000ed

  Load Region LR_IROM1 (Base: 0x08000000, Size: 0x000031d0, Max: 0x00010000, ABSOLUTE)

    Execution Region ER_IROM1 (Exec base: 0x08000000, Load base: 0x08000000, Size: 0x00003170, Max: 0x00010000, ABSOLUTE)

    Exec Addr    Load Addr    Size         Type   Attr      Idx    E Section Name        Object

    0x08000000   0x08000000   0x000000ec   Data   RO            3    RESET               startup_stm32f10x_md.o
    0x080000ec   0x080000ec   0x00000000   Code   RO         3599  * .ARM.Collect$$$$00000000  mc_w.l(entry.o)
    0x080000ec   0x080000ec   0x00000004   Code   RO         3910    .ARM.Collect$$$$00000001  mc_w.l(entry2.o)
    0x080000f0   0x080000f0   0x00000004   Code   RO         3913    .ARM.Collect$$$$00000004  mc_w.l(entry5.o)
    0x080000f4   0x080000f4   0x00000000   Code   RO         3915    .ARM.Collect$$$$00000008  mc_w.l(entry7b.o)
    0x080000f4   0x080000f4   0x00000000   Code   RO         3917    .ARM.Collect$$$$0000000A  mc_w.l(entry8b.o)
    0x080000f4   0x080000f4   0x00000008   Code   RO         3918    .ARM.Collect$$$$0000000B  mc_w.l(entry9a.o)
    0x080000fc   0x080000fc   0x00000004   Code   RO         3925    .ARM.Collect$$$$0000000E  mc_w.l(entry12b.o)
    0x08000100   0x08000100   0x00000000   Code   RO         3920    .ARM.Collect$$$$0000000F  mc_w.l(entry10a.o)
    0x08000100   0x08000100   0x00000000   Code   RO         3922    .ARM.Collect$$$$00000011  mc_w.l(entry11a.o)
    0x08000100   0x08000100   0x00000004   Code   RO         3911    .ARM.Collect$$$$00002712  mc_w.l(entry2.o)
    0x08000104   0x08000104   0x00000024   Code   RO            4    .text               startup_stm32f10x_md.o
    0x08000128   0x08000128   0x00000064   Code   RO         3863    .text               mf_w.l(fmul.o)
    0x0800018c   0x0800018c   0x0000007c   Code   RO         3865    .text               mf_w.l(fdiv.o)
    0x08000208   0x08000208   0x0000014e   Code   RO         3867    .text               mf_w.l(dadd.o)
    0x08000356   0x08000356   0x000000e4   Code   RO         3869    .text               mf_w.l(dmul.o)
    0x0800043a   0x0800043a   0x0000000a   Code   RO         3871    .text               mf_w.l(ffltui.o)
    0x08000444   0x08000444   0x00000028   Code   RO         3873    .text               mf_w.l(ffixui.o)
    0x0800046c   0x0800046c   0x00000026   Code   RO         3875    .text               mf_w.l(f2d.o)
    0x08000492   0x08000492   0x00000038   Code   RO         3877    .text               mf_w.l(d2f.o)
    0x080004ca   0x080004ca   0x00000002   PAD
    0x080004cc   0x080004cc   0x00000014   Code   RO         3879    .text               mf_w.l(cfcmple.o)
    0x080004e0   0x080004e0   0x00000014   Code   RO         3881    .text               mf_w.l(cfrcmple.o)
    0x080004f4   0x080004f4   0x00000062   Code   RO         3929    .text               mc_w.l(uldiv.o)
    0x08000556   0x08000556   0x0000001e   Code   RO         3931    .text               mc_w.l(llshl.o)
    0x08000574   0x08000574   0x00000024   Code   RO         3933    .text               mc_w.l(llsshr.o)
    0x08000598   0x08000598   0x00000000   Code   RO         3942    .text               mc_w.l(iusefp.o)
    0x08000598   0x08000598   0x0000006e   Code   RO         3943    .text               mf_w.l(fepilogue.o)
    0x08000606   0x08000606   0x000000ba   Code   RO         3945    .text               mf_w.l(depilogue.o)
    0x080006c0   0x080006c0   0x000000de   Code   RO         3947    .text               mf_w.l(ddiv.o)
    0x0800079e   0x0800079e   0x0000002e   Code   RO         3949    .text               mf_w.l(dscalb.o)
    0x080007cc   0x080007cc   0x00000022   Code   RO         3951    .text               mf_w.l(dflti.o)
    0x080007ee   0x080007ee   0x00000002   PAD
    0x080007f0   0x080007f0   0x00000030   Code   RO         3955    .text               mf_w.l(cdrcmple.o)
    0x08000820   0x08000820   0x00000024   Code   RO         3957    .text               mc_w.l(init.o)
    0x08000844   0x08000844   0x00000020   Code   RO         3959    .text               mc_w.l(llushr.o)
    0x08000864   0x08000864   0x000000a2   Code   RO         3961    .text               mf_w.l(dsqrt.o)
    0x08000906   0x08000906   0x00000002   PAD
    0x08000908   0x08000908   0x00000030   Code   RO         3267    i.ADC1_2_IRQHandler  bsp_mq2.o
    0x08000938   0x08000938   0x0000000a   Code   RO          182    i.ADC_ClearITPendingBit  stm32f10x_adc.o
    0x08000942   0x08000942   0x00000016   Code   RO          183    i.ADC_Cmd           stm32f10x_adc.o
    0x08000958   0x08000958   0x00000014   Code   RO          191    i.ADC_GetCalibrationStatus  stm32f10x_adc.o
    0x0800096c   0x0800096c   0x00000008   Code   RO          192    i.ADC_GetConversionValue  stm32f10x_adc.o
    0x08000974   0x08000974   0x00000024   Code   RO          195    i.ADC_GetITStatus   stm32f10x_adc.o
    0x08000998   0x08000998   0x00000014   Code   RO          197    i.ADC_GetResetCalibrationStatus  stm32f10x_adc.o
    0x080009ac   0x080009ac   0x00000018   Code   RO          200    i.ADC_ITConfig      stm32f10x_adc.o
    0x080009c4   0x080009c4   0x00000050   Code   RO          201    i.ADC_Init          stm32f10x_adc.o
    0x08000a14   0x08000a14   0x000000b8   Code   RO          205    i.ADC_RegularChannelConfig  stm32f10x_adc.o
    0x08000acc   0x08000acc   0x0000000a   Code   RO          206    i.ADC_ResetCalibration  stm32f10x_adc.o
    0x08000ad6   0x08000ad6   0x00000016   Code   RO          208    i.ADC_SoftwareStartConvCmd  stm32f10x_adc.o
    0x08000aec   0x08000aec   0x0000000a   Code   RO          210    i.ADC_StartCalibration  stm32f10x_adc.o
    0x08000af6   0x08000af6   0x00000002   PAD
    0x08000af8   0x08000af8   0x00000020   Code   RO         3319    i.AppData_Init      application_data_manager.o
    0x08000b18   0x08000b18   0x00000044   Code   RO         3320    i.AppData_ReadHolding  application_data_manager.o
    0x08000b5c   0x08000b5c   0x00000014   Code   RO         3321    i.AppData_UpdateMQ2  application_data_manager.o
    0x08000b70   0x08000b70   0x0000001c   Code   RO         3322    i.AppData_WriteHolding  application_data_manager.o
    0x08000b8c   0x08000b8c   0x00000004   Code   RO         3151    i.BusFault_Handler  stm32f10x_it.o
    0x08000b90   0x08000b90   0x00000002   Code   RO         3152    i.DebugMon_Handler  stm32f10x_it.o
    0x08000b92   0x08000b92   0x00000012   Code   RO         3108    i.Delay             main.o
    0x08000ba4   0x08000ba4   0x00000116   Code   RO         1292    i.GPIO_Init         stm32f10x_gpio.o
    0x08000cba   0x08000cba   0x00000004   Code   RO         1299    i.GPIO_ResetBits    stm32f10x_gpio.o
    0x08000cbe   0x08000cbe   0x00000004   Code   RO         1300    i.GPIO_SetBits      stm32f10x_gpio.o
    0x08000cc2   0x08000cc2   0x00000004   Code   RO         3153    i.HardFault_Handler  stm32f10x_it.o
    0x08000cc6   0x08000cc6   0x00000002   PAD
    0x08000cc8   0x08000cc8   0x00000018   Code   RO         3417    i.MB_RTU_Init       modbus_rtu_link.o
    0x08000ce0   0x08000ce0   0x00000064   Code   RO         3418    i.MB_RTU_Process    modbus_rtu_link.o
    0x08000d44   0x08000d44   0x00000090   Code   RO         3268    i.MQ2_ADC_Mode_Config  bsp_mq2.o
    0x08000dd4   0x08000dd4   0x00000026   Code   RO         3269    i.MQ2_ADC_NVIC_Config  bsp_mq2.o
    0x08000dfa   0x08000dfa   0x00000002   PAD
    0x08000dfc   0x08000dfc   0x00000040   Code   RO         3270    i.MQ2_GPIO_Config   bsp_mq2.o
    0x08000e3c   0x08000e3c   0x00000034   Code   RO         3271    i.MQ2_GetPPM        bsp_mq2.o
    0x08000e70   0x08000e70   0x000000d0   Code   RO         3272    i.MQ2_Get_PPM       bsp_mq2.o
    0x08000f40   0x08000f40   0x00000010   Code   RO         3273    i.MQ2_Init          bsp_mq2.o
    0x08000f50   0x08000f50   0x00000004   Code   RO         3154    i.MemManage_Handler  stm32f10x_it.o
    0x08000f54   0x08000f54   0x00000214   Code   RO         3372    i.ModbusSlave_ProcessFrame  modbus_slave_protocol.o
    0x08001168   0x08001168   0x00000038   Code   RO         3461    i.Modbus_CRC16      modbus_crc.o
    0x080011a0   0x080011a0   0x00000002   Code   RO         3155    i.NMI_Handler       stm32f10x_it.o
    0x080011a2   0x080011a2   0x00000026   Code   RO         3214    i.NVIC_Configuration  bsp_usart.o
    0x080011c8   0x080011c8   0x00000070   Code   RO          137    i.NVIC_Init         misc.o
    0x08001238   0x08001238   0x00000014   Code   RO          138    i.NVIC_PriorityGroupConfig  misc.o
    0x0800124c   0x0800124c   0x00000002   Code   RO         3156    i.PendSV_Handler    stm32f10x_it.o
    0x0800124e   0x0800124e   0x00000002   PAD
    0x08001250   0x08001250   0x00000018   Code   RO         1706    i.RCC_ADCCLKConfig  stm32f10x_rcc.o
    0x08001268   0x08001268   0x00000020   Code   RO         1708    i.RCC_APB1PeriphClockCmd  stm32f10x_rcc.o
    0x08001288   0x08001288   0x00000020   Code   RO         1710    i.RCC_APB2PeriphClockCmd  stm32f10x_rcc.o
    0x080012a8   0x080012a8   0x000000d4   Code   RO         1718    i.RCC_GetClocksFreq  stm32f10x_rcc.o
    0x0800137c   0x0800137c   0x00000024   Code   RO         3512    i.RS485_DelayUs     usart2_rs485_driver.o
    0x080013a0   0x080013a0   0x00000040   Code   RO         3514    i.RS485_Init        usart2_rs485_driver.o
    0x080013e0   0x080013e0   0x0000006c   Code   RO         3516    i.RS485_SendBytes   usart2_rs485_driver.o
    0x0800144c   0x0800144c   0x00000002   Code   RO         3157    i.SVC_Handler       stm32f10x_it.o
    0x0800144e   0x0800144e   0x00000008   Code   RO           24    i.SetSysClock       system_stm32f10x.o
    0x08001456   0x08001456   0x00000002   PAD
    0x08001458   0x08001458   0x000000e0   Code   RO           25    i.SetSysClockTo72   system_stm32f10x.o
    0x08001538   0x08001538   0x00000002   Code   RO         3158    i.SysTick_Handler   stm32f10x_it.o
    0x0800153a   0x0800153a   0x00000002   PAD
    0x0800153c   0x0800153c   0x00000060   Code   RO           27    i.SystemInit        system_stm32f10x.o
    0x0800159c   0x0800159c   0x00000010   Code   RO         3475    i.TIM4_GetElapsed   tim4_tick_driver.o
    0x080015ac   0x080015ac   0x0000000c   Code   RO         3476    i.TIM4_GetTick      tim4_tick_driver.o
    0x080015b8   0x080015b8   0x00000028   Code   RO         3477    i.TIM4_IRQHandler   tim4_tick_driver.o
    0x080015e0   0x080015e0   0x00000014   Code   RO         3478    i.TIM4_TickInit     tim4_tick_driver.o
    0x080015f4   0x080015f4   0x00000006   Code   RO         2337    i.TIM_ClearITPendingBit  stm32f10x_tim.o
    0x080015fa   0x080015fa   0x00000018   Code   RO         2342    i.TIM_Cmd           stm32f10x_tim.o
    0x08001612   0x08001612   0x00000022   Code   RO         2363    i.TIM_GetITStatus   stm32f10x_tim.o
    0x08001634   0x08001634   0x00000012   Code   RO         2367    i.TIM_ITConfig      stm32f10x_tim.o
    0x08001646   0x08001646   0x00000002   PAD
    0x08001648   0x08001648   0x000000a4   Code   RO         2413    i.TIM_TimeBaseInit  stm32f10x_tim.o
    0x080016ec   0x080016ec   0x00000012   Code   RO         2414    i.TIM_TimeBaseStructInit  stm32f10x_tim.o
    0x080016fe   0x080016fe   0x00000002   PAD
    0x08001700   0x08001700   0x00000158   Code   RO         3519    i.USART3_IRQHandler  usart2_rs485_driver.o
    0x08001858   0x08001858   0x0000001e   Code   RO         2875    i.USART_ClearITPendingBit  stm32f10x_usart.o
    0x08001876   0x08001876   0x00000018   Code   RO         2878    i.USART_Cmd         stm32f10x_usart.o
    0x0800188e   0x0800188e   0x00000002   PAD
    0x08001890   0x08001890   0x00000090   Code   RO         3215    i.USART_Config      bsp_usart.o
    0x08001920   0x08001920   0x0000001a   Code   RO         2881    i.USART_GetFlagStatus  stm32f10x_usart.o
    0x0800193a   0x0800193a   0x00000054   Code   RO         2882    i.USART_GetITStatus  stm32f10x_usart.o
    0x0800198e   0x0800198e   0x0000004a   Code   RO         2884    i.USART_ITConfig    stm32f10x_usart.o
    0x080019d8   0x080019d8   0x000000d8   Code   RO         2885    i.USART_Init        stm32f10x_usart.o
    0x08001ab0   0x08001ab0   0x0000000a   Code   RO         2892    i.USART_ReceiveData  stm32f10x_usart.o
    0x08001aba   0x08001aba   0x00000008   Code   RO         2895    i.USART_SendData    stm32f10x_usart.o
    0x08001ac2   0x08001ac2   0x00000018   Code   RO         2901    i.USART_StructInit  stm32f10x_usart.o
    0x08001ada   0x08001ada   0x00000004   Code   RO         3159    i.UsageFault_Handler  stm32f10x_it.o
    0x08001ade   0x08001ade   0x00000002   PAD
    0x08001ae0   0x08001ae0   0x00000020   Code   RO         3809    i.__0printf$8       mc_w.l(printf8.o)
    0x08001b00   0x08001b00   0x00000028   Code   RO         3897    i.__ARM_fpclassify  m_ws.l(fpclassify.o)
    0x08001b28   0x08001b28   0x000000aa   Code   RO         3899    i.__kernel_poly     m_ws.l(poly.o)
    0x08001bd2   0x08001bd2   0x00000002   PAD
    0x08001bd4   0x08001bd4   0x00000010   Code   RO         3883    i.__mathlib_dbl_divzero  m_ws.l(dunder.o)
    0x08001be4   0x08001be4   0x00000004   Code   RO         3885    i.__mathlib_dbl_infnan2  m_ws.l(dunder.o)
    0x08001be8   0x08001be8   0x0000000c   Code   RO         3886    i.__mathlib_dbl_invalid  m_ws.l(dunder.o)
    0x08001bf4   0x08001bf4   0x0000000e   Code   RO         3887    i.__mathlib_dbl_overflow  m_ws.l(dunder.o)
    0x08001c02   0x08001c02   0x00000002   PAD
    0x08001c04   0x08001c04   0x00000010   Code   RO         3889    i.__mathlib_dbl_underflow  m_ws.l(dunder.o)
    0x08001c14   0x08001c14   0x0000000e   Code   RO         3967    i.__scatterload_copy  mc_w.l(handlers.o)
    0x08001c22   0x08001c22   0x00000002   Code   RO         3968    i.__scatterload_null  mc_w.l(handlers.o)
    0x08001c24   0x08001c24   0x0000000e   Code   RO         3969    i.__scatterload_zeroinit  mc_w.l(handlers.o)
    0x08001c32   0x08001c32   0x00000002   PAD
    0x08001c34   0x08001c34   0x0000000c   Code   RO         3937    i.__set_errno       mc_w.l(errno.o)
    0x08001c40   0x08001c40   0x00000404   Code   RO         3816    i._printf_core      mc_w.l(printf8.o)
    0x08002044   0x08002044   0x00000024   Code   RO         3817    i._printf_post_padding  mc_w.l(printf8.o)
    0x08002068   0x08002068   0x0000002e   Code   RO         3818    i._printf_pre_padding  mc_w.l(printf8.o)
    0x08002096   0x08002096   0x00000014   Code   RO         3324    i.app_read_holding  application_data_manager.o
    0x080020aa   0x080020aa   0x00000010   Code   RO         3325    i.app_write_single_holding  application_data_manager.o
    0x080020ba   0x080020ba   0x00000002   PAD
    0x080020bc   0x080020bc   0x00000024   Code   RO         3221    i.fputc             bsp_usart.o
    0x080020e0   0x080020e0   0x0000012c   Code   RO         3109    i.main              main.o
    0x0800220c   0x0800220c   0x00000048   Code   RO         3420    i.modbus_rtu_on_rx_byte  modbus_rtu_link.o
    0x08002254   0x08002254   0x000009d8   Code   RO         3590    i.pow               m_ws.l(pow.o)
    0x08002c2c   0x08002c2c   0x00000020   Code   RO         3520    i.prv_dir_tx        usart2_rs485_driver.o
    0x08002c4c   0x08002c4c   0x0000007c   Code   RO         3521    i.prv_gpio_init     usart2_rs485_driver.o
    0x08002cc8   0x08002cc8   0x00000014   Code   RO         3421    i.prv_rx_reset      modbus_rtu_link.o
    0x08002cdc   0x08002cdc   0x00000068   Code   RO         3373    i.prv_send_adu_with_crc  modbus_slave_protocol.o
    0x08002d44   0x08002d44   0x00000028   Code   RO         3374    i.prv_send_exception  modbus_slave_protocol.o
    0x08002d6c   0x08002d6c   0x00000070   Code   RO         3479    i.prv_tim4_init     tim4_tick_driver.o
    0x08002ddc   0x08002ddc   0x00000088   Code   RO         3522    i.prv_usart_init    usart2_rs485_driver.o
    0x08002e64   0x08002e64   0x0000000c   Code   RO         3375    i.rd_u16be          modbus_slave_protocol.o
    0x08002e70   0x08002e70   0x0000004c   Code   RO         3903    i.sqrt              m_ws.l(sqrt.o)
    0x08002ebc   0x08002ebc   0x00000200   Data   RO         3462    .constdata          modbus_crc.o
    0x080030bc   0x080030bc   0x00000004   PAD
    0x080030c0   0x080030c0   0x00000088   Data   RO         3591    .constdata          m_ws.l(pow.o)
    0x08003148   0x08003148   0x00000008   Data   RO         3901    .constdata          m_ws.l(qnan.o)
    0x08003150   0x08003150   0x00000020   Data   RO         3965    Region$$Table       anon$$obj.o


    Execution Region RW_IRAM1 (Exec base: 0x20000000, Load base: 0x08003170, Size: 0x00000790, Max: 0x00005000, ABSOLUTE)

    Exec Addr    Load Addr    Size         Type   Attr      Idx    E Section Name        Object

    0x20000000   0x08003170   0x00000014   Data   RW           28    .data               system_stm32f10x.o
    0x20000014   0x08003184   0x00000014   Data   RW         1738    .data               stm32f10x_rcc.o
    0x20000028   0x08003198   0x00000010   Data   RW         3274    .data               bsp_mq2.o
    0x20000038   0x080031a8   0x0000000c   Data   RW         3423    .data               modbus_rtu_link.o
    0x20000044   0x080031b4   0x00000004   Data   RW         3480    .data               tim4_tick_driver.o
    0x20000048   0x080031b8   0x0000000e   Data   RW         3525    .data               usart2_rs485_driver.o
    0x20000056   0x080031c6   0x00000002   PAD
    0x20000058   0x080031c8   0x00000004   Data   RW         3926    .data               mc_w.l(stdout.o)
    0x2000005c   0x080031cc   0x00000004   Data   RW         3938    .data               mc_w.l(errno.o)
    0x20000060        -       0x0000002a   Zero   RW         3326    .bss                application_data_manager.o
    0x2000008a        -       0x00000100   Zero   RW         3376    .bss                modbus_slave_protocol.o
    0x2000018a        -       0x00000100   Zero   RW         3422    .bss                modbus_rtu_link.o
    0x2000028a        -       0x00000100   Zero   RW         3524    .bss                usart2_rs485_driver.o
    0x2000038a   0x080031d0   0x00000006   PAD
    0x20000390        -       0x00000400   Zero   RW            1    STACK               startup_stm32f10x_md.o


==============================================================================

Image component sizes


      Code (inc. data)   RO Data    RW Data    ZI Data      Debug   Object Name

       184         16          0          0         42       4390   application_data_manager.o
       570         70          0         16          0       4030   bsp_mq2.o
       218         12          0          0          0       1603   bsp_usart.o
         0          0          0          0          0       4508   core_cm3.o
       318        230          0          0          0       2648   main.o
       132         22          0          0          0       1607   misc.o
        56         10        512          0          0       1251   modbus_crc.o
       216         56          0         12        256       3311   modbus_rtu_link.o
       688         60          0          0        256       4323   modbus_slave_protocol.o
        36          8        236          0       1024        844   startup_stm32f10x_md.o
       446         10          0          0          0       9566   stm32f10x_adc.o
       286          0          0          0          0       3124   stm32f10x_gpio.o
        26          0          0          0          0       3686   stm32f10x_it.o
       300         38          0         20          0       5093   stm32f10x_rcc.o
       264         42          0          0          0       4243   stm32f10x_tim.o
       496          6          0          0          0       7542   stm32f10x_usart.o
       328         28          0         20          0     258273   system_stm32f10x.o
       200         30          0          4          0       3007   tim4_tick_driver.o
       844        112          0         14        256       5299   usart2_rs485_driver.o

    ----------------------------------------------------------------------
      5630        750        784         88       1840     328348   Object Totals
         0          0         32          0          0          0   (incl. Generated)
        22          0          4          2          6          0   (incl. Padding)

    ----------------------------------------------------------------------

      Code (inc. data)   RO Data    RW Data    ZI Data      Debug   Library Member Name

        62         10          0          0          0        340   dunder.o
        40          0          0          0          0         68   fpclassify.o
       170          0          0          0          0         96   poly.o
      2520        190        136          0          0        324   pow.o
         0          0          8          0          0          0   qnan.o
        76          0          0          0          0         84   sqrt.o
         0          0          0          0          0          0   entry.o
         0          0          0          0          0          0   entry10a.o
         0          0          0          0          0          0   entry11a.o
         4          0          0          0          0          0   entry12b.o
         8          4          0          0          0          0   entry2.o
         4          0          0          0          0          0   entry5.o
         0          0          0          0          0          0   entry7b.o
         0          0          0          0          0          0   entry8b.o
         8          4          0          0          0          0   entry9a.o
        12          6          0          4          0         68   errno.o
        30          0          0          0          0          0   handlers.o
        36          8          0          0          0         68   init.o
         0          0          0          0          0          0   iusefp.o
        30          0          0          0          0         68   llshl.o
        36          0          0          0          0         68   llsshr.o
        32          0          0          0          0         68   llushr.o
      1142         54          0          0          0        352   printf8.o
         0          0          0          4          0          0   stdout.o
        98          0          0          0          0         92   uldiv.o
        48          0          0          0          0         68   cdrcmple.o
        20          0          0          0          0         68   cfcmple.o
        20          0          0          0          0         68   cfrcmple.o
        56          0          0          0          0         88   d2f.o
       334          0          0          0          0        148   dadd.o
       222          0          0          0          0        100   ddiv.o
       186          0          0          0          0        176   depilogue.o
        34          0          0          0          0         76   dflti.o
       228          0          0          0          0         96   dmul.o
        46          0          0          0          0         80   dscalb.o
       162          0          0          0          0        100   dsqrt.o
        38          0          0          0          0         68   f2d.o
       124          0          0          0          0         88   fdiv.o
       110          0          0          0          0        168   fepilogue.o
        40          0          0          0          0         68   ffixui.o
        10          0          0          0          0         68   ffltui.o
       100          0          0          0          0         76   fmul.o

    ----------------------------------------------------------------------
      6098        276        144          8          0       3300   Library Totals
        12          0          0          0          0          0   (incl. Padding)

    ----------------------------------------------------------------------

      Code (inc. data)   RO Data    RW Data    ZI Data      Debug   Library Name

      2868        200        144          0          0        912   m_ws.l
      1440         76          0          8          0        784   mc_w.l
      1778          0          0          0          0       1604   mf_w.l

    ----------------------------------------------------------------------
      6098        276        144          8          0       3300   Library Totals

    ----------------------------------------------------------------------

==============================================================================


      Code (inc. data)   RO Data    RW Data    ZI Data      Debug   

     11728       1026        928         96       1840     325768   Grand Totals
     11728       1026        928         96       1840     325768   ELF Image Totals
     11728       1026        928         96          0          0   ROM Totals

==============================================================================

    Total RO  Size (Code + RO Data)                12656 (  12.36kB)
    Total RW  Size (RW Data + ZI Data)              1936 (   1.89kB)
    Total ROM Size (Code + RO Data + RW Data)      12752 (  12.45kB)

==============================================================================

