Component: ARM Compiler 5.06 update 7 (build 960) Tool: armlink [4d3601]

==============================================================================

Section Cross References

    startup_stm32f429_439xx.o(RESET) refers to startup_stm32f429_439xx.o(STACK) for __initial_sp
    startup_stm32f429_439xx.o(RESET) refers to startup_stm32f429_439xx.o(.text) for Reset_Handler
    startup_stm32f429_439xx.o(RESET) refers to stm32f4xx_it.o(i.NMI_Handler) for NMI_Handler
    startup_stm32f429_439xx.o(RESET) refers to stm32f4xx_it.o(i.HardFault_Handler) for HardFault_Handler
    startup_stm32f429_439xx.o(RESET) refers to stm32f4xx_it.o(i.MemManage_Handler) for MemManage_Handler
    startup_stm32f429_439xx.o(RESET) refers to stm32f4xx_it.o(i.BusFault_Handler) for BusFault_Handler
    startup_stm32f429_439xx.o(RESET) refers to stm32f4xx_it.o(i.UsageFault_Handler) for UsageFault_Handler
    startup_stm32f429_439xx.o(RESET) refers to stm32f4xx_it.o(i.SVC_Handler) for SVC_Handler
    startup_stm32f429_439xx.o(RESET) refers to stm32f4xx_it.o(i.DebugMon_Handler) for DebugMon_Handler
    startup_stm32f429_439xx.o(RESET) refers to stm32f4xx_it.o(i.PendSV_Handler) for PendSV_Handler
    startup_stm32f429_439xx.o(RESET) refers to stm32f4xx_it.o(i.SysTick_Handler) for SysTick_Handler
    startup_stm32f429_439xx.o(RESET) refers to bsp_usart.o(i.USART1_IRQHandler) for USART1_IRQHandler
    startup_stm32f429_439xx.o(RESET) refers to rs485_driver.o(i.USART2_IRQHandler) for USART2_IRQHandler
    startup_stm32f429_439xx.o(RESET) refers to bsp_esp8266.o(i.USART3_IRQHandler) for USART3_IRQHandler
    startup_stm32f429_439xx.o(RESET) refers to rs485_driver.o(i.TIM6_DAC_IRQHandler) for TIM6_DAC_IRQHandler
    startup_stm32f429_439xx.o(.text) refers to system_stm32f4xx.o(i.SystemInit) for SystemInit
    startup_stm32f429_439xx.o(.text) refers to entry.o(.ARM.Collect$$$$00000000) for __main
    system_stm32f4xx.o(i.SystemCoreClockUpdate) refers to system_stm32f4xx.o(.data) for .data
    system_stm32f4xx.o(i.SystemInit) refers to system_stm32f4xx.o(i.SetSysClock) for SetSysClock
    stm32f4xx_adc.o(i.ADC_DeInit) refers to stm32f4xx_rcc.o(i.RCC_APB2PeriphResetCmd) for RCC_APB2PeriphResetCmd
    stm32f4xx_can.o(i.CAN_DeInit) refers to stm32f4xx_rcc.o(i.RCC_APB1PeriphResetCmd) for RCC_APB1PeriphResetCmd
    stm32f4xx_can.o(i.CAN_GetITStatus) refers to stm32f4xx_can.o(i.CheckITStatus) for CheckITStatus
    stm32f4xx_cryp.o(i.CRYP_DeInit) refers to stm32f4xx_rcc.o(i.RCC_AHB2PeriphResetCmd) for RCC_AHB2PeriphResetCmd
    stm32f4xx_cryp_aes.o(i.CRYP_AES_CBC) refers to stm32f4xx_cryp.o(i.CRYP_KeyStructInit) for CRYP_KeyStructInit
    stm32f4xx_cryp_aes.o(i.CRYP_AES_CBC) refers to stm32f4xx_cryp.o(i.CRYP_KeyInit) for CRYP_KeyInit
    stm32f4xx_cryp_aes.o(i.CRYP_AES_CBC) refers to stm32f4xx_cryp.o(i.CRYP_Init) for CRYP_Init
    stm32f4xx_cryp_aes.o(i.CRYP_AES_CBC) refers to stm32f4xx_cryp.o(i.CRYP_IVInit) for CRYP_IVInit
    stm32f4xx_cryp_aes.o(i.CRYP_AES_CBC) refers to stm32f4xx_cryp.o(i.CRYP_FIFOFlush) for CRYP_FIFOFlush
    stm32f4xx_cryp_aes.o(i.CRYP_AES_CBC) refers to stm32f4xx_cryp.o(i.CRYP_Cmd) for CRYP_Cmd
    stm32f4xx_cryp_aes.o(i.CRYP_AES_CBC) refers to stm32f4xx_cryp.o(i.CRYP_GetCmdStatus) for CRYP_GetCmdStatus
    stm32f4xx_cryp_aes.o(i.CRYP_AES_CBC) refers to stm32f4xx_cryp.o(i.CRYP_GetFlagStatus) for CRYP_GetFlagStatus
    stm32f4xx_cryp_aes.o(i.CRYP_AES_CBC) refers to stm32f4xx_cryp.o(i.CRYP_DataIn) for CRYP_DataIn
    stm32f4xx_cryp_aes.o(i.CRYP_AES_CBC) refers to stm32f4xx_cryp.o(i.CRYP_DataOut) for CRYP_DataOut
    stm32f4xx_cryp_aes.o(i.CRYP_AES_CCM) refers to stm32f4xx_cryp.o(i.CRYP_KeyStructInit) for CRYP_KeyStructInit
    stm32f4xx_cryp_aes.o(i.CRYP_AES_CCM) refers to stm32f4xx_cryp.o(i.CRYP_FIFOFlush) for CRYP_FIFOFlush
    stm32f4xx_cryp_aes.o(i.CRYP_AES_CCM) refers to stm32f4xx_cryp.o(i.CRYP_KeyInit) for CRYP_KeyInit
    stm32f4xx_cryp_aes.o(i.CRYP_AES_CCM) refers to stm32f4xx_cryp.o(i.CRYP_IVInit) for CRYP_IVInit
    stm32f4xx_cryp_aes.o(i.CRYP_AES_CCM) refers to stm32f4xx_cryp.o(i.CRYP_Init) for CRYP_Init
    stm32f4xx_cryp_aes.o(i.CRYP_AES_CCM) refers to stm32f4xx_cryp.o(i.CRYP_PhaseConfig) for CRYP_PhaseConfig
    stm32f4xx_cryp_aes.o(i.CRYP_AES_CCM) refers to stm32f4xx_cryp.o(i.CRYP_DataIn) for CRYP_DataIn
    stm32f4xx_cryp_aes.o(i.CRYP_AES_CCM) refers to stm32f4xx_cryp.o(i.CRYP_Cmd) for CRYP_Cmd
    stm32f4xx_cryp_aes.o(i.CRYP_AES_CCM) refers to stm32f4xx_cryp.o(i.CRYP_GetCmdStatus) for CRYP_GetCmdStatus
    stm32f4xx_cryp_aes.o(i.CRYP_AES_CCM) refers to stm32f4xx_cryp.o(i.CRYP_GetFlagStatus) for CRYP_GetFlagStatus
    stm32f4xx_cryp_aes.o(i.CRYP_AES_CCM) refers to stm32f4xx_cryp.o(i.CRYP_DataOut) for CRYP_DataOut
    stm32f4xx_cryp_aes.o(i.CRYP_AES_CTR) refers to stm32f4xx_cryp.o(i.CRYP_KeyStructInit) for CRYP_KeyStructInit
    stm32f4xx_cryp_aes.o(i.CRYP_AES_CTR) refers to stm32f4xx_cryp.o(i.CRYP_KeyInit) for CRYP_KeyInit
[...]
    ..\\..\\User\\pwm\\bsp_pwm.c             0x00000000   Number         0  bsp_pwm.o ABSOLUTE
    ..\\..\\User\\stm32f4xx_it.c             0x00000000   Number         0  stm32f4xx_it.o ABSOLUTE
    ..\\..\\User\\systick\\bsp_systick.c     0x00000000   Number         0  bsp_systick.o ABSOLUTE
    ..\\..\\User\\usart\\bsp_usart.c         0x00000000   Number         0  bsp_usart.o ABSOLUTE
    cdrcmple.s                               0x00000000   Number         0  cdrcmple.o ABSOLUTE
    dc.s                                     0x00000000   Number         0  dc.o ABSOLUTE
    handlers.s                               0x00000000   Number         0  handlers.o ABSOLUTE
    init.s                                   0x00000000   Number         0  init.o ABSOLUTE
    RESET                                    0x08000000   Section      428  startup_stm32f429_439xx.o(RESET)
    .ARM.Collect$$$$00000000                 0x080001ac   Section        0  entry.o(.ARM.Collect$$$$00000000)
    .ARM.Collect$$$$00000001                 0x080001ac   Section        4  entry2.o(.ARM.Collect$$$$00000001)
    .ARM.Collect$$$$00000004                 0x080001b0   Section        4  entry5.o(.ARM.Collect$$$$00000004)
    .ARM.Collect$$$$00000008                 0x080001b4   Section        0  entry7b.o(.ARM.Collect$$$$00000008)
    .ARM.Collect$$$$0000000A                 0x080001b4   Section        0  entry8b.o(.ARM.Collect$$$$0000000A)
    .ARM.Collect$$$$0000000B                 0x080001b4   Section        8  entry9a.o(.ARM.Collect$$$$0000000B)
    .ARM.Collect$$$$0000000E                 0x080001bc   Section        4  entry12b.o(.ARM.Collect$$$$0000000E)
    .ARM.Collect$$$$0000000F                 0x080001c0   Section        0  entry10a.o(.ARM.Collect$$$$0000000F)
    .ARM.Collect$$$$00000011                 0x080001c0   Section        0  entry11a.o(.ARM.Collect$$$$00000011)
    .ARM.Collect$$$$00002712                 0x080001c0   Section        4  entry2.o(.ARM.Collect$$$$00002712)
    __lit__00000000                          0x080001c0   Data           4  entry2.o(.ARM.Collect$$$$00002712)
    .text                                    0x080001c4   Section       36  startup_stm32f429_439xx.o(.text)
    $v0                                      0x080001c4   Number         0  startup_stm32f429_439xx.o(.text)
    .text                                    0x080001e8   Section        0  memcpya.o(.text)
    .text                                    0x0800020c   Section        0  memseta.o(.text)
    .text                                    0x08000230   Section        0  strstr.o(.text)
    .text                                    0x08000254   Section        0  strchr.o(.text)
    .text                                    0x08000268   Section        0  strlen.o(.text)
    .text                                    0x08000276   Section        0  strcmp.o(.text)
    .text                                    0x08000292   Section        0  strncmp.o(.text)
    .text                                    0x080002b0   Section        0  uidiv.o(.text)
    .text                                    0x080002dc   Section        0  uldiv.o(.text)
    .text                                    0x0800033e   Section        0  iusefp.o(.text)
    .text                                    0x0800033e   Section        0  dadd.o(.text)
    .text                                    0x0800048c   Section        0  dmul.o(.text)
    .text                                    0x08000570   Section        0  ddiv.o(.text)
    .text                                    0x0800064e   Section        0  dfixul.o(.text)
    .text                                    0x08000680   Section       48  cdrcmple.o(.text)
    .text                                    0x080006b0   Section       36  init.o(.text)
    .text                                    0x080006d4   Section        0  llshl.o(.text)
    .text                                    0x080006f2   Section        0  llushr.o(.text)
    .text                                    0x08000712   Section        0  llsshr.o(.text)
    .text                                    0x08000736   Section        0  depilogue.o(.text)
    i.Alarm_CycleOnce                        0x080007f0   Section        0  alarm.o(i.Alarm_CycleOnce)
    i.Alarm_EvaluateLevel                    0x08000840   Section        0  alarm.o(i.Alarm_EvaluateLevel)
    i.Alarm_GetCurrentLevel                  0x0800089c   Section        0  alarm.o(i.Alarm_GetCurrentLevel)
    i.Alarm_Init                             0x080008a8   Section        0  alarm.o(i.Alarm_Init)
    i.Alarm_LED_Process                      0x0800092c   Section        0  alarm.o(i.Alarm_LED_Process)
    i.Alarm_Process                          0x080009f0   Section        0  alarm.o(i.Alarm_Process)
    i.Alarm_SetLevel                         0x08000a84   Section        0  alarm.o(i.Alarm_SetLevel)
    i.BEEP_GPIO_Config                       0x08000b14   Section        0  bsp_beep.o(i.BEEP_GPIO_Config)
    i.BusFault_Handler                       0x08000b54   Section        0  stm32f4xx_it.o(i.BusFault_Handler)
    i.DebugMon_Handler                       0x08000b56   Section        0  stm32f4xx_it.o(i.DebugMon_Handler)
    i.DelayMs                                0x08000b58   Section        0  bsp_systick.o(i.DelayMs)
    i.ESP8266_AT_Test                        0x08000b6c   Section        0  bsp_esp8266.o(i.ESP8266_AT_Test)
    i.ESP8266_CIPSEND_RAW                    0x08000bb8   Section        0  bsp_esp8266.o(i.ESP8266_CIPSEND_RAW)
    i.ESP8266_Cmd                            0x08000c14   Section        0  bsp_esp8266.o(i.ESP8266_Cmd)
    i.ESP8266_DHCP_CUR                       0x08000cb8   Section        0  bsp_esp8266.o(i.ESP8266_DHCP_CUR)
    i.ESP8266_Enable_MultipleId              0x08000cec   Section        0  bsp_esp8266.o(i.ESP8266_Enable_MultipleId)
    i.ESP8266_GPIO_Config                    0x08000d28   Section        0  bsp_esp8266.o(i.ESP8266_GPIO_Config)
    ESP8266_GPIO_Config                      0x08000d29   Thumb Code    64  bsp_esp8266.o(i.ESP8266_GPIO_Config)
    i.ESP8266_Init                           0x08000d6c   Section        0  bsp_esp8266.o(i.ESP8266_Init)
    i.ESP8266_JoinAP                         0x08000d94   Section        0  bsp_esp8266.o(i.ESP8266_JoinAP)
    i.ESP8266_Link_Server                    0x08000dd0   Section        0  bsp_esp8266.o(i.ESP8266_Link_Server)
    i.ESP8266_MQTT_CycleOnce                 0x08000e88   Section        0  bsp_esp8266.o(i.ESP8266_MQTT_CycleOnce)
    i.ESP8266_MQTT_POLL_RECEIVE              0x08000fbc   Section        0  bsp_esp8266_mqtt.o(i.ESP8266_MQTT_POLL_RECEIVE)
    i.ESP8266_MQTT_PUB                       0x08001590   Section        0  bsp_esp8266_mqtt.o(i.ESP8266_MQTT_PUB)
    i.ESP8266_MQTT_TCP_CONNECT_AND_SUB       0x080016d0   Section        0  bsp_esp8266_mqtt.o(i.ESP8266_MQTT_TCP_CONNECT_AND_SUB)
    i.ESP8266_Net_Mode_Choose                0x080016d4   Section        0  bsp_esp8266.o(i.ESP8266_Net_Mode_Choose)
    i.ESP8266_Printf                         0x0800173c   Section        0  bsp_esp8266.o(i.ESP8266_Printf)
    ESP8266_Printf                           0x0800173d   Thumb Code    84  bsp_esp8266.o(i.ESP8266_Printf)
    i.ESP8266_Rst                            0x08001794   Section        0  bsp_esp8266.o(i.ESP8266_Rst)
    i.ESP8266_SendBytesRaw                   0x080017bc   Section        0  bsp_esp8266.o(i.ESP8266_SendBytesRaw)
    i.ESP8266_USART_Config                   0x08001804   Section        0  bsp_esp8266.o(i.ESP8266_USART_Config)
    ESP8266_USART_Config                     0x08001805   Thumb Code   170  bsp_esp8266.o(i.ESP8266_USART_Config)
    i.ESP8266_USART_NVIC_Configuration       0x080018b8   Section        0  bsp_esp8266.o(i.ESP8266_USART_NVIC_Configuration)
    ESP8266_USART_NVIC_Configuration         0x080018b9   Thumb Code    40  bsp_esp8266.o(i.ESP8266_USART_NVIC_Configuration)
    i.ESP8266_WiFiAndMQTT_Startup            0x080018e0   Section        0  bsp_esp8266.o(i.ESP8266_WiFiAndMQTT_Startup)
    i.GPIO_Init                              0x08001b18   Section        0  stm32f4xx_gpio.o(i.GPIO_Init)
    i.GPIO_PinAFConfig                       0x08001b94   Section        0  stm32f4xx_gpio.o(i.GPIO_PinAFConfig)
    i.GPIO_ResetBits                         0x08001bb4   Section        0  stm32f4xx_gpio.o(i.GPIO_ResetBits)
    i.GPIO_SetBits                           0x08001bb8   Section        0  stm32f4xx_gpio.o(i.GPIO_SetBits)
    i.HardFault_Handler                      0x08001bbc   Section        0  stm32f4xx_it.o(i.HardFault_Handler)
    i.InitSysTick                            0x08001bc0   Section        0  bsp_systick.o(i.InitSysTick)
    i.LED_PWM_Config                         0x08001be4   Section        0  bsp_pwm.o(i.LED_PWM_Config)
    i.LED_PWM_SetDuty                        0x08001d18   Section        0  bsp_pwm.o(i.LED_PWM_SetDuty)
    i.MB_RTU_LinkInit                        0x08001d70   Section        0  modbus_rtu_link.o(i.MB_RTU_LinkInit)
    i.MB_RTU_OnRxByte                        0x08001d74   Section        0  modbus_rtu_link.o(i.MB_RTU_OnRxByte)
    i.MB_RTU_OnT35Expired                    0x08001dc0   Section        0  modbus_rtu_link.o(i.MB_RTU_OnT35Expired)
    i.MB_RTU_OnTxEmpty                       0x08001de8   Section        0  modbus_rtu_link.o(i.MB_RTU_OnTxEmpty)
    i.MB_RTU_RegisterFrameReady              0x08001e10   Section        0  modbus_rtu_link.o(i.MB_RTU_RegisterFrameReady)
    i.MB_RTU_Send                            0x08001e1c   Section        0  modbus_rtu_link.o(i.MB_RTU_Send)
    i.MB_Timebase_SysTickHook                0x08001e74   Section        0  modbus_timebase.o(i.MB_Timebase_SysTickHook)
    i.MemManage_Handler                      0x08001e84   Section        0  stm32f4xx_it.o(i.MemManage_Handler)
    i.Modbus_CRC16                           0x08001e88   Section        0  modbus_crc.o(i.Modbus_CRC16)
    i.Modbus_ReadSlave1_Light                0x08001eb4   Section        0  modbus_read.o(i.Modbus_ReadSlave1_Light)
    i.Modbus_ReadSlave2_TempHum              0x08001f58   Section        0  modbus_read.o(i.Modbus_ReadSlave2_TempHum)
    i.Modbus_ReadSlave3_MQ2                  0x08002004   Section        0  modbus_read.o(i.Modbus_ReadSlave3_MQ2)
    i.Modbus_Read_Init                       0x080020a8   Section        0  modbus_read.o(i.Modbus_Read_Init)
    i.Motor_Direction_GPIO_Config            0x080020d8   Section        0  bsp_motor.o(i.Motor_Direction_GPIO_Config)
    Motor_Direction_GPIO_Config              0x080020d9   Thumb Code   112  bsp_motor.o(i.Motor_Direction_GPIO_Config)
    i.Motor_Forward                          0x0800214c   Section        0  bsp_motor.o(i.Motor_Forward)
    i.Motor_Init                             0x08002168   Section        0  bsp_motor.o(i.Motor_Init)
    i.Motor_PWM_GPIO_Config                  0x080021b4   Section        0  bsp_motor.o(i.Motor_PWM_GPIO_Config)
    Motor_PWM_GPIO_Config                    0x080021b5   Thumb Code    58  bsp_motor.o(i.Motor_PWM_GPIO_Config)
    i.Motor_PWM_TIM_Config                   0x080021f4   Section        0  bsp_motor.o(i.Motor_PWM_TIM_Config)
    Motor_PWM_TIM_Config                     0x080021f5   Thumb Code   118  bsp_motor.o(i.Motor_PWM_TIM_Config)
    i.Motor_SetSpeed                         0x08002270   Section        0  bsp_motor.o(i.Motor_SetSpeed)
    i.Motor_Stop                             0x08002294   Section        0  bsp_motor.o(i.Motor_Stop)
    i.NMI_Handler                            0x080022b8   Section        0  stm32f4xx_it.o(i.NMI_Handler)
    i.NVIC_Configuration                     0x080022ba   Section        0  bsp_usart.o(i.NVIC_Configuration)
    NVIC_Configuration                       0x080022bb   Thumb Code    38  bsp_usart.o(i.NVIC_Configuration)
    i.NVIC_Init                              0x080022e0   Section        0  misc.o(i.NVIC_Init)
    i.NVIC_PriorityGroupConfig               0x08002348   Section        0  misc.o(i.NVIC_PriorityGroupConfig)
    i.PendSV_Handler                         0x0800235c   Section        0  stm32f4xx_it.o(i.PendSV_Handler)
    i.RCC_AHB1PeriphClockCmd                 0x08002360   Section        0  stm32f4xx_rcc.o(i.RCC_AHB1PeriphClockCmd)
    i.RCC_APB1PeriphClockCmd                 0x0800237c   Section        0  stm32f4xx_rcc.o(i.RCC_APB1PeriphClockCmd)
    i.RCC_APB2PeriphClockCmd                 0x08002398   Section        0  stm32f4xx_rcc.o(i.RCC_APB2PeriphClockCmd)
    i.RCC_GetClocksFreq                      0x080023b4   Section        0  stm32f4xx_rcc.o(i.RCC_GetClocksFreq)
    i.RS485_EnableIRQ                        0x08002458   Section        0  rs485_driver.o(i.RS485_EnableIRQ)
    i.RS485_Init                             0x080024bc   Section        0  rs485_driver.o(i.RS485_Init)
    i.RS485_RegisterCallbacks                0x080024cc   Section        0  rs485_driver.o(i.RS485_RegisterCallbacks)
    i.RS485_SetDirectionTx                   0x080024d8   Section        0  rs485_driver.o(i.RS485_SetDirectionTx)
    i.RS485_TimerInit                        0x080024f4   Section        0  rs485_driver.o(i.RS485_TimerInit)
    i.RS485_TimerStart_T35                   0x080024f8   Section        0  rs485_driver.o(i.RS485_TimerStart_T35)
    i.RS485_WriteByte                        0x08002528   Section        0  rs485_driver.o(i.RS485_WriteByte)
    i.SVC_Handler                            0x08002544   Section        0  stm32f4xx_it.o(i.SVC_Handler)
    i.SetSysClock                            0x08002548   Section        0  system_stm32f4xx.o(i.SetSysClock)
    SetSysClock                              0x08002549   Thumb Code   196  system_stm32f4xx.o(i.SetSysClock)
    i.SysTick_Handler                        0x0800261c   Section        0  stm32f4xx_it.o(i.SysTick_Handler)
    i.SystemInit                             0x08002620   Section        0  system_stm32f4xx.o(i.SystemInit)
    i.TIM6_DAC_IRQHandler                    0x0800267c   Section        0  rs485_driver.o(i.TIM6_DAC_IRQHandler)
    i.TIM_ARRPreloadConfig                   0x080026b4   Section        0  stm32f4xx_tim.o(i.TIM_ARRPreloadConfig)
    i.TIM_ClearITPendingBit                  0x080026cc   Section        0  stm32f4xx_tim.o(i.TIM_ClearITPendingBit)
    i.TIM_Cmd                                0x080026d2   Section        0  stm32f4xx_tim.o(i.TIM_Cmd)
    i.TIM_GenerateEvent                      0x080026ea   Section        0  stm32f4xx_tim.o(i.TIM_GenerateEvent)
    i.TIM_GetITStatus                        0x080026ee   Section        0  stm32f4xx_tim.o(i.TIM_GetITStatus)
    i.TIM_ITConfig                           0x08002706   Section        0  stm32f4xx_tim.o(i.TIM_ITConfig)
    i.TIM_OC1Init                            0x0800271c   Section        0  stm32f4xx_tim.o(i.TIM_OC1Init)
    i.TIM_OC1PreloadConfig                   0x08002784   Section        0  stm32f4xx_tim.o(i.TIM_OC1PreloadConfig)
    i.TIM_OC2Init                            0x08002790   Section        0  stm32f4xx_tim.o(i.TIM_OC2Init)
    i.TIM_OC2PreloadConfig                   0x08002818   Section        0  stm32f4xx_tim.o(i.TIM_OC2PreloadConfig)
    i.TIM_OC3Init                            0x0800282c   Section        0  stm32f4xx_tim.o(i.TIM_OC3Init)
    i.TIM_OC3PreloadConfig                   0x080028b0   Section        0  stm32f4xx_tim.o(i.TIM_OC3PreloadConfig)
    i.TIM_OCStructInit                       0x080028bc   Section        0  stm32f4xx_tim.o(i.TIM_OCStructInit)
    i.TIM_SetCompare1                        0x080028d0   Section        0  stm32f4xx_tim.o(i.TIM_SetCompare1)
    i.TIM_SetCompare2                        0x080028d4   Section        0  stm32f4xx_tim.o(i.TIM_SetCompare2)
    i.TIM_SetCompare3                        0x080028d8   Section        0  stm32f4xx_tim.o(i.TIM_SetCompare3)
    i.TIM_SetCounter                         0x080028dc   Section        0  stm32f4xx_tim.o(i.TIM_SetCounter)
    i.TIM_TimeBaseInit                       0x080028e0   Section        0  stm32f4xx_tim.o(i.TIM_TimeBaseInit)
    i.TIM_TimeBaseStructInit                 0x0800295c   Section        0  stm32f4xx_tim.o(i.TIM_TimeBaseStructInit)
    i.USART1_IRQHandler                      0x08002970   Section        0  bsp_usart.o(i.USART1_IRQHandler)
    i.USART2_IRQHandler                      0x080029dc   Section        0  rs485_driver.o(i.USART2_IRQHandler)
    i.USART3_IRQHandler                      0x08002a74   Section        0  bsp_esp8266.o(i.USART3_IRQHandler)
    i.USART_ClearITPendingBit                0x08002b00   Section        0  stm32f4xx_usart.o(i.USART_ClearITPendingBit)
    i.USART_Cmd                              0x08002b10   Section        0  stm32f4xx_usart.o(i.USART_Cmd)
    i.USART_GetFlagStatus                    0x08002b28   Section        0  stm32f4xx_usart.o(i.USART_GetFlagStatus)
    i.USART_GetITStatus                      0x08002b36   Section        0  stm32f4xx_usart.o(i.USART_GetITStatus)
    i.USART_ITConfig                         0x08002b76   Section        0  stm32f4xx_usart.o(i.USART_ITConfig)
    i.USART_Init                             0x08002bac   Section        0  stm32f4xx_usart.o(i.USART_Init)
    i.USART_ReceiveData                      0x08002c68   Section        0  stm32f4xx_usart.o(i.USART_ReceiveData)
    i.USART_SendData                         0x08002c70   Section        0  stm32f4xx_usart.o(i.USART_SendData)
    i.USART_StructInit                       0x08002c78   Section        0  stm32f4xx_usart.o(i.USART_StructInit)
    i.USARTx_Config                          0x08002c90   Section        0  bsp_usart.o(i.USARTx_Config)
    i.UsageFault_Handler                     0x08002d38   Section        0  stm32f4xx_it.o(i.UsageFault_Handler)
    i.__0printf                              0x08002d3c   Section        0  printfa.o(i.__0printf)
    i.__0snprintf                            0x08002d5c   Section        0  printfa.o(i.__0snprintf)
    i.__0sprintf                             0x08002d90   Section        0  printfa.o(i.__0sprintf)
    i.__0vsnprintf                           0x08002db8   Section        0  printfa.o(i.__0vsnprintf)
    i.__scatterload_copy                     0x08002dec   Section       14  handlers.o(i.__scatterload_copy)
    i.__scatterload_null                     0x08002dfa   Section        2  handlers.o(i.__scatterload_null)
    i.__scatterload_zeroinit                 0x08002dfc   Section       14  handlers.o(i.__scatterload_zeroinit)
    i._fp_digits                             0x08002e0c   Section        0  printfa.o(i._fp_digits)
    _fp_digits                               0x08002e0d   Thumb Code   366  printfa.o(i._fp_digits)
    i._printf_core                           0x08002f90   Section        0  printfa.o(i._printf_core)
    _printf_core                             0x08002f91   Thumb Code  1704  printfa.o(i._printf_core)
    i._printf_post_padding                   0x08003644   Section        0  printfa.o(i._printf_post_padding)
    _printf_post_padding                     0x08003645   Thumb Code    36  printfa.o(i._printf_post_padding)
    i._printf_pre_padding                    0x08003668   Section        0  printfa.o(i._printf_pre_padding)
    _printf_pre_padding                      0x08003669   Thumb Code    46  printfa.o(i._printf_pre_padding)
    i._snputc                                0x08003696   Section        0  printfa.o(i._snputc)
    _snputc                                  0x08003697   Thumb Code    22  printfa.o(i._snputc)
    i._sputc                                 0x080036ac   Section        0  printfa.o(i._sputc)
    _sputc                                   0x080036ad   Thumb Code    10  printfa.o(i._sputc)
    i.app_data_get_value                     0x080036b6   Section        0  application_data_manager.o(i.app_data_get_value)
    i.app_data_update_from_modbus            0x080036dc   Section        0  application_data_manager.o(i.app_data_update_from_modbus)
    i.build_mqtt_connect                     0x08003708   Section        0  bsp_esp8266_mqtt.o(i.build_mqtt_connect)
    build_mqtt_connect                       0x08003709   Thumb Code   188  bsp_esp8266_mqtt.o(i.build_mqtt_connect)
    i.build_mqtt_publish                     0x080037d0   Section        0  bsp_esp8266_mqtt.o(i.build_mqtt_publish)
    build_mqtt_publish                       0x080037d1   Thumb Code   112  bsp_esp8266_mqtt.o(i.build_mqtt_publish)
    i.build_mqtt_subscribe                   0x08003844   Section        0  bsp_esp8266_mqtt.o(i.build_mqtt_subscribe)
    build_mqtt_subscribe                     0x08003845   Thumb Code   114  bsp_esp8266_mqtt.o(i.build_mqtt_subscribe)
    i.extract_ipd_payload                    0x080038bc   Section        0  bsp_esp8266_mqtt.o(i.extract_ipd_payload)
    extract_ipd_payload                      0x080038bd   Thumb Code    76  bsp_esp8266_mqtt.o(i.extract_ipd_payload)
    i.fputc                                  0x08003914   Section        0  bsp_usart.o(i.fputc)
    i.main                                   0x08003938   Section        0  main.o(i.main)
    i.mqtt_tcp_connect_and_subscribe         0x08003994   Section        0  bsp_esp8266_mqtt.o(i.mqtt_tcp_connect_and_subscribe)
    mqtt_tcp_connect_and_subscribe           0x08003995   Thumb Code   424  bsp_esp8266_mqtt.o(i.mqtt_tcp_connect_and_subscribe)
    i.mqtt_varint_enc                        0x08003ccc   Section        0  bsp_esp8266_mqtt.o(i.mqtt_varint_enc)
    mqtt_varint_enc                          0x08003ccd   Thumb Code    36  bsp_esp8266_mqtt.o(i.mqtt_varint_enc)
    i.mqtt_write_str                         0x08003cf0   Section        0  bsp_esp8266_mqtt.o(i.mqtt_write_str)
    mqtt_write_str                           0x08003cf1   Thumb Code    36  bsp_esp8266_mqtt.o(i.mqtt_write_str)
    i.parse_mqtt_connack                     0x08003d14   Section        0  bsp_esp8266_mqtt.o(i.parse_mqtt_connack)
    parse_mqtt_connack                       0x08003d15   Thumb Code    26  bsp_esp8266_mqtt.o(i.parse_mqtt_connack)
    i.prv_GPIO_Config                        0x08003d30   Section        0  rs485_driver.o(i.prv_GPIO_Config)
    prv_GPIO_Config                          0x08003d31   Thumb Code   122  rs485_driver.o(i.prv_GPIO_Config)
    i.prv_Timer_Config                       0x08003db4   Section        0  rs485_driver.o(i.prv_Timer_Config)
    prv_Timer_Config                         0x08003db5   Thumb Code   104  rs485_driver.o(i.prv_Timer_Config)
    i.prv_USART_Config                       0x08003e20   Section        0  rs485_driver.o(i.prv_USART_Config)
    prv_USART_Config                         0x08003e21   Thumb Code   128  rs485_driver.o(i.prv_USART_Config)
    i.prv_find_by_slave_reg                  0x08003ea4   Section        0  application_data_manager.o(i.prv_find_by_slave_reg)
    prv_find_by_slave_reg                    0x08003ea5   Thumb Code    40  application_data_manager.o(i.prv_find_by_slave_reg)
    i.prv_get_entry                          0x08003ed0   Section        0  application_data_manager.o(i.prv_get_entry)
    prv_get_entry                            0x08003ed1   Thumb Code    20  application_data_manager.o(i.prv_get_entry)
    i.prv_get_tim5_clk                       0x08003ee8   Section        0  bsp_pwm.o(i.prv_get_tim5_clk)
    prv_get_tim5_clk                         0x08003ee9   Thumb Code    38  bsp_pwm.o(i.prv_get_tim5_clk)
    i.prv_on_frame                           0x08003f18   Section        0  modbus_read.o(i.prv_on_frame)
    prv_on_frame                             0x08003f19   Thumb Code   254  modbus_read.o(i.prv_on_frame)
    i.prv_rs485_rx                           0x0800412c   Section        0  modbus_read.o(i.prv_rs485_rx)
    prv_rs485_rx                             0x0800412d   Thumb Code     4  modbus_read.o(i.prv_rs485_rx)
    i.prv_rs485_txempty                      0x08004130   Section        0  modbus_read.o(i.prv_rs485_txempty)
    prv_rs485_txempty                        0x08004131   Thumb Code     4  modbus_read.o(i.prv_rs485_txempty)
    i.prv_rx_reset                           0x08004134   Section        0  modbus_rtu_link.o(i.prv_rx_reset)
    prv_rx_reset                             0x08004135   Thumb Code    10  modbus_rtu_link.o(i.prv_rx_reset)
    i.prv_try_finish_frame                   0x08004144   Section        0  modbus_rtu_link.o(i.prv_try_finish_frame)
    prv_try_finish_frame                     0x08004145   Thumb Code    68  modbus_rtu_link.o(i.prv_try_finish_frame)
    .constdata                               0x08004190   Section       12  alarm.o(.constdata)
    .constdata                               0x0800419c   Section        8  bsp_esp8266_mqtt.o(.constdata)
    .constdata                               0x080041a4   Section      512  modbus_crc.o(.constdata)
    s_crc_hi_tbl                             0x080041a4   Data         256  modbus_crc.o(.constdata)
    s_crc_lo_tbl                             0x080042a4   Data         256  modbus_crc.o(.constdata)
    .conststring                             0x080043a4   Section       25  alarm.o(.conststring)
    .conststring                             0x080043c0   Section       80  bsp_esp8266.o(.conststring)
    .conststring                             0x08004410   Section      272  bsp_esp8266_mqtt.o(.conststring)
    .data                                    0x20000000   Section       20  system_stm32f4xx.o(.data)
    .data                                    0x20000014   Section       16  stm32f4xx_rcc.o(.data)
    APBAHBPrescTable                         0x20000014   Data          16  stm32f4xx_rcc.o(.data)
    .data                                    0x20000024   Section       12  alarm.o(.data)
    s_current_alarm_level                    0x20000024   Data           1  alarm.o(.data)
    s_beep_state                             0x20000025   Data           1  alarm.o(.data)
    s_led_brightness                         0x20000026   Data           1  alarm.o(.data)
    s_led_direction                          0x20000027   Data           1  alarm.o(.data)
    s_temp_warning_exceeded                  0x20000028   Data           1  alarm.o(.data)
    s_temp_critical_exceeded                 0x20000029   Data           1  alarm.o(.data)
    s_last_fan_speed                         0x2000002a   Data           1  alarm.o(.data)
    s_beep_cycle_counter                     0x2000002c   Data           4  alarm.o(.data)
    .data                                    0x20000030   Section        6  bsp_usart.o(.data)
    s_line_ready                             0x20000030   Data           1  bsp_usart.o(.data)
    s_rx_idx                                 0x20000032   Data           2  bsp_usart.o(.data)
    s_line_len                               0x20000034   Data           2  bsp_usart.o(.data)
    .data                                    0x20000036   Section        5  bsp_pwm.o(.data)
    s_arr                                    0x20000036   Data           2  bsp_pwm.o(.data)
    s_duty                                   0x20000038   Data           3  bsp_pwm.o(.data)
    .data                                    0x2000003b   Section        1  bsp_motor.o(.data)
    s_motor_speed                            0x2000003b   Data           1  bsp_motor.o(.data)
    .data                                    0x2000003c   Section        4  bsp_esp8266_mqtt.o(.data)
    .data                                    0x20000040   Section        1  bsp_esp8266_mqtt.o(.data)
    .data                                    0x20000042   Section       60  application_data_manager.o(.data)
    s_map                                    0x20000042   Data          60  application_data_manager.o(.data)
    .data                                    0x20000080   Section       12  modbus_rtu_link.o(.data)
    s_rx_state                               0x20000080   Data           1  modbus_rtu_link.o(.data)
    s_rx_pos                                 0x20000082   Data           2  modbus_rtu_link.o(.data)
    s_tx_len                                 0x20000084   Data           2  modbus_rtu_link.o(.data)
    s_tx_idx                                 0x20000086   Data           2  modbus_rtu_link.o(.data)
    s_frame_ready_cb                         0x20000088   Data           4  modbus_rtu_link.o(.data)
    .data                                    0x2000008c   Section       12  rs485_driver.o(.data)
    s_txe_enabled                            0x2000008c   Data           1  rs485_driver.o(.data)
    s_wait_tc_to_rx                          0x2000008d   Data           1  rs485_driver.o(.data)
    .data                                    0x20000098   Section        4  modbus_timebase.o(.data)
    s_ms                                     0x20000098   Data           4  modbus_timebase.o(.data)
    .data                                    0x2000009c   Section        4  stdout.o(.data)
    .bss                                     0x200000a0   Section      128  bsp_usart.o(.bss)
    s_rx_buf                                 0x200000a0   Data         128  bsp_usart.o(.bss)
    .bss                                     0x20000120   Section     1026  bsp_esp8266.o(.bss)
    .bss                                     0x20000522   Section     1280  bsp_esp8266_mqtt.o(.bss)
    g_mqtt_frame_buffer                      0x20000522   Data         768  bsp_esp8266_mqtt.o(.bss)
    g_mqtt_var_header_buffer                 0x20000822   Data         128  bsp_esp8266_mqtt.o(.bss)
    g_mqtt_payload_buffer                    0x200008a2   Data         384  bsp_esp8266_mqtt.o(.bss)
    .bss                                     0x20000a24   Section      528  modbus_rtu_link.o(.bss)
    s_stats                                  0x20000a24   Data          16  modbus_rtu_link.o(.bss)
    s_rx_buf                                 0x20000a34   Data         256  modbus_rtu_link.o(.bss)
    s_tx_buf                                 0x20000b34   Data         256  modbus_rtu_link.o(.bss)
    STACK                                    0x20000c38   Section     2048  startup_stm32f429_439xx.o(STACK)

    Global Symbols

    Symbol Name                              Value     Ov Type        Size  Object(Section)

    BuildAttributes$$THM_ISAv4$E$P$D$K$B$S$7EM$VFPi3$EXTD16$VFPS$VFMA$PE$A:L22UL41UL21$X:L11$S22US41US21$IEEE1$IW$USESV6$~STKCKD$USESV7$~SHL$OSPACE$ROPI$EBA8$MICROLIB$REQ8$PRES8$EABIv2 0x00000000   Number         0  anon$$obj.o ABSOLUTE
    __ARM_use_no_argv                        0x00000000   Number         0  main.o ABSOLUTE
    _printf_a                                0x00000000   Number         0  stubs.o ABSOLUTE
    _printf_c                                0x00000000   Number         0  stubs.o ABSOLUTE
    _printf_charcount                        0x00000000   Number         0  stubs.o ABSOLUTE
    _printf_d                                0x00000000   Number         0  stubs.o ABSOLUTE
    _printf_e                                0x00000000   Number         0  stubs.o ABSOLUTE
    _printf_f                                0x00000000   Number         0  stubs.o ABSOLUTE
    _printf_flags                            0x00000000   Number         0  stubs.o ABSOLUTE
    _printf_fp_dec                           0x00000000   Number         0  stubs.o ABSOLUTE
    _printf_fp_hex                           0x00000000   Number         0  stubs.o ABSOLUTE
    _printf_g                                0x00000000   Number         0  stubs.o ABSOLUTE
    _printf_i                                0x00000000   Number         0  stubs.o ABSOLUTE
    _printf_int_dec                          0x00000000   Number         0  stubs.o ABSOLUTE
    _printf_l                                0x00000000   Number         0  stubs.o ABSOLUTE
    _printf_lc                               0x00000000   Number         0  stubs.o ABSOLUTE
    _printf_ll                               0x00000000   Number         0  stubs.o ABSOLUTE
    _printf_lld                              0x00000000   Number         0  stubs.o ABSOLUTE
    _printf_lli                              0x00000000   Number         0  stubs.o ABSOLUTE
    _printf_llo                              0x00000000   Number         0  stubs.o ABSOLUTE
    _printf_llu                              0x00000000   Number         0  stubs.o ABSOLUTE
    _printf_llx                              0x00000000   Number         0  stubs.o ABSOLUTE
    _printf_longlong_dec                     0x00000000   Number         0  stubs.o ABSOLUTE
    _printf_longlong_hex                     0x00000000   Number         0  stubs.o ABSOLUTE
    _printf_longlong_oct                     0x00000000   Number         0  stubs.o ABSOLUTE
    _printf_ls                               0x00000000   Number         0  stubs.o ABSOLUTE
    _printf_mbtowc                           0x00000000   Number         0  stubs.o ABSOLUTE
    _printf_n                                0x00000000   Number         0  stubs.o ABSOLUTE
    _printf_o                                0x00000000   Number         0  stubs.o ABSOLUTE
    _printf_p                                0x00000000   Number         0  stubs.o ABSOLUTE
    _printf_percent                          0x00000000   Number         0  stubs.o ABSOLUTE
    _printf_pre_padding                      0x00000000   Number         0  stubs.o ABSOLUTE
    _printf_return_value                     0x00000000   Number         0  stubs.o ABSOLUTE
    _printf_s                                0x00000000   Number         0  stubs.o ABSOLUTE
    _printf_sizespec                         0x00000000   Number         0  stubs.o ABSOLUTE
    _printf_str                              0x00000000   Number         0  stubs.o ABSOLUTE
    _printf_truncate_signed                  0x00000000   Number         0  stubs.o ABSOLUTE
    _printf_truncate_unsigned                0x00000000   Number         0  stubs.o ABSOLUTE
    _printf_u                                0x00000000   Number         0  stubs.o ABSOLUTE
    _printf_wc                               0x00000000   Number         0  stubs.o ABSOLUTE
    _printf_wctomb                           0x00000000   Number         0  stubs.o ABSOLUTE
    _printf_widthprec                        0x00000000   Number         0  stubs.o ABSOLUTE
    _printf_x                                0x00000000   Number         0  stubs.o ABSOLUTE
    __arm_fini_                               - Undefined Weak Reference
    __cpp_initialize__aeabi_                  - Undefined Weak Reference
    __cxa_finalize                            - Undefined Weak Reference
    __decompress                              - Undefined Weak Reference
    _clock_init                               - Undefined Weak Reference
    _microlib_exit                            - Undefined Weak Reference
    __Vectors_Size                           0x000001ac   Number         0  startup_stm32f429_439xx.o ABSOLUTE
    __Vectors                                0x08000000   Data           4  startup_stm32f429_439xx.o(RESET)
    __Vectors_End                            0x080001ac   Data           0  startup_stm32f429_439xx.o(RESET)
    __main                                   0x080001ad   Thumb Code     0  entry.o(.ARM.Collect$$$$00000000)
    _main_stk                                0x080001ad   Thumb Code     0  entry2.o(.ARM.Collect$$$$00000001)
    _main_scatterload                        0x080001b1   Thumb Code     0  entry5.o(.ARM.Collect$$$$00000004)
    __main_after_scatterload                 0x080001b5   Thumb Code     0  entry5.o(.ARM.Collect$$$$00000004)
    _main_clock                              0x080001b5   Thumb Code     0  entry7b.o(.ARM.Collect$$$$00000008)
    _main_cpp_init                           0x080001b5   Thumb Code     0  entry8b.o(.ARM.Collect$$$$0000000A)
    _main_init                               0x080001b5   Thumb Code     0  entry9a.o(.ARM.Collect$$$$0000000B)
    __rt_lib_shutdown_fini                   0x080001bd   Thumb Code     0  entry12b.o(.ARM.Collect$$$$0000000E)
    __rt_final_cpp                           0x080001c1   Thumb Code     0  entry10a.o(.ARM.Collect$$$$0000000F)
    __rt_final_exit                          0x080001c1   Thumb Code     0  entry11a.o(.ARM.Collect$$$$00000011)
    Reset_Handler                            0x080001c5   Thumb Code     8  startup_stm32f429_439xx.o(.text)
    ADC_IRQHandler                           0x080001df   Thumb Code     0  startup_stm32f429_439xx.o(.text)
    CAN1_RX0_IRQHandler                      0x080001df   Thumb Code     0  startup_stm32f429_439xx.o(.text)
    CAN1_RX1_IRQHandler                      0x080001df   Thumb Code     0  startup_stm32f429_439xx.o(.text)
    CAN1_SCE_IRQHandler                      0x080001df   Thumb Code     0  startup_stm32f429_439xx.o(.text)
    CAN1_TX_IRQHandler                       0x080001df   Thumb Code     0  startup_stm32f429_439xx.o(.text)
    CAN2_RX0_IRQHandler                      0x080001df   Thumb Code     0  startup_stm32f429_439xx.o(.text)
    CAN2_RX1_IRQHandler                      0x080001df   Thumb Code     0  startup_stm32f429_439xx.o(.text)
    CAN2_SCE_IRQHandler                      0x080001df   Thumb Code     0  startup_stm32f429_439xx.o(.text)
    CAN2_TX_IRQHandler                       0x080001df   Thumb Code     0  startup_stm32f429_439xx.o(.text)
    CRYP_IRQHandler                          0x080001df   Thumb Code     0  startup_stm32f429_439xx.o(.text)
    DCMI_IRQHandler                          0x080001df   Thumb Code     0  startup_stm32f429_439xx.o(.text)
    DMA1_Stream0_IRQHandler                  0x080001df   Thumb Code     0  startup_stm32f429_439xx.o(.text)
    DMA1_Stream1_IRQHandler                  0x080001df   Thumb Code     0  startup_stm32f429_439xx.o(.text)
    DMA1_Stream2_IRQHandler                  0x080001df   Thumb Code     0  startup_stm32f429_439xx.o(.text)
    DMA1_Stream3_IRQHandler                  0x080001df   Thumb Code     0  startup_stm32f429_439xx.o(.text)
    DMA1_Stream4_IRQHandler                  0x080001df   Thumb Code     0  startup_stm32f429_439xx.o(.text)
    DMA1_Stream5_IRQHandler                  0x080001df   Thumb Code     0  startup_stm32f429_439xx.o(.text)
    DMA1_Stream6_IRQHandler                  0x080001df   Thumb Code     0  startup_stm32f429_439xx.o(.text)
    DMA1_Stream7_IRQHandler                  0x080001df   Thumb Code     0  startup_stm32f429_439xx.o(.text)
    DMA2D_IRQHandler                         0x080001df   Thumb Code     0  startup_stm32f429_439xx.o(.text)
    DMA2_Stream0_IRQHandler                  0x080001df   Thumb Code     0  startup_stm32f429_439xx.o(.text)
    DMA2_Stream1_IRQHandler                  0x080001df   Thumb Code     0  startup_stm32f429_439xx.o(.text)
    DMA2_Stream2_IRQHandler                  0x080001df   Thumb Code     0  startup_stm32f429_439xx.o(.text)
    DMA2_Stream3_IRQHandler                  0x080001df   Thumb Code     0  startup_stm32f429_439xx.o(.text)
    DMA2_Stream4_IRQHandler                  0x080001df   Thumb Code     0  startup_stm32f429_439xx.o(.text)
    DMA2_Stream5_IRQHandler                  0x080001df   Thumb Code     0  startup_stm32f429_439xx.o(.text)
    DMA2_Stream6_IRQHandler                  0x080001df   Thumb Code     0  startup_stm32f429_439xx.o(.text)
    DMA2_Stream7_IRQHandler                  0x080001df   Thumb Code     0  startup_stm32f429_439xx.o(.text)
    ETH_IRQHandler                           0x080001df   Thumb Code     0  startup_stm32f429_439xx.o(.text)
    ETH_WKUP_IRQHandler                      0x080001df   Thumb Code     0  startup_stm32f429_439xx.o(.text)
    EXTI0_IRQHandler                         0x080001df   Thumb Code     0  startup_stm32f429_439xx.o(.text)
    EXTI15_10_IRQHandler                     0x080001df   Thumb Code     0  startup_stm32f429_439xx.o(.text)
    EXTI1_IRQHandler                         0x080001df   Thumb Code     0  startup_stm32f429_439xx.o(.text)
    EXTI2_IRQHandler                         0x080001df   Thumb Code     0  startup_stm32f429_439xx.o(.text)
    EXTI3_IRQHandler                         0x080001df   Thumb Code     0  startup_stm32f429_439xx.o(.text)
    EXTI4_IRQHandler                         0x080001df   Thumb Code     0  startup_stm32f429_439xx.o(.text)
    EXTI9_5_IRQHandler                       0x080001df   Thumb Code     0  startup_stm32f429_439xx.o(.text)
    FLASH_IRQHandler                         0x080001df   Thumb Code     0  startup_stm32f429_439xx.o(.text)
    FMC_IRQHandler                           0x080001df   Thumb Code     0  startup_stm32f429_439xx.o(.text)
    FPU_IRQHandler                           0x080001df   Thumb Code     0  startup_stm32f429_439xx.o(.text)
    HASH_RNG_IRQHandler                      0x080001df   Thumb Code     0  startup_stm32f429_439xx.o(.text)
    I2C1_ER_IRQHandler                       0x080001df   Thumb Code     0  startup_stm32f429_439xx.o(.text)
    I2C1_EV_IRQHandler                       0x080001df   Thumb Code     0  startup_stm32f429_439xx.o(.text)
    I2C2_ER_IRQHandler                       0x080001df   Thumb Code     0  startup_stm32f429_439xx.o(.text)
    I2C2_EV_IRQHandler                       0x080001df   Thumb Code     0  startup_stm32f429_439xx.o(.text)
    I2C3_ER_IRQHandler                       0x080001df   Thumb Code     0  startup_stm32f429_439xx.o(.text)
    I2C3_EV_IRQHandler                       0x080001df   Thumb Code     0  startup_stm32f429_439xx.o(.text)
    LTDC_ER_IRQHandler                       0x080001df   Thumb Code     0  startup_stm32f429_439xx.o(.text)
    LTDC_IRQHandler                          0x080001df   Thumb Code     0  startup_stm32f429_439xx.o(.text)
    OTG_FS_IRQHandler                        0x080001df   Thumb Code     0  startup_stm32f429_439xx.o(.text)
    OTG_FS_WKUP_IRQHandler                   0x080001df   Thumb Code     0  startup_stm32f429_439xx.o(.text)
    OTG_HS_EP1_IN_IRQHandler                 0x080001df   Thumb Code     0  startup_stm32f429_439xx.o(.text)
    OTG_HS_EP1_OUT_IRQHandler                0x080001df   Thumb Code     0  startup_stm32f429_439xx.o(.text)
    OTG_HS_IRQHandler                        0x080001df   Thumb Code     0  startup_stm32f429_439xx.o(.text)
    OTG_HS_WKUP_IRQHandler                   0x080001df   Thumb Code     0  startup_stm32f429_439xx.o(.text)
    PVD_IRQHandler                           0x080001df   Thumb Code     0  startup_stm32f429_439xx.o(.text)
    RCC_IRQHandler                           0x080001df   Thumb Code     0  startup_stm32f429_439xx.o(.text)
    RTC_Alarm_IRQHandler                     0x080001df   Thumb Code     0  startup_stm32f429_439xx.o(.text)
    RTC_WKUP_IRQHandler                      0x080001df   Thumb Code     0  startup_stm32f429_439xx.o(.text)
    SAI1_IRQHandler                          0x080001df   Thumb Code     0  startup_stm32f429_439xx.o(.text)
    SDIO_IRQHandler                          0x080001df   Thumb Code     0  startup_stm32f429_439xx.o(.text)
    SPI1_IRQHandler                          0x080001df   Thumb Code     0  startup_stm32f429_439xx.o(.text)
    SPI2_IRQHandler                          0x080001df   Thumb Code     0  startup_stm32f429_439xx.o(.text)
    SPI3_IRQHandler                          0x080001df   Thumb Code     0  startup_stm32f429_439xx.o(.text)
    SPI4_IRQHandler                          0x080001df   Thumb Code     0  startup_stm32f429_439xx.o(.text)
    SPI5_IRQHandler                          0x080001df   Thumb Code     0  startup_stm32f429_439xx.o(.text)
    SPI6_IRQHandler                          0x080001df   Thumb Code     0  startup_stm32f429_439xx.o(.text)
    TAMP_STAMP_IRQHandler                    0x080001df   Thumb Code     0  startup_stm32f429_439xx.o(.text)
    TIM1_BRK_TIM9_IRQHandler                 0x080001df   Thumb Code     0  startup_stm32f429_439xx.o(.text)
    TIM1_CC_IRQHandler                       0x080001df   Thumb Code     0  startup_stm32f429_439xx.o(.text)
    TIM1_TRG_COM_TIM11_IRQHandler            0x080001df   Thumb Code     0  startup_stm32f429_439xx.o(.text)
    TIM1_UP_TIM10_IRQHandler                 0x080001df   Thumb Code     0  startup_stm32f429_439xx.o(.text)
    TIM2_IRQHandler                          0x080001df   Thumb Code     0  startup_stm32f429_439xx.o(.text)
    TIM3_IRQHandler                          0x080001df   Thumb Code     0  startup_stm32f429_439xx.o(.text)
    TIM4_IRQHandler                          0x080001df   Thumb Code     0  startup_stm32f429_439xx.o(.text)
    TIM5_IRQHandler                          0x080001df   Thumb Code     0  startup_stm32f429_439xx.o(.text)
    TIM7_IRQHandler                          0x080001df   Thumb Code     0  startup_stm32f429_439xx.o(.text)
    TIM8_BRK_TIM12_IRQHandler                0x080001df   Thumb Code     0  startup_stm32f429_439xx.o(.text)
    TIM8_CC_IRQHandler                       0x080001df   Thumb Code     0  startup_stm32f429_439xx.o(.text)
    TIM8_TRG_COM_TIM14_IRQHandler            0x080001df   Thumb Code     0  startup_stm32f429_439xx.o(.text)
    TIM8_UP_TIM13_IRQHandler                 0x080001df   Thumb Code     0  startup_stm32f429_439xx.o(.text)
    UART4_IRQHandler                         0x080001df   Thumb Code     0  startup_stm32f429_439xx.o(.text)
    UART5_IRQHandler                         0x080001df   Thumb Code     0  startup_stm32f429_439xx.o(.text)
    UART7_IRQHandler                         0x080001df   Thumb Code     0  startup_stm32f429_439xx.o(.text)
    UART8_IRQHandler                         0x080001df   Thumb Code     0  startup_stm32f429_439xx.o(.text)
    USART6_IRQHandler                        0x080001df   Thumb Code     0  startup_stm32f429_439xx.o(.text)
    WWDG_IRQHandler                          0x080001df   Thumb Code     0  startup_stm32f429_439xx.o(.text)
    __aeabi_memcpy                           0x080001e9   Thumb Code    36  memcpya.o(.text)
    __aeabi_memcpy4                          0x080001e9   Thumb Code     0  memcpya.o(.text)
    __aeabi_memcpy8                          0x080001e9   Thumb Code     0  memcpya.o(.text)
    __aeabi_memset                           0x0800020d   Thumb Code    14  memseta.o(.text)
    __aeabi_memset4                          0x0800020d   Thumb Code     0  memseta.o(.text)
    __aeabi_memset8                          0x0800020d   Thumb Code     0  memseta.o(.text)
    __aeabi_memclr                           0x0800021b   Thumb Code     4  memseta.o(.text)
    __aeabi_memclr4                          0x0800021b   Thumb Code     0  memseta.o(.text)
    __aeabi_memclr8                          0x0800021b   Thumb Code     0  memseta.o(.text)
    _memset$wrapper                          0x0800021f   Thumb Code    18  memseta.o(.text)
    strstr                                   0x08000231   Thumb Code    36  strstr.o(.text)
    strchr                                   0x08000255   Thumb Code    20  strchr.o(.text)
    strlen                                   0x08000269   Thumb Code    14  strlen.o(.text)
    strcmp                                   0x08000277   Thumb Code    28  strcmp.o(.text)
    strncmp                                  0x08000293   Thumb Code    30  strncmp.o(.text)
    __aeabi_uidiv                            0x080002b1   Thumb Code     0  uidiv.o(.text)
    __aeabi_uidivmod                         0x080002b1   Thumb Code    44  uidiv.o(.text)
    __aeabi_uldivmod                         0x080002dd   Thumb Code    98  uldiv.o(.text)
    __I$use$fp                               0x0800033f   Thumb Code     0  iusefp.o(.text)
    __aeabi_dadd                             0x0800033f   Thumb Code   322  dadd.o(.text)
    __aeabi_dsub                             0x08000481   Thumb Code     6  dadd.o(.text)
    __aeabi_drsub                            0x08000487   Thumb Code     6  dadd.o(.text)
    __aeabi_dmul                             0x0800048d   Thumb Code   228  dmul.o(.text)
    __aeabi_ddiv                             0x08000571   Thumb Code   222  ddiv.o(.text)
    __aeabi_d2ulz                            0x0800064f   Thumb Code    48  dfixul.o(.text)
    __aeabi_cdrcmple                         0x08000681   Thumb Code    48  cdrcmple.o(.text)
    __scatterload                            0x080006b1   Thumb Code    28  init.o(.text)
    __scatterload_rt2                        0x080006b1   Thumb Code     0  init.o(.text)
    __aeabi_llsl                             0x080006d5   Thumb Code    30  llshl.o(.text)
    _ll_shift_l                              0x080006d5   Thumb Code     0  llshl.o(.text)
    __aeabi_llsr                             0x080006f3   Thumb Code    32  llushr.o(.text)
    _ll_ushift_r                             0x080006f3   Thumb Code     0  llushr.o(.text)
    __aeabi_lasr                             0x08000713   Thumb Code    36  llsshr.o(.text)
    _ll_sshift_r                             0x08000713   Thumb Code     0  llsshr.o(.text)
    _double_round                            0x08000737   Thumb Code    30  depilogue.o(.text)
    _double_epilogue                         0x08000755   Thumb Code   156  depilogue.o(.text)
    Alarm_CycleOnce                          0x080007f1   Thumb Code    78  alarm.o(i.Alarm_CycleOnce)
    Alarm_EvaluateLevel                      0x08000841   Thumb Code    88  alarm.o(i.Alarm_EvaluateLevel)
    Alarm_GetCurrentLevel                    0x0800089d   Thumb Code     6  alarm.o(i.Alarm_GetCurrentLevel)
    Alarm_Init                               0x080008a9   Thumb Code    86  alarm.o(i.Alarm_Init)
    Alarm_LED_Process                        0x0800092d   Thumb Code   192  alarm.o(i.Alarm_LED_Process)
    Alarm_Process                            0x080009f1   Thumb Code    68  alarm.o(i.Alarm_Process)
    Alarm_SetLevel                           0x08000a85   Thumb Code    94  alarm.o(i.Alarm_SetLevel)
    BEEP_GPIO_Config                         0x08000b15   Thumb Code    58  bsp_beep.o(i.BEEP_GPIO_Config)
    BusFault_Handler                         0x08000b55   Thumb Code     2  stm32f4xx_it.o(i.BusFault_Handler)
    DebugMon_Handler                         0x08000b57   Thumb Code     2  stm32f4xx_it.o(i.DebugMon_Handler)
    DelayMs                                  0x08000b59   Thumb Code    20  bsp_systick.o(i.DelayMs)
    ESP8266_AT_Test                          0x08000b6d   Thumb Code    62  bsp_esp8266.o(i.ESP8266_AT_Test)
    ESP8266_CIPSEND_RAW                      0x08000bb9   Thumb Code    70  bsp_esp8266.o(i.ESP8266_CIPSEND_RAW)
    ESP8266_Cmd                              0x08000c15   Thumb Code   150  bsp_esp8266.o(i.ESP8266_Cmd)
    ESP8266_DHCP_CUR                         0x08000cb9   Thumb Code    30  bsp_esp8266.o(i.ESP8266_DHCP_CUR)
    ESP8266_Enable_MultipleId                0x08000ced   Thumb Code    40  bsp_esp8266.o(i.ESP8266_Enable_MultipleId)
    ESP8266_Init                             0x08000d6d   Thumb Code    34  bsp_esp8266.o(i.ESP8266_Init)
    ESP8266_JoinAP                           0x08000d95   Thumb Code    34  bsp_esp8266.o(i.ESP8266_JoinAP)
    ESP8266_Link_Server                      0x08000dd1   Thumb Code   104  bsp_esp8266.o(i.ESP8266_Link_Server)
    ESP8266_MQTT_CycleOnce                   0x08000e89   Thumb Code   166  bsp_esp8266.o(i.ESP8266_MQTT_CycleOnce)
    ESP8266_MQTT_POLL_RECEIVE                0x08000fbd   Thumb Code  1490  bsp_esp8266_mqtt.o(i.ESP8266_MQTT_POLL_RECEIVE)
    ESP8266_MQTT_PUB                         0x08001591   Thumb Code   116  bsp_esp8266_mqtt.o(i.ESP8266_MQTT_PUB)
    ESP8266_MQTT_TCP_CONNECT_AND_SUB         0x080016d1   Thumb Code     4  bsp_esp8266_mqtt.o(i.ESP8266_MQTT_TCP_CONNECT_AND_SUB)
    ESP8266_Net_Mode_Choose                  0x080016d5   Thumb Code    50  bsp_esp8266.o(i.ESP8266_Net_Mode_Choose)
    ESP8266_Rst                              0x08001795   Thumb Code    36  bsp_esp8266.o(i.ESP8266_Rst)
    ESP8266_SendBytesRaw                     0x080017bd   Thumb Code    66  bsp_esp8266.o(i.ESP8266_SendBytesRaw)
    ESP8266_WiFiAndMQTT_Startup              0x080018e1   Thumb Code   218  bsp_esp8266.o(i.ESP8266_WiFiAndMQTT_Startup)
    GPIO_Init                                0x08001b19   Thumb Code   124  stm32f4xx_gpio.o(i.GPIO_Init)
    GPIO_PinAFConfig                         0x08001b95   Thumb Code    32  stm32f4xx_gpio.o(i.GPIO_PinAFConfig)
    GPIO_ResetBits                           0x08001bb5   Thumb Code     4  stm32f4xx_gpio.o(i.GPIO_ResetBits)
    GPIO_SetBits                             0x08001bb9   Thumb Code     4  stm32f4xx_gpio.o(i.GPIO_SetBits)
    HardFault_Handler                        0x08001bbd   Thumb Code     2  stm32f4xx_it.o(i.HardFault_Handler)
    InitSysTick                              0x08001bc1   Thumb Code    32  bsp_systick.o(i.InitSysTick)
    LED_PWM_Config                           0x08001be5   Thumb Code   296  bsp_pwm.o(i.LED_PWM_Config)
    LED_PWM_SetDuty                          0x08001d19   Thumb Code    78  bsp_pwm.o(i.LED_PWM_SetDuty)
    MB_RTU_LinkInit                          0x08001d71   Thumb Code     4  modbus_rtu_link.o(i.MB_RTU_LinkInit)
    MB_RTU_OnRxByte                          0x08001d75   Thumb Code    68  modbus_rtu_link.o(i.MB_RTU_OnRxByte)
    MB_RTU_OnT35Expired                      0x08001dc1   Thumb Code    32  modbus_rtu_link.o(i.MB_RTU_OnT35Expired)
    MB_RTU_OnTxEmpty                         0x08001de9   Thumb Code    32  modbus_rtu_link.o(i.MB_RTU_OnTxEmpty)
    MB_RTU_RegisterFrameReady                0x08001e11   Thumb Code     6  modbus_rtu_link.o(i.MB_RTU_RegisterFrameReady)
    MB_RTU_Send                              0x08001e1d   Thumb Code    78  modbus_rtu_link.o(i.MB_RTU_Send)
    MB_Timebase_SysTickHook                  0x08001e75   Thumb Code    10  modbus_timebase.o(i.MB_Timebase_SysTickHook)
    MemManage_Handler                        0x08001e85   Thumb Code     2  stm32f4xx_it.o(i.MemManage_Handler)
    Modbus_CRC16                             0x08001e89   Thumb Code    40  modbus_crc.o(i.Modbus_CRC16)
    Modbus_ReadSlave1_Light                  0x08001eb5   Thumb Code    70  modbus_read.o(i.Modbus_ReadSlave1_Light)
    Modbus_ReadSlave2_TempHum                0x08001f59   Thumb Code    72  modbus_read.o(i.Modbus_ReadSlave2_TempHum)
    Modbus_ReadSlave3_MQ2                    0x08002005   Thumb Code    72  modbus_read.o(i.Modbus_ReadSlave3_MQ2)
    Modbus_Read_Init                         0x080020a9   Thumb Code    34  modbus_read.o(i.Modbus_Read_Init)
    Motor_Forward                            0x0800214d   Thumb Code    24  bsp_motor.o(i.Motor_Forward)
    Motor_Init                               0x08002169   Thumb Code    34  bsp_motor.o(i.Motor_Init)
    Motor_SetSpeed                           0x08002271   Thumb Code    28  bsp_motor.o(i.Motor_SetSpeed)
    Motor_Stop                               0x08002295   Thumb Code    30  bsp_motor.o(i.Motor_Stop)
    NMI_Handler                              0x080022b9   Thumb Code     2  stm32f4xx_it.o(i.NMI_Handler)
    NVIC_Init                                0x080022e1   Thumb Code    98  misc.o(i.NVIC_Init)
    NVIC_PriorityGroupConfig                 0x08002349   Thumb Code    10  misc.o(i.NVIC_PriorityGroupConfig)
    PendSV_Handler                           0x0800235d   Thumb Code     2  stm32f4xx_it.o(i.PendSV_Handler)
    RCC_AHB1PeriphClockCmd                   0x08002361   Thumb Code    22  stm32f4xx_rcc.o(i.RCC_AHB1PeriphClockCmd)
    RCC_APB1PeriphClockCmd                   0x0800237d   Thumb Code    22  stm32f4xx_rcc.o(i.RCC_APB1PeriphClockCmd)
    RCC_APB2PeriphClockCmd                   0x08002399   Thumb Code    22  stm32f4xx_rcc.o(i.RCC_APB2PeriphClockCmd)
    RCC_GetClocksFreq                        0x080023b5   Thumb Code   148  stm32f4xx_rcc.o(i.RCC_GetClocksFreq)
    RS485_EnableIRQ                          0x08002459   Thumb Code    92  rs485_driver.o(i.RS485_EnableIRQ)
    RS485_Init                               0x080024bd   Thumb Code    14  rs485_driver.o(i.RS485_Init)
    RS485_RegisterCallbacks                  0x080024cd   Thumb Code     8  rs485_driver.o(i.RS485_RegisterCallbacks)
    RS485_SetDirectionTx                     0x080024d9   Thumb Code    22  rs485_driver.o(i.RS485_SetDirectionTx)
    RS485_TimerInit                          0x080024f5   Thumb Code     4  rs485_driver.o(i.RS485_TimerInit)
    RS485_TimerStart_T35                     0x080024f9   Thumb Code    42  rs485_driver.o(i.RS485_TimerStart_T35)
    RS485_WriteByte                          0x08002529   Thumb Code    22  rs485_driver.o(i.RS485_WriteByte)
    SVC_Handler                              0x08002545   Thumb Code     2  stm32f4xx_it.o(i.SVC_Handler)
    SysTick_Handler                          0x0800261d   Thumb Code     4  stm32f4xx_it.o(i.SysTick_Handler)
    SystemInit                               0x08002621   Thumb Code    74  system_stm32f4xx.o(i.SystemInit)
    TIM6_DAC_IRQHandler                      0x0800267d   Thumb Code    52  rs485_driver.o(i.TIM6_DAC_IRQHandler)
    TIM_ARRPreloadConfig                     0x080026b5   Thumb Code    24  stm32f4xx_tim.o(i.TIM_ARRPreloadConfig)
    TIM_ClearITPendingBit                    0x080026cd   Thumb Code     6  stm32f4xx_tim.o(i.TIM_ClearITPendingBit)
    TIM_Cmd                                  0x080026d3   Thumb Code    24  stm32f4xx_tim.o(i.TIM_Cmd)
    TIM_GenerateEvent                        0x080026eb   Thumb Code     4  stm32f4xx_tim.o(i.TIM_GenerateEvent)
    TIM_GetITStatus                          0x080026ef   Thumb Code    24  stm32f4xx_tim.o(i.TIM_GetITStatus)
    TIM_ITConfig                             0x08002707   Thumb Code    20  stm32f4xx_tim.o(i.TIM_ITConfig)
    TIM_OC1Init                              0x0800271d   Thumb Code    96  stm32f4xx_tim.o(i.TIM_OC1Init)
    TIM_OC1PreloadConfig                     0x08002785   Thumb Code    12  stm32f4xx_tim.o(i.TIM_OC1PreloadConfig)
    TIM_OC2Init                              0x08002791   Thumb Code   128  stm32f4xx_tim.o(i.TIM_OC2Init)
    TIM_OC2PreloadConfig                     0x08002819   Thumb Code    20  stm32f4xx_tim.o(i.TIM_OC2PreloadConfig)
    TIM_OC3Init                              0x0800282d   Thumb Code   124  stm32f4xx_tim.o(i.TIM_OC3Init)
    TIM_OC3PreloadConfig                     0x080028b1   Thumb Code    12  stm32f4xx_tim.o(i.TIM_OC3PreloadConfig)
    TIM_OCStructInit                         0x080028bd   Thumb Code    20  stm32f4xx_tim.o(i.TIM_OCStructInit)
    TIM_SetCompare1                          0x080028d1   Thumb Code     4  stm32f4xx_tim.o(i.TIM_SetCompare1)
    TIM_SetCompare2                          0x080028d5   Thumb Code     4  stm32f4xx_tim.o(i.TIM_SetCompare2)
    TIM_SetCompare3                          0x080028d9   Thumb Code     4  stm32f4xx_tim.o(i.TIM_SetCompare3)
    TIM_SetCounter                           0x080028dd   Thumb Code     4  stm32f4xx_tim.o(i.TIM_SetCounter)
    TIM_TimeBaseInit                         0x080028e1   Thumb Code    96  stm32f4xx_tim.o(i.TIM_TimeBaseInit)
    TIM_TimeBaseStructInit                   0x0800295d   Thumb Code    18  stm32f4xx_tim.o(i.TIM_TimeBaseStructInit)
    USART1_IRQHandler                        0x08002971   Thumb Code    94  bsp_usart.o(i.USART1_IRQHandler)
    USART2_IRQHandler                        0x080029dd   Thumb Code   140  rs485_driver.o(i.USART2_IRQHandler)
    USART3_IRQHandler                        0x08002a75   Thumb Code   132  bsp_esp8266.o(i.USART3_IRQHandler)
    USART_ClearITPendingBit                  0x08002b01   Thumb Code    16  stm32f4xx_usart.o(i.USART_ClearITPendingBit)
    USART_Cmd                                0x08002b11   Thumb Code    24  stm32f4xx_usart.o(i.USART_Cmd)
    USART_GetFlagStatus                      0x08002b29   Thumb Code    14  stm32f4xx_usart.o(i.USART_GetFlagStatus)
    USART_GetITStatus                        0x08002b37   Thumb Code    64  stm32f4xx_usart.o(i.USART_GetITStatus)
    USART_ITConfig                           0x08002b77   Thumb Code    54  stm32f4xx_usart.o(i.USART_ITConfig)
    USART_Init                               0x08002bad   Thumb Code   180  stm32f4xx_usart.o(i.USART_Init)
    USART_ReceiveData                        0x08002c69   Thumb Code     8  stm32f4xx_usart.o(i.USART_ReceiveData)
    USART_SendData                           0x08002c71   Thumb Code     8  stm32f4xx_usart.o(i.USART_SendData)
    USART_StructInit                         0x08002c79   Thumb Code    22  stm32f4xx_usart.o(i.USART_StructInit)
    USARTx_Config                            0x08002c91   Thumb Code   158  bsp_usart.o(i.USARTx_Config)
    UsageFault_Handler                       0x08002d39   Thumb Code     2  stm32f4xx_it.o(i.UsageFault_Handler)
    __0printf                                0x08002d3d   Thumb Code    22  printfa.o(i.__0printf)
    __1printf                                0x08002d3d   Thumb Code     0  printfa.o(i.__0printf)
    __2printf                                0x08002d3d   Thumb Code     0  printfa.o(i.__0printf)
    __c89printf                              0x08002d3d   Thumb Code     0  printfa.o(i.__0printf)
    printf                                   0x08002d3d   Thumb Code     0  printfa.o(i.__0printf)
    __0snprintf                              0x08002d5d   Thumb Code    48  printfa.o(i.__0snprintf)
    __1snprintf                              0x08002d5d   Thumb Code     0  printfa.o(i.__0snprintf)
    __2snprintf                              0x08002d5d   Thumb Code     0  printfa.o(i.__0snprintf)
    __c89snprintf                            0x08002d5d   Thumb Code     0  printfa.o(i.__0snprintf)
    snprintf                                 0x08002d5d   Thumb Code     0  printfa.o(i.__0snprintf)
    __0sprintf                               0x08002d91   Thumb Code    34  printfa.o(i.__0sprintf)
    __1sprintf                               0x08002d91   Thumb Code     0  printfa.o(i.__0sprintf)
    __2sprintf                               0x08002d91   Thumb Code     0  printfa.o(i.__0sprintf)
    __c89sprintf                             0x08002d91   Thumb Code     0  printfa.o(i.__0sprintf)
    sprintf                                  0x08002d91   Thumb Code     0  printfa.o(i.__0sprintf)
    __0vsnprintf                             0x08002db9   Thumb Code    46  printfa.o(i.__0vsnprintf)
    __1vsnprintf                             0x08002db9   Thumb Code     0  printfa.o(i.__0vsnprintf)
    __2vsnprintf                             0x08002db9   Thumb Code     0  printfa.o(i.__0vsnprintf)
    __c89vsnprintf                           0x08002db9   Thumb Code     0  printfa.o(i.__0vsnprintf)
    vsnprintf                                0x08002db9   Thumb Code     0  printfa.o(i.__0vsnprintf)
    __scatterload_copy                       0x08002ded   Thumb Code    14  handlers.o(i.__scatterload_copy)
    __scatterload_null                       0x08002dfb   Thumb Code     2  handlers.o(i.__scatterload_null)
    __scatterload_zeroinit                   0x08002dfd   Thumb Code    14  handlers.o(i.__scatterload_zeroinit)
    app_data_get_value                       0x080036b7   Thumb Code    36  application_data_manager.o(i.app_data_get_value)
    app_data_update_from_modbus              0x080036dd   Thumb Code    38  application_data_manager.o(i.app_data_update_from_modbus)
    fputc                                    0x08003915   Thumb Code    30  bsp_usart.o(i.fputc)
    main                                     0x08003939   Thumb Code    72  main.o(i.main)
    Region$$Table$$Base                      0x08004520   Number         0  anon$$obj.o(Region$$Table)
    Region$$Table$$Limit                     0x08004540   Number         0  anon$$obj.o(Region$$Table)
    SystemCoreClock                          0x20000000   Data           4  system_stm32f4xx.o(.data)
    AHBPrescTable                            0x20000004   Data          16  system_stm32f4xx.o(.data)
    led_value                                0x2000003c   Data           4  bsp_esp8266_mqtt.o(.data)
    mqtt_flag                                0x20000040   Data           1  bsp_esp8266_mqtt.o(.data)
    ch                                       0x2000008e   Data           1  rs485_driver.o(.data)
    g_rs485RxCallback                        0x20000090   Data           4  rs485_driver.o(.data)
    g_rs485TxEmptyCallback                   0x20000094   Data           4  rs485_driver.o(.data)
    __stdout                                 0x2000009c   Data           4  stdout.o(.data)
    strEsp8266_Fram_Record                   0x20000120   Data        1026  bsp_esp8266.o(.bss)
    __initial_sp                             0x20001438   Data           0  startup_stm32f429_439xx.o(STACK)



==============================================================================

Memory Map of the image

  Image Entry point : 0x080001ad

  Load Region LR_IROM1 (Base: 0x08000000, Size: 0x000045e0, Max: 0x00100000, ABSOLUTE)

    Execution Region ER_IROM1 (Exec base: 0x08000000, Load base: 0x08000000, Size: 0x00004540, Max: 0x00100000, ABSOLUTE)

    Exec Addr    Load Addr    Size         Type   Attr      Idx    E Section Name        Object

    0x08000000   0x08000000   0x000001ac   Data   RO            3    RESET               startup_stm32f429_439xx.o
    0x080001ac   0x080001ac   0x00000000   Code   RO         6418  * .ARM.Collect$$$$00000000  mc_w.l(entry.o)
    0x080001ac   0x080001ac   0x00000004   Code   RO         6698    .ARM.Collect$$$$00000001  mc_w.l(entry2.o)
    0x080001b0   0x080001b0   0x00000004   Code   RO         6701    .ARM.Collect$$$$00000004  mc_w.l(entry5.o)
    0x080001b4   0x080001b4   0x00000000   Code   RO         6703    .ARM.Collect$$$$00000008  mc_w.l(entry7b.o)
    0x080001b4   0x080001b4   0x00000000   Code   RO         6705    .ARM.Collect$$$$0000000A  mc_w.l(entry8b.o)
    0x080001b4   0x080001b4   0x00000008   Code   RO         6706    .ARM.Collect$$$$0000000B  mc_w.l(entry9a.o)
    0x080001bc   0x080001bc   0x00000004   Code   RO         6713    .ARM.Collect$$$$0000000E  mc_w.l(entry12b.o)
    0x080001c0   0x080001c0   0x00000000   Code   RO         6708    .ARM.Collect$$$$0000000F  mc_w.l(entry10a.o)
    0x080001c0   0x080001c0   0x00000000   Code   RO         6710    .ARM.Collect$$$$00000011  mc_w.l(entry11a.o)
    0x080001c0   0x080001c0   0x00000004   Code   RO         6699    .ARM.Collect$$$$00002712  mc_w.l(entry2.o)
    0x080001c4   0x080001c4   0x00000024   Code   RO            4    .text               startup_stm32f429_439xx.o
    0x080001e8   0x080001e8   0x00000024   Code   RO         6421    .text               mc_w.l(memcpya.o)
    0x0800020c   0x0800020c   0x00000024   Code   RO         6423    .text               mc_w.l(memseta.o)
    0x08000230   0x08000230   0x00000024   Code   RO         6425    .text               mc_w.l(strstr.o)
    0x08000254   0x08000254   0x00000014   Code   RO         6427    .text               mc_w.l(strchr.o)
    0x08000268   0x08000268   0x0000000e   Code   RO         6429    .text               mc_w.l(strlen.o)
    0x08000276   0x08000276   0x0000001c   Code   RO         6431    .text               mc_w.l(strcmp.o)
    0x08000292   0x08000292   0x0000001e   Code   RO         6433    .text               mc_w.l(strncmp.o)
    0x080002b0   0x080002b0   0x0000002c   Code   RO         6715    .text               mc_w.l(uidiv.o)
    0x080002dc   0x080002dc   0x00000062   Code   RO         6717    .text               mc_w.l(uldiv.o)
    0x0800033e   0x0800033e   0x00000000   Code   RO         6719    .text               mc_w.l(iusefp.o)
    0x0800033e   0x0800033e   0x0000014e   Code   RO         6720    .text               mf_w.l(dadd.o)
    0x0800048c   0x0800048c   0x000000e4   Code   RO         6722    .text               mf_w.l(dmul.o)
    0x08000570   0x08000570   0x000000de   Code   RO         6724    .text               mf_w.l(ddiv.o)
    0x0800064e   0x0800064e   0x00000030   Code   RO         6726    .text               mf_w.l(dfixul.o)
    0x0800067e   0x0800067e   0x00000002   PAD
    0x08000680   0x08000680   0x00000030   Code   RO         6728    .text               mf_w.l(cdrcmple.o)
    0x080006b0   0x080006b0   0x00000024   Code   RO         6730    .text               mc_w.l(init.o)
    0x080006d4   0x080006d4   0x0000001e   Code   RO         6732    .text               mc_w.l(llshl.o)
    0x080006f2   0x080006f2   0x00000020   Code   RO         6734    .text               mc_w.l(llushr.o)
    0x08000712   0x08000712   0x00000024   Code   RO         6736    .text               mc_w.l(llsshr.o)
    0x08000736   0x08000736   0x000000ba   Code   RO         6738    .text               mf_w.l(depilogue.o)
    0x080007f0   0x080007f0   0x0000004e   Code   RO         5302    i.Alarm_CycleOnce   alarm.o
    0x0800083e   0x0800083e   0x00000002   PAD
    0x08000840   0x08000840   0x0000005c   Code   RO         5303    i.Alarm_EvaluateLevel  alarm.o
    0x0800089c   0x0800089c   0x0000000c   Code   RO         5305    i.Alarm_GetCurrentLevel  alarm.o
    0x080008a8   0x080008a8   0x00000084   Code   RO         5306    i.Alarm_Init        alarm.o
    0x0800092c   0x0800092c   0x000000c4   Code   RO         5307    i.Alarm_LED_Process  alarm.o
    0x080009f0   0x080009f0   0x00000094   Code   RO         5308    i.Alarm_Process     alarm.o
    0x08000a84   0x08000a84   0x00000090   Code   RO         5309    i.Alarm_SetLevel    alarm.o
    0x08000b14   0x08000b14   0x00000040   Code   RO         5548    i.BEEP_GPIO_Config  bsp_beep.o
    0x08000b54   0x08000b54   0x00000002   Code   RO         5227    i.BusFault_Handler  stm32f4xx_it.o
    0x08000b56   0x08000b56   0x00000002   Code   RO         5228    i.DebugMon_Handler  stm32f4xx_it.o
    0x08000b58   0x08000b58   0x00000014   Code   RO         5491    i.DelayMs           bsp_systick.o
    0x08000b6c   0x08000b6c   0x0000004c   Code   RO         5655    i.ESP8266_AT_Test   bsp_esp8266.o
    0x08000bb8   0x08000bb8   0x0000005c   Code   RO         5657    i.ESP8266_CIPSEND_RAW  bsp_esp8266.o
    0x08000c14   0x08000c14   0x000000a4   Code   RO         5658    i.ESP8266_Cmd       bsp_esp8266.o
    0x08000cb8   0x08000cb8   0x00000034   Code   RO         5659    i.ESP8266_DHCP_CUR  bsp_esp8266.o
    0x08000cec   0x08000cec   0x0000003c   Code   RO         5660    i.ESP8266_Enable_MultipleId  bsp_esp8266.o
    0x08000d28   0x08000d28   0x00000044   Code   RO         5662    i.ESP8266_GPIO_Config  bsp_esp8266.o
    0x08000d6c   0x08000d6c   0x00000028   Code   RO         5665    i.ESP8266_Init      bsp_esp8266.o
    0x08000d94   0x08000d94   0x0000003c   Code   RO         5667    i.ESP8266_JoinAP    bsp_esp8266.o
    0x08000dd0   0x08000dd0   0x000000b8   Code   RO         5668    i.ESP8266_Link_Server  bsp_esp8266.o
    0x08000e88   0x08000e88   0x00000134   Code   RO         5669    i.ESP8266_MQTT_CycleOnce  bsp_esp8266.o
    0x08000fbc   0x08000fbc   0x000005d2   Code   RO         5849    i.ESP8266_MQTT_POLL_RECEIVE  bsp_esp8266_mqtt.o
    0x0800158e   0x0800158e   0x00000002   PAD
    0x08001590   0x08001590   0x00000140   Code   RO         5850    i.ESP8266_MQTT_PUB  bsp_esp8266_mqtt.o
    0x080016d0   0x080016d0   0x00000004   Code   RO         5851    i.ESP8266_MQTT_TCP_CONNECT_AND_SUB  bsp_esp8266_mqtt.o
    0x080016d4   0x080016d4   0x00000068   Code   RO         5670    i.ESP8266_Net_Mode_Choose  bsp_esp8266.o
    0x0800173c   0x0800173c   0x00000058   Code   RO         5671    i.ESP8266_Printf    bsp_esp8266.o
    0x08001794   0x08001794   0x00000028   Code   RO         5673    i.ESP8266_Rst       bsp_esp8266.o
    0x080017bc   0x080017bc   0x00000048   Code   RO         5674    i.ESP8266_SendBytesRaw  bsp_esp8266.o
    0x08001804   0x08001804   0x000000b4   Code   RO         5677    i.ESP8266_USART_Config  bsp_esp8266.o
    0x080018b8   0x080018b8   0x00000028   Code   RO         5678    i.ESP8266_USART_NVIC_Configuration  bsp_esp8266.o
    0x080018e0   0x080018e0   0x00000238   Code   RO         5680    i.ESP8266_WiFiAndMQTT_Startup  bsp_esp8266.o
    0x08001b18   0x08001b18   0x0000007c   Code   RO         2046    i.GPIO_Init         stm32f4xx_gpio.o
    0x08001b94   0x08001b94   0x00000020   Code   RO         2047    i.GPIO_PinAFConfig  stm32f4xx_gpio.o
    0x08001bb4   0x08001bb4   0x00000004   Code   RO         2053    i.GPIO_ResetBits    stm32f4xx_gpio.o
    0x08001bb8   0x08001bb8   0x00000004   Code   RO         2054    i.GPIO_SetBits      stm32f4xx_gpio.o
    0x08001bbc   0x08001bbc   0x00000002   Code   RO         5229    i.HardFault_Handler  stm32f4xx_it.o
    0x08001bbe   0x08001bbe   0x00000002   PAD
    0x08001bc0   0x08001bc0   0x00000024   Code   RO         5493    i.InitSysTick       bsp_systick.o
    0x08001be4   0x08001be4   0x00000134   Code   RO         5448    i.LED_PWM_Config    bsp_pwm.o
    0x08001d18   0x08001d18   0x00000058   Code   RO         5450    i.LED_PWM_SetDuty   bsp_pwm.o
    0x08001d70   0x08001d70   0x00000004   Code   RO         6177    i.MB_RTU_LinkInit   modbus_rtu_link.o
    0x08001d74   0x08001d74   0x0000004c   Code   RO         6178    i.MB_RTU_OnRxByte   modbus_rtu_link.o
    0x08001dc0   0x08001dc0   0x00000028   Code   RO         6179    i.MB_RTU_OnT35Expired  modbus_rtu_link.o
    0x08001de8   0x08001de8   0x00000028   Code   RO         6180    i.MB_RTU_OnTxEmpty  modbus_rtu_link.o
    0x08001e10   0x08001e10   0x0000000c   Code   RO         6181    i.MB_RTU_RegisterFrameReady  modbus_rtu_link.o
    0x08001e1c   0x08001e1c   0x00000058   Code   RO         6182    i.MB_RTU_Send       modbus_rtu_link.o
    0x08001e74   0x08001e74   0x00000010   Code   RO         6382    i.MB_Timebase_SysTickHook  modbus_timebase.o
    0x08001e84   0x08001e84   0x00000002   Code   RO         5230    i.MemManage_Handler  stm32f4xx_it.o
    0x08001e86   0x08001e86   0x00000002   PAD
    0x08001e88   0x08001e88   0x0000002c   Code   RO         6237    i.Modbus_CRC16      modbus_crc.o
    0x08001eb4   0x08001eb4   0x000000a4   Code   RO         5932    i.Modbus_ReadSlave1_Light  modbus_read.o
    0x08001f58   0x08001f58   0x000000ac   Code   RO         5933    i.Modbus_ReadSlave2_TempHum  modbus_read.o
    0x08002004   0x08002004   0x000000a4   Code   RO         5934    i.Modbus_ReadSlave3_MQ2  modbus_read.o
    0x080020a8   0x080020a8   0x00000030   Code   RO         5935    i.Modbus_Read_Init  modbus_read.o
    0x080020d8   0x080020d8   0x00000074   Code   RO         5573    i.Motor_Direction_GPIO_Config  bsp_motor.o
    0x0800214c   0x0800214c   0x0000001c   Code   RO         5576    i.Motor_Forward     bsp_motor.o
    0x08002168   0x08002168   0x0000004c   Code   RO         5578    i.Motor_Init        bsp_motor.o
    0x080021b4   0x080021b4   0x00000040   Code   RO         5579    i.Motor_PWM_GPIO_Config  bsp_motor.o
    0x080021f4   0x080021f4   0x0000007c   Code   RO         5580    i.Motor_PWM_TIM_Config  bsp_motor.o
    0x08002270   0x08002270   0x00000024   Code   RO         5581    i.Motor_SetSpeed    bsp_motor.o
    0x08002294   0x08002294   0x00000024   Code   RO         5582    i.Motor_Stop        bsp_motor.o
    0x080022b8   0x080022b8   0x00000002   Code   RO         5231    i.NMI_Handler       stm32f4xx_it.o
    0x080022ba   0x080022ba   0x00000026   Code   RO         5388    i.NVIC_Configuration  bsp_usart.o
    0x080022e0   0x080022e0   0x00000068   Code   RO          164    i.NVIC_Init         misc.o
    0x08002348   0x08002348   0x00000014   Code   RO          165    i.NVIC_PriorityGroupConfig  misc.o
    0x0800235c   0x0800235c   0x00000002   Code   RO         5232    i.PendSV_Handler    stm32f4xx_it.o
    0x0800235e   0x0800235e   0x00000002   PAD
    0x08002360   0x08002360   0x0000001c   Code   RO         2960    i.RCC_AHB1PeriphClockCmd  stm32f4xx_rcc.o
    0x0800237c   0x0800237c   0x0000001c   Code   RO         2969    i.RCC_APB1PeriphClockCmd  stm32f4xx_rcc.o
    0x08002398   0x08002398   0x0000001c   Code   RO         2972    i.RCC_APB2PeriphClockCmd  stm32f4xx_rcc.o
    0x080023b4   0x080023b4   0x000000a4   Code   RO         2981    i.RCC_GetClocksFreq  stm32f4xx_rcc.o
    0x08002458   0x08002458   0x00000064   Code   RO         6254    i.RS485_EnableIRQ   rs485_driver.o
    0x080024bc   0x080024bc   0x0000000e   Code   RO         6256    i.RS485_Init        rs485_driver.o
    0x080024ca   0x080024ca   0x00000002   PAD
    0x080024cc   0x080024cc   0x0000000c   Code   RO         6258    i.RS485_RegisterCallbacks  rs485_driver.o
    0x080024d8   0x080024d8   0x0000001c   Code   RO         6260    i.RS485_SetDirectionTx  rs485_driver.o
    0x080024f4   0x080024f4   0x00000004   Code   RO         6261    i.RS485_TimerInit   rs485_driver.o
    0x080024f8   0x080024f8   0x00000030   Code   RO         6262    i.RS485_TimerStart_T35  rs485_driver.o
    0x08002528   0x08002528   0x0000001c   Code   RO         6265    i.RS485_WriteByte   rs485_driver.o
    0x08002544   0x08002544   0x00000002   Code   RO         5233    i.SVC_Handler       stm32f4xx_it.o
    0x08002546   0x08002546   0x00000002   PAD
    0x08002548   0x08002548   0x000000d4   Code   RO           13    i.SetSysClock       system_stm32f4xx.o
    0x0800261c   0x0800261c   0x00000004   Code   RO         5234    i.SysTick_Handler   stm32f4xx_it.o
    0x08002620   0x08002620   0x0000005c   Code   RO           15    i.SystemInit        system_stm32f4xx.o
    0x0800267c   0x0800267c   0x00000038   Code   RO         6266    i.TIM6_DAC_IRQHandler  rs485_driver.o
    0x080026b4   0x080026b4   0x00000018   Code   RO         4341    i.TIM_ARRPreloadConfig  stm32f4xx_tim.o
    0x080026cc   0x080026cc   0x00000006   Code   RO         4348    i.TIM_ClearITPendingBit  stm32f4xx_tim.o
    0x080026d2   0x080026d2   0x00000018   Code   RO         4353    i.TIM_Cmd           stm32f4xx_tim.o
    0x080026ea   0x080026ea   0x00000004   Code   RO         4367    i.TIM_GenerateEvent  stm32f4xx_tim.o
    0x080026ee   0x080026ee   0x00000018   Code   RO         4374    i.TIM_GetITStatus   stm32f4xx_tim.o
    0x08002706   0x08002706   0x00000014   Code   RO         4378    i.TIM_ITConfig      stm32f4xx_tim.o
    0x0800271a   0x0800271a   0x00000002   PAD
    0x0800271c   0x0800271c   0x00000068   Code   RO         4382    i.TIM_OC1Init       stm32f4xx_tim.o
    0x08002784   0x08002784   0x0000000c   Code   RO         4385    i.TIM_OC1PreloadConfig  stm32f4xx_tim.o
    0x08002790   0x08002790   0x00000088   Code   RO         4387    i.TIM_OC2Init       stm32f4xx_tim.o
    0x08002818   0x08002818   0x00000014   Code   RO         4390    i.TIM_OC2PreloadConfig  stm32f4xx_tim.o
    0x0800282c   0x0800282c   0x00000084   Code   RO         4392    i.TIM_OC3Init       stm32f4xx_tim.o
    0x080028b0   0x080028b0   0x0000000c   Code   RO         4395    i.TIM_OC3PreloadConfig  stm32f4xx_tim.o
    0x080028bc   0x080028bc   0x00000014   Code   RO         4400    i.TIM_OCStructInit  stm32f4xx_tim.o
    0x080028d0   0x080028d0   0x00000004   Code   RO         4415    i.TIM_SetCompare1   stm32f4xx_tim.o
    0x080028d4   0x080028d4   0x00000004   Code   RO         4416    i.TIM_SetCompare2   stm32f4xx_tim.o
    0x080028d8   0x080028d8   0x00000004   Code   RO         4417    i.TIM_SetCompare3   stm32f4xx_tim.o
    0x080028dc   0x080028dc   0x00000004   Code   RO         4419    i.TIM_SetCounter    stm32f4xx_tim.o
    0x080028e0   0x080028e0   0x0000007c   Code   RO         4425    i.TIM_TimeBaseInit  stm32f4xx_tim.o
    0x0800295c   0x0800295c   0x00000012   Code   RO         4426    i.TIM_TimeBaseStructInit  stm32f4xx_tim.o
    0x0800296e   0x0800296e   0x00000002   PAD
    0x08002970   0x08002970   0x0000006c   Code   RO         5389    i.USART1_IRQHandler  bsp_usart.o
    0x080029dc   0x080029dc   0x00000098   Code   RO         6267    i.USART2_IRQHandler  rs485_driver.o
    0x08002a74   0x08002a74   0x0000008c   Code   RO         5681    i.USART3_IRQHandler  bsp_esp8266.o
    0x08002b00   0x08002b00   0x00000010   Code   RO         4904    i.USART_ClearITPendingBit  stm32f4xx_usart.o
    0x08002b10   0x08002b10   0x00000018   Code   RO         4907    i.USART_Cmd         stm32f4xx_usart.o
    0x08002b28   0x08002b28   0x0000000e   Code   RO         4910    i.USART_GetFlagStatus  stm32f4xx_usart.o
    0x08002b36   0x08002b36   0x00000040   Code   RO         4911    i.USART_GetITStatus  stm32f4xx_usart.o
    0x08002b76   0x08002b76   0x00000036   Code   RO         4913    i.USART_ITConfig    stm32f4xx_usart.o
    0x08002bac   0x08002bac   0x000000bc   Code   RO         4914    i.USART_Init        stm32f4xx_usart.o
    0x08002c68   0x08002c68   0x00000008   Code   RO         4921    i.USART_ReceiveData  stm32f4xx_usart.o
    0x08002c70   0x08002c70   0x00000008   Code   RO         4924    i.USART_SendData    stm32f4xx_usart.o
    0x08002c78   0x08002c78   0x00000016   Code   RO         4930    i.USART_StructInit  stm32f4xx_usart.o
    0x08002c8e   0x08002c8e   0x00000002   PAD
    0x08002c90   0x08002c90   0x000000a8   Code   RO         5391    i.USARTx_Config     bsp_usart.o
    0x08002d38   0x08002d38   0x00000002   Code   RO         5235    i.UsageFault_Handler  stm32f4xx_it.o
    0x08002d3a   0x08002d3a   0x00000002   PAD
    0x08002d3c   0x08002d3c   0x00000020   Code   RO         6670    i.__0printf         mc_w.l(printfa.o)
    0x08002d5c   0x08002d5c   0x00000034   Code   RO         6671    i.__0snprintf       mc_w.l(printfa.o)
    0x08002d90   0x08002d90   0x00000028   Code   RO         6672    i.__0sprintf        mc_w.l(printfa.o)
    0x08002db8   0x08002db8   0x00000034   Code   RO         6675    i.__0vsnprintf      mc_w.l(printfa.o)
    0x08002dec   0x08002dec   0x0000000e   Code   RO         6742    i.__scatterload_copy  mc_w.l(handlers.o)
    0x08002dfa   0x08002dfa   0x00000002   Code   RO         6743    i.__scatterload_null  mc_w.l(handlers.o)
    0x08002dfc   0x08002dfc   0x0000000e   Code   RO         6744    i.__scatterload_zeroinit  mc_w.l(handlers.o)
    0x08002e0a   0x08002e0a   0x00000002   PAD
    0x08002e0c   0x08002e0c   0x00000184   Code   RO         6677    i._fp_digits        mc_w.l(printfa.o)
    0x08002f90   0x08002f90   0x000006b4   Code   RO         6678    i._printf_core      mc_w.l(printfa.o)
    0x08003644   0x08003644   0x00000024   Code   RO         6679    i._printf_post_padding  mc_w.l(printfa.o)
    0x08003668   0x08003668   0x0000002e   Code   RO         6680    i._printf_pre_padding  mc_w.l(printfa.o)
    0x08003696   0x08003696   0x00000016   Code   RO         6681    i._snputc           mc_w.l(printfa.o)
    0x080036ac   0x080036ac   0x0000000a   Code   RO         6682    i._sputc            mc_w.l(printfa.o)
    0x080036b6   0x080036b6   0x00000024   Code   RO         5995    i.app_data_get_value  application_data_manager.o
    0x080036da   0x080036da   0x00000002   PAD
    0x080036dc   0x080036dc   0x0000002c   Code   RO         6000    i.app_data_update_from_modbus  application_data_manager.o
    0x08003708   0x08003708   0x000000c8   Code   RO         5852    i.build_mqtt_connect  bsp_esp8266_mqtt.o
    0x080037d0   0x080037d0   0x00000074   Code   RO         5853    i.build_mqtt_publish  bsp_esp8266_mqtt.o
    0x08003844   0x08003844   0x00000078   Code   RO         5854    i.build_mqtt_subscribe  bsp_esp8266_mqtt.o
    0x080038bc   0x080038bc   0x00000058   Code   RO         5855    i.extract_ipd_payload  bsp_esp8266_mqtt.o
    0x08003914   0x08003914   0x00000024   Code   RO         5393    i.fputc             bsp_usart.o
    0x08003938   0x08003938   0x0000005c   Code   RO         5161    i.main              main.o
    0x08003994   0x08003994   0x00000338   Code   RO         5856    i.mqtt_tcp_connect_and_subscribe  bsp_esp8266_mqtt.o
    0x08003ccc   0x08003ccc   0x00000024   Code   RO         5857    i.mqtt_varint_enc   bsp_esp8266_mqtt.o
    0x08003cf0   0x08003cf0   0x00000024   Code   RO         5858    i.mqtt_write_str    bsp_esp8266_mqtt.o
    0x08003d14   0x08003d14   0x0000001a   Code   RO         5859    i.parse_mqtt_connack  bsp_esp8266_mqtt.o
    0x08003d2e   0x08003d2e   0x00000002   PAD
    0x08003d30   0x08003d30   0x00000084   Code   RO         6268    i.prv_GPIO_Config   rs485_driver.o
    0x08003db4   0x08003db4   0x0000006c   Code   RO         6269    i.prv_Timer_Config  rs485_driver.o
    0x08003e20   0x08003e20   0x00000084   Code   RO         6270    i.prv_USART_Config  rs485_driver.o
    0x08003ea4   0x08003ea4   0x0000002c   Code   RO         6001    i.prv_find_by_slave_reg  application_data_manager.o
    0x08003ed0   0x08003ed0   0x00000018   Code   RO         6002    i.prv_get_entry     application_data_manager.o
    0x08003ee8   0x08003ee8   0x00000030   Code   RO         5451    i.prv_get_tim5_clk  bsp_pwm.o
    0x08003f18   0x08003f18   0x00000214   Code   RO         5936    i.prv_on_frame      modbus_read.o
    0x0800412c   0x0800412c   0x00000004   Code   RO         5937    i.prv_rs485_rx      modbus_read.o
    0x08004130   0x08004130   0x00000004   Code   RO         5938    i.prv_rs485_txempty  modbus_read.o
    0x08004134   0x08004134   0x00000010   Code   RO         6183    i.prv_rx_reset      modbus_rtu_link.o
    0x08004144   0x08004144   0x0000004c   Code   RO         6184    i.prv_try_finish_frame  modbus_rtu_link.o
    0x08004190   0x08004190   0x0000000c   Data   RO         5310    .constdata          alarm.o
    0x0800419c   0x0800419c   0x00000008   Data   RO         5861    .constdata          bsp_esp8266_mqtt.o
    0x080041a4   0x080041a4   0x00000200   Data   RO         6238    .constdata          modbus_crc.o
    0x080043a4   0x080043a4   0x00000019   Data   RO         5311    .conststring        alarm.o
    0x080043bd   0x080043bd   0x00000003   PAD
    0x080043c0   0x080043c0   0x00000050   Data   RO         5684    .conststring        bsp_esp8266.o
    0x08004410   0x08004410   0x00000110   Data   RO         5862    .conststring        bsp_esp8266_mqtt.o
    0x08004520   0x08004520   0x00000020   Data   RO         6740    Region$$Table       anon$$obj.o


    Execution Region RW_IRAM1 (Exec base: 0x20000000, Load base: 0x08004540, Size: 0x00001438, Max: 0x00030000, ABSOLUTE)

    Exec Addr    Load Addr    Size         Type   Attr      Idx    E Section Name        Object

    0x20000000   0x08004540   0x00000014   Data   RW           16    .data               system_stm32f4xx.o
    0x20000014   0x08004554   0x00000010   Data   RW         3013    .data               stm32f4xx_rcc.o
    0x20000024   0x08004564   0x0000000c   Data   RW         5312    .data               alarm.o
    0x20000030   0x08004570   0x00000006   Data   RW         5395    .data               bsp_usart.o
    0x20000036   0x08004576   0x00000005   Data   RW         5452    .data               bsp_pwm.o
    0x2000003b   0x0800457b   0x00000001   Data   RW         5583    .data               bsp_motor.o
    0x2000003c   0x0800457c   0x00000004   Data   RW         5863    .data               bsp_esp8266_mqtt.o
    0x20000040   0x08004580   0x00000001   Data   RW         5864    .data               bsp_esp8266_mqtt.o
    0x20000041   0x08004581   0x00000001   PAD
    0x20000042   0x08004582   0x0000003c   Data   RW         6003    .data               application_data_manager.o
    0x2000007e   0x080045be   0x00000002   PAD
    0x20000080   0x080045c0   0x0000000c   Data   RW         6186    .data               modbus_rtu_link.o
    0x2000008c   0x080045cc   0x0000000c   Data   RW         6271    .data               rs485_driver.o
    0x20000098   0x080045d8   0x00000004   Data   RW         6383    .data               modbus_timebase.o
    0x2000009c   0x080045dc   0x00000004   Data   RW         6714    .data               mc_w.l(stdout.o)
    0x200000a0        -       0x00000080   Zero   RW         5394    .bss                bsp_usart.o
    0x20000120        -       0x00000402   Zero   RW         5682    .bss                bsp_esp8266.o
    0x20000522        -       0x00000500   Zero   RW         5860    .bss                bsp_esp8266_mqtt.o
    0x20000a22   0x080045e0   0x00000002   PAD
    0x20000a24        -       0x00000210   Zero   RW         6185    .bss                modbus_rtu_link.o
    0x20000c34   0x080045e0   0x00000004   PAD
    0x20000c38        -       0x00000800   Zero   RW            1    STACK               startup_stm32f429_439xx.o


==============================================================================

Image component sizes


      Code (inc. data)   RO Data    RW Data    ZI Data      Debug   Object Name

       802        190         37         12          0       6206   alarm.o
       148         14          0         60          0       3699   application_data_manager.o
        64          6          0          0          0        571   bsp_beep.o
      2336        786         80          0       1026      16591   bsp_esp8266.o
      3260        992        280          5       1280      14828   bsp_esp8266_mqtt.o
       480         76          0          1          0       4143   bsp_motor.o
       444         32          0          5          0       2899   bsp_pwm.o
        56          4          0          0          0       1036   bsp_systick.o
       350         30          0          6        128       4384   bsp_usart.o
        92         20          0          0          0       1547   main.o
       124         16          0          0          0       1847   misc.o
        44          4        512          0          0       1359   modbus_crc.o
      1088        578          0          0          0       6617   modbus_read.o
       352         54          0         12        528       5851   modbus_rtu_link.o
        16          6          0          4          0       1226   modbus_timebase.o
       814         64          0         12          0       9327   rs485_driver.o
        36          8        428          0       2048        988   startup_stm32f429_439xx.o
       164          0          0          0          0       3299   stm32f4xx_gpio.o
        20          0          0          0          0       4330   stm32f4xx_it.o
       248         34          0         16          0       5295   stm32f4xx_rcc.o
       696         52          0          0          0      14363   stm32f4xx_tim.o
       398          8          0          0          0       7786   stm32f4xx_usart.o
       304         34          0         20          0     296565   system_stm32f4xx.o

    ----------------------------------------------------------------------
     12362       3008       1372        156       5016     414757   Object Totals
         0          0         32          0          0          0   (incl. Generated)
        26          0          3          3          6          0   (incl. Padding)

    ----------------------------------------------------------------------

      Code (inc. data)   RO Data    RW Data    ZI Data      Debug   Library Member Name

         0          0          0          0          0          0   entry.o
         0          0          0          0          0          0   entry10a.o
         0          0          0          0          0          0   entry11a.o
         4          0          0          0          0          0   entry12b.o
         8          4          0          0          0          0   entry2.o
         4          0          0          0          0          0   entry5.o
         0          0          0          0          0          0   entry7b.o
         0          0          0          0          0          0   entry8b.o
         8          4          0          0          0          0   entry9a.o
        30          0          0          0          0          0   handlers.o
        36          8          0          0          0         68   init.o
         0          0          0          0          0          0   iusefp.o
        30          0          0          0          0         68   llshl.o
        36          0          0          0          0         68   llsshr.o
        32          0          0          0          0         68   llushr.o
        36          0          0          0          0         68   memcpya.o
        36          0          0          0          0        108   memseta.o
      2394        106          0          0          0        852   printfa.o
         0          0          0          4          0          0   stdout.o
        20          0          0          0          0         68   strchr.o
        28          0          0          0          0         76   strcmp.o
        14          0          0          0          0         68   strlen.o
        30          0          0          0          0         80   strncmp.o
        36          0          0          0          0         80   strstr.o
        44          0          0          0          0         80   uidiv.o
        98          0          0          0          0         92   uldiv.o
        48          0          0          0          0         68   cdrcmple.o
       334          0          0          0          0        148   dadd.o
       222          0          0          0          0        100   ddiv.o
       186          0          0          0          0        176   depilogue.o
        48          0          0          0          0         68   dfixul.o
       228          0          0          0          0         96   dmul.o

    ----------------------------------------------------------------------
      3994        122          0          4          0       2500   Library Totals
         4          0          0          0          0          0   (incl. Padding)

    ----------------------------------------------------------------------

      Code (inc. data)   RO Data    RW Data    ZI Data      Debug   Library Name

      2924        122          0          4          0       1844   mc_w.l
      1066          0          0          0          0        656   mf_w.l

    ----------------------------------------------------------------------
      3994        122          0          4          0       2500   Library Totals

    ----------------------------------------------------------------------

==============================================================================


      Code (inc. data)   RO Data    RW Data    ZI Data      Debug   

     16356       3130       1372        160       5016     403109   Grand Totals
     16356       3130       1372        160       5016     403109   ELF Image Totals
     16356       3130       1372        160          0          0   ROM Totals

==============================================================================

    Total RO  Size (Code + RO Data)                17728 (  17.31kB)
    Total RW  Size (RW Data + ZI Data)              5176 (   5.05kB)
    Total ROM Size (Code + RO Data + RW Data)      17888 (  17.47kB)

==============================================================================

