Component: ARM Compiler 5.06 update 7 (build 960) Tool: armlink [4d3601]

==============================================================================

Section Cross References

    startup_stm32f429_439xx.o(RESET) refers to startup_stm32f429_439xx.o(STACK) for __initial_sp
    startup_stm32f429_439xx.o(RESET) refers to startup_stm32f429_439xx.o(.text) for Reset_Handler
    startup_stm32f429_439xx.o(RESET) refers to stm32f4xx_it.o(i.NMI_Handler) for NMI_Handler
    startup_stm32f429_439xx.o(RESET) refers to stm32f4xx_it.o(i.HardFault_Handler) for HardFault_Handler
    startup_stm32f429_439xx.o(RESET) refers to stm32f4xx_it.o(i.MemManage_Handler) for MemManage_Handler
    startup_stm32f429_439xx.o(RESET) refers to stm32f4xx_it.o(i.BusFault_Handler) for BusFault_Handler
    startup_stm32f429_439xx.o(RESET) refers to stm32f4xx_it.o(i.UsageFault_Handler) for UsageFault_Handler
    startup_stm32f429_439xx.o(RESET) refers to stm32f4xx_it.o(i.SVC_Handler) for SVC_Handler
    startup_stm32f429_439xx.o(RESET) refers to stm32f4xx_it.o(i.DebugMon_Handler) for DebugMon_Handler
    startup_stm32f429_439xx.o(RESET) refers to stm32f4xx_it.o(i.PendSV_Handler) for PendSV_Handler
    startup_stm32f429_439xx.o(RESET) refers to stm32f4xx_it.o(i.SysTick_Handler) for SysTick_Handler
    startup_stm32f429_439xx.o(RESET) refers to bsp_usart_1.o(i.USART1_IRQHandler) for USART1_IRQHandler
    startup_stm32f429_439xx.o(RESET) refers to rs485_driver.o(i.USART2_IRQHandler) for USART2_IRQHandler
    startup_stm32f429_439xx.o(RESET) refers to bsp_esp8266.o(i.USART3_IRQHandler) for USART3_IRQHandler
    startup_stm32f429_439xx.o(RESET) refers to rs485_driver.o(i.TIM6_DAC_IRQHandler) for TIM6_DAC_IRQHandler
    startup_stm32f429_439xx.o(.text) refers to system_stm32f4xx.o(i.SystemInit) for SystemInit
    startup_stm32f429_439xx.o(.text) refers to entry.o(.ARM.Collect$$$$00000000) for __main
    system_stm32f4xx.o(i.SystemCoreClockUpdate) refers to system_stm32f4xx.o(.data) for .data
    system_stm32f4xx.o(i.SystemInit) refers to system_stm32f4xx.o(i.SetSysClock) for SetSysClock
    stm32f4xx_adc.o(i.ADC_DeInit) refers to stm32f4xx_rcc.o(i.RCC_APB2PeriphResetCmd) for RCC_APB2PeriphResetCmd
    stm32f4xx_can.o(i.CAN_DeInit) refers to stm32f4xx_rcc.o(i.RCC_APB1PeriphResetCmd) for RCC_APB1PeriphResetCmd
    stm32f4xx_can.o(i.CAN_GetITStatus) refers to stm32f4xx_can.o(i.CheckITStatus) for CheckITStatus
    stm32f4xx_cryp.o(i.CRYP_DeInit) refers to stm32f4xx_rcc.o(i.RCC_AHB2PeriphResetCmd) for RCC_AHB2PeriphResetCmd
    stm32f4xx_cryp_aes.o(i.CRYP_AES_CBC) refers to stm32f4xx_cryp.o(i.CRYP_KeyStructInit) for CRYP_KeyStructInit
    stm32f4xx_cryp_aes.o(i.CRYP_AES_CBC) refers to stm32f4xx_cryp.o(i.CRYP_KeyInit) for CRYP_KeyInit
    stm32f4xx_cryp_aes.o(i.CRYP_AES_CBC) refers to stm32f4xx_cryp.o(i.CRYP_Init) for CRYP_Init
    stm32f4xx_cryp_aes.o(i.CRYP_AES_CBC) refers to stm32f4xx_cryp.o(i.CRYP_IVInit) for CRYP_IVInit
    stm32f4xx_cryp_aes.o(i.CRYP_AES_CBC) refers to stm32f4xx_cryp.o(i.CRYP_FIFOFlush) for CRYP_FIFOFlush
    stm32f4xx_cryp_aes.o(i.CRYP_AES_CBC) refers to stm32f4xx_cryp.o(i.CRYP_Cmd) for CRYP_Cmd
    stm32f4xx_cryp_aes.o(i.CRYP_AES_CBC) refers to stm32f4xx_cryp.o(i.CRYP_GetCmdStatus) for CRYP_GetCmdStatus
    stm32f4xx_cryp_aes.o(i.CRYP_AES_CBC) refers to stm32f4xx_cryp.o(i.CRYP_GetFlagStatus) for CRYP_GetFlagStatus
    stm32f4xx_cryp_aes.o(i.CRYP_AES_CBC) refers to stm32f4xx_cryp.o(i.CRYP_DataIn) for CRYP_DataIn
    stm32f4xx_cryp_aes.o(i.CRYP_AES_CBC) refers to stm32f4xx_cryp.o(i.CRYP_DataOut) for CRYP_DataOut
    stm32f4xx_cryp_aes.o(i.CRYP_AES_CCM) refers to stm32f4xx_cryp.o(i.CRYP_KeyStructInit) for CRYP_KeyStructInit
    stm32f4xx_cryp_aes.o(i.CRYP_AES_CCM) refers to stm32f4xx_cryp.o(i.CRYP_FIFOFlush) for CRYP_FIFOFlush
    stm32f4xx_cryp_aes.o(i.CRYP_AES_CCM) refers to stm32f4xx_cryp.o(i.CRYP_KeyInit) for CRYP_KeyInit
    stm32f4xx_cryp_aes.o(i.CRYP_AES_CCM) refers to stm32f4xx_cryp.o(i.CRYP_IVInit) for CRYP_IVInit
    stm32f4xx_cryp_aes.o(i.CRYP_AES_CCM) refers to stm32f4xx_cryp.o(i.CRYP_Init) for CRYP_Init
    stm32f4xx_cryp_aes.o(i.CRYP_AES_CCM) refers to stm32f4xx_cryp.o(i.CRYP_PhaseConfig) for CRYP_PhaseConfig
    stm32f4xx_cryp_aes.o(i.CRYP_AES_CCM) refers to stm32f4xx_cryp.o(i.CRYP_DataIn) for CRYP_DataIn
    stm32f4xx_cryp_aes.o(i.CRYP_AES_CCM) refers to stm32f4xx_cryp.o(i.CRYP_Cmd) for CRYP_Cmd
    stm32f4xx_cryp_aes.o(i.CRYP_AES_CCM) refers to stm32f4xx_cryp.o(i.CRYP_GetCmdStatus) for CRYP_GetCmdStatus
    stm32f4xx_cryp_aes.o(i.CRYP_AES_CCM) refers to stm32f4xx_cryp.o(i.CRYP_GetFlagStatus) for CRYP_GetFlagStatus
    stm32f4xx_cryp_aes.o(i.CRYP_AES_CCM) refers to stm32f4xx_cryp.o(i.CRYP_DataOut) for CRYP_DataOut
    stm32f4xx_cryp_aes.o(i.CRYP_AES_CTR) refers to stm32f4xx_cryp.o(i.CRYP_KeyStructInit) for CRYP_KeyStructInit
    stm32f4xx_cryp_aes.o(i.CRYP_AES_CTR) refers to stm32f4xx_cryp.o(i.CRYP_KeyInit) for CRYP_KeyInit
[...]
    ..\..\Libraries\STM32F4xx_StdPeriph_Driver\src\stm32f4xx_rtc.c 0x00000000   Number         0  stm32f4xx_rtc.o ABSOLUTE
    ..\..\Libraries\STM32F4xx_StdPeriph_Driver\src\stm32f4xx_sai.c 0x00000000   Number         0  stm32f4xx_sai.o ABSOLUTE
    ..\..\Libraries\STM32F4xx_StdPeriph_Driver\src\stm32f4xx_sdio.c 0x00000000   Number         0  stm32f4xx_sdio.o ABSOLUTE
    ..\..\Libraries\STM32F4xx_StdPeriph_Driver\src\stm32f4xx_spdifrx.c 0x00000000   Number         0  stm32f4xx_spdifrx.o ABSOLUTE
    ..\..\Libraries\STM32F4xx_StdPeriph_Driver\src\stm32f4xx_spi.c 0x00000000   Number         0  stm32f4xx_spi.o ABSOLUTE
    ..\..\Libraries\STM32F4xx_StdPeriph_Driver\src\stm32f4xx_syscfg.c 0x00000000   Number         0  stm32f4xx_syscfg.o ABSOLUTE
    ..\..\Libraries\STM32F4xx_StdPeriph_Driver\src\stm32f4xx_tim.c 0x00000000   Number         0  stm32f4xx_tim.o ABSOLUTE
    ..\..\Libraries\STM32F4xx_StdPeriph_Driver\src\stm32f4xx_usart.c 0x00000000   Number         0  stm32f4xx_usart.o ABSOLUTE
    ..\..\Libraries\STM32F4xx_StdPeriph_Driver\src\stm32f4xx_wwdg.c 0x00000000   Number         0  stm32f4xx_wwdg.o ABSOLUTE
    ..\..\User\common\common.c               0x00000000   Number         0  common.o ABSOLUTE
    ..\..\User\dht11\bsp_dht11.c             0x00000000   Number         0  bsp_dht11.o ABSOLUTE
    ..\..\User\dwt\core_delay.c              0x00000000   Number         0  core_delay.o ABSOLUTE
    ..\..\User\main.c                        0x00000000   Number         0  main.o ABSOLUTE
    ..\..\User\modbus_master\application_data_manager.c 0x00000000   Number         0  application_data_manager.o ABSOLUTE
    ..\..\User\modbus_master\modbus_crc.c    0x00000000   Number         0  modbus_crc.o ABSOLUTE
    ..\..\User\modbus_master\modbus_protocol.c 0x00000000   Number         0  modbus_protocol.o ABSOLUTE
    ..\..\User\modbus_master\modbus_read.c   0x00000000   Number         0  modbus_read.o ABSOLUTE
    ..\..\User\modbus_master\modbus_rtu_link.c 0x00000000   Number         0  modbus_rtu_link.o ABSOLUTE
    ..\..\User\modbus_master\modbus_timebase.c 0x00000000   Number         0  modbus_timebase.o ABSOLUTE
    ..\..\User\modbus_master\modbus_transaction.c 0x00000000   Number         0  modbus_transaction.o ABSOLUTE
    ..\..\User\modbus_master\rs485_driver.c  0x00000000   Number         0  rs485_driver.o ABSOLUTE
    ..\..\User\mqtt\bsp_esp8266.c            0x00000000   Number         0  bsp_esp8266.o ABSOLUTE
    ..\..\User\mqtt\bsp_esp8266_mqtt.c       0x00000000   Number         0  bsp_esp8266_mqtt.o ABSOLUTE
    ..\..\User\pwm\bsp_pwm.c                 0x00000000   Number         0  bsp_pwm.o ABSOLUTE
    ..\..\User\stm32f4xx_it.c                0x00000000   Number         0  stm32f4xx_it.o ABSOLUTE
    ..\..\User\systick\bsp_systick.c         0x00000000   Number         0  bsp_systick.o ABSOLUTE
    ..\..\User\usart\bsp_usart.c             0x00000000   Number         0  bsp_usart_1.o ABSOLUTE
    ..\\..\\Libraries\\CMSIS\\Device\\ST\\STM32F4xx\\Source\\Templates\\system_stm32f4xx.c 0x00000000   Number         0  system_stm32f4xx.o ABSOLUTE
    ..\\..\\Libraries\\STM32F4xx_StdPeriph_Driver\\src\\misc.c 0x00000000   Number         0  misc.o ABSOLUTE
    ..\\..\\Libraries\\STM32F4xx_StdPeriph_Driver\\src\\stm32f4xx_adc.c 0x00000000   Number         0  stm32f4xx_adc.o ABSOLUTE
    ..\\..\\Libraries\\STM32F4xx_StdPeriph_Driver\\src\\stm32f4xx_can.c 0x00000000   Number         0  stm32f4xx_can.o ABSOLUTE
    ..\\..\\Libraries\\STM32F4xx_StdPeriph_Driver\\src\\stm32f4xx_cec.c 0x00000000   Number         0  stm32f4xx_cec.o ABSOLUTE
    ..\\..\\Libraries\\STM32F4xx_StdPeriph_Driver\\src\\stm32f4xx_crc.c 0x00000000   Number         0  stm32f4xx_crc.o ABSOLUTE
    ..\\..\\Libraries\\STM32F4xx_StdPeriph_Driver\\src\\stm32f4xx_cryp.c 0x00000000   Number         0  stm32f4xx_cryp.o ABSOLUTE
    ..\\..\\Libraries\\STM32F4xx_StdPeriph_Driver\\src\\stm32f4xx_cryp_aes.c 0x00000000   Number         0  stm32f4xx_cryp_aes.o ABSOLUTE
    ..\\..\\Libraries\\STM32F4xx_StdPeriph_Driver\\src\\stm32f4xx_cryp_des.c 0x00000000   Number         0  stm32f4xx_cryp_des.o ABSOLUTE
    ..\\..\\Libraries\\STM32F4xx_StdPeriph_Driver\\src\\stm32f4xx_cryp_tdes.c 0x00000000   Number         0  stm32f4xx_cryp_tdes.o ABSOLUTE
    ..\\..\\Libraries\\STM32F4xx_StdPeriph_Driver\\src\\stm32f4xx_dac.c 0x00000000   Number         0  stm32f4xx_dac.o ABSOLUTE
    ..\\..\\Libraries\\STM32F4xx_StdPeriph_Driver\\src\\stm32f4xx_dbgmcu.c 0x00000000   Number         0  stm32f4xx_dbgmcu.o ABSOLUTE
    ..\\..\\Libraries\\STM32F4xx_StdPeriph_Driver\\src\\stm32f4xx_dcmi.c 0x00000000   Number         0  stm32f4xx_dcmi.o ABSOLUTE
    ..\\..\\Libraries\\STM32F4xx_StdPeriph_Driver\\src\\stm32f4xx_dma.c 0x00000000   Number         0  stm32f4xx_dma.o ABSOLUTE
    ..\\..\\Libraries\\STM32F4xx_StdPeriph_Driver\\src\\stm32f4xx_dma2d.c 0x00000000   Number         0  stm32f4xx_dma2d.o ABSOLUTE
    ..\\..\\Libraries\\STM32F4xx_StdPeriph_Driver\\src\\stm32f4xx_exti.c 0x00000000   Number         0  stm32f4xx_exti.o ABSOLUTE
    ..\\..\\Libraries\\STM32F4xx_StdPeriph_Driver\\src\\stm32f4xx_flash.c 0x00000000   Number         0  stm32f4xx_flash.o ABSOLUTE
    ..\\..\\Libraries\\STM32F4xx_StdPeriph_Driver\\src\\stm32f4xx_flash_ramfunc.c 0x00000000   Number         0  stm32f4xx_flash_ramfunc.o ABSOLUTE
    ..\\..\\Libraries\\STM32F4xx_StdPeriph_Driver\\src\\stm32f4xx_fmc.c 0x00000000   Number         0  stm32f4xx_fmc.o ABSOLUTE
    ..\\..\\Libraries\\STM32F4xx_StdPeriph_Driver\\src\\stm32f4xx_fmpi2c.c 0x00000000   Number         0  stm32f4xx_fmpi2c.o ABSOLUTE
    ..\\..\\Libraries\\STM32F4xx_StdPeriph_Driver\\src\\stm32f4xx_gpio.c 0x00000000   Number         0  stm32f4xx_gpio.o ABSOLUTE
    ..\\..\\Libraries\\STM32F4xx_StdPeriph_Driver\\src\\stm32f4xx_hash.c 0x00000000   Number         0  stm32f4xx_hash.o ABSOLUTE
    ..\\..\\Libraries\\STM32F4xx_StdPeriph_Driver\\src\\stm32f4xx_hash_md5.c 0x00000000   Number         0  stm32f4xx_hash_md5.o ABSOLUTE
    ..\\..\\Libraries\\STM32F4xx_StdPeriph_Driver\\src\\stm32f4xx_hash_sha1.c 0x00000000   Number         0  stm32f4xx_hash_sha1.o ABSOLUTE
    ..\\..\\Libraries\\STM32F4xx_StdPeriph_Driver\\src\\stm32f4xx_i2c.c 0x00000000   Number         0  stm32f4xx_i2c.o ABSOLUTE
    ..\\..\\Libraries\\STM32F4xx_StdPeriph_Driver\\src\\stm32f4xx_iwdg.c 0x00000000   Number         0  stm32f4xx_iwdg.o ABSOLUTE
    ..\\..\\Libraries\\STM32F4xx_StdPeriph_Driver\\src\\stm32f4xx_ltdc.c 0x00000000   Number         0  stm32f4xx_ltdc.o ABSOLUTE
    ..\\..\\Libraries\\STM32F4xx_StdPeriph_Driver\\src\\stm32f4xx_pwr.c 0x00000000   Number         0  stm32f4xx_pwr.o ABSOLUTE
    ..\\..\\Libraries\\STM32F4xx_StdPeriph_Driver\\src\\stm32f4xx_qspi.c 0x00000000   Number         0  stm32f4xx_qspi.o ABSOLUTE
    ..\\..\\Libraries\\STM32F4xx_StdPeriph_Driver\\src\\stm32f4xx_rcc.c 0x00000000   Number         0  stm32f4xx_rcc.o ABSOLUTE
    ..\\..\\Libraries\\STM32F4xx_StdPeriph_Driver\\src\\stm32f4xx_rng.c 0x00000000   Number         0  stm32f4xx_rng.o ABSOLUTE
    ..\\..\\Libraries\\STM32F4xx_StdPeriph_Driver\\src\\stm32f4xx_rtc.c 0x00000000   Number         0  stm32f4xx_rtc.o ABSOLUTE
    ..\\..\\Libraries\\STM32F4xx_StdPeriph_Driver\\src\\stm32f4xx_sai.c 0x00000000   Number         0  stm32f4xx_sai.o ABSOLUTE
    ..\\..\\Libraries\\STM32F4xx_StdPeriph_Driver\\src\\stm32f4xx_sdio.c 0x00000000   Number         0  stm32f4xx_sdio.o ABSOLUTE
    ..\\..\\Libraries\\STM32F4xx_StdPeriph_Driver\\src\\stm32f4xx_spdifrx.c 0x00000000   Number         0  stm32f4xx_spdifrx.o ABSOLUTE
    ..\\..\\Libraries\\STM32F4xx_StdPeriph_Driver\\src\\stm32f4xx_spi.c 0x00000000   Number         0  stm32f4xx_spi.o ABSOLUTE
    ..\\..\\Libraries\\STM32F4xx_StdPeriph_Driver\\src\\stm32f4xx_syscfg.c 0x00000000   Number         0  stm32f4xx_syscfg.o ABSOLUTE
    ..\\..\\Libraries\\STM32F4xx_StdPeriph_Driver\\src\\stm32f4xx_tim.c 0x00000000   Number         0  stm32f4xx_tim.o ABSOLUTE
    ..\\..\\Libraries\\STM32F4xx_StdPeriph_Driver\\src\\stm32f4xx_usart.c 0x00000000   Number         0  stm32f4xx_usart.o ABSOLUTE
    ..\\..\\Libraries\\STM32F4xx_StdPeriph_Driver\\src\\stm32f4xx_wwdg.c 0x00000000   Number         0  stm32f4xx_wwdg.o ABSOLUTE
    ..\\..\\User\\common\\common.c           0x00000000   Number         0  common.o ABSOLUTE
    ..\\..\\User\\dht11\\bsp_dht11.c         0x00000000   Number         0  bsp_dht11.o ABSOLUTE
    ..\\..\\User\\dwt\\core_delay.c          0x00000000   Number         0  core_delay.o ABSOLUTE
    ..\\..\\User\\main.c                     0x00000000   Number         0  main.o ABSOLUTE
    ..\\..\\User\\modbus_master\\modbus_timebase.c 0x00000000   Number         0  modbus_timebase.o ABSOLUTE
    ..\\..\\User\\modbus_master\\rs485_driver.c 0x00000000   Number         0  rs485_driver.o ABSOLUTE
    ..\\..\\User\\mqtt\\bsp_esp8266.c        0x00000000   Number         0  bsp_esp8266.o ABSOLUTE
    ..\\..\\User\\mqtt\\bsp_esp8266_mqtt.c   0x00000000   Number         0  bsp_esp8266_mqtt.o ABSOLUTE
    ..\\..\\User\\pwm\\bsp_pwm.c             0x00000000   Number         0  bsp_pwm.o ABSOLUTE
    ..\\..\\User\\stm32f4xx_it.c             0x00000000   Number         0  stm32f4xx_it.o ABSOLUTE
    ..\\..\\User\\systick\\bsp_systick.c     0x00000000   Number         0  bsp_systick.o ABSOLUTE
    ..\\..\\User\\usart\\bsp_usart.c         0x00000000   Number         0  bsp_usart_1.o ABSOLUTE
    cdrcmple.s                               0x00000000   Number         0  cdrcmple.o ABSOLUTE
    dc.s                                     0x00000000   Number         0  dc.o ABSOLUTE
    handlers.s                               0x00000000   Number         0  handlers.o ABSOLUTE
    init.s                                   0x00000000   Number         0  init.o ABSOLUTE
    RESET                                    0x08000000   Section      428  startup_stm32f429_439xx.o(RESET)
    .ARM.Collect$$$$00000000                 0x080001ac   Section        0  entry.o(.ARM.Collect$$$$00000000)
    .ARM.Collect$$$$00000001                 0x080001ac   Section        4  entry2.o(.ARM.Collect$$$$00000001)
    .ARM.Collect$$$$00000004                 0x080001b0   Section        4  entry5.o(.ARM.Collect$$$$00000004)
    .ARM.Collect$$$$00000008                 0x080001b4   Section        0  entry7b.o(.ARM.Collect$$$$00000008)
    .ARM.Collect$$$$0000000A                 0x080001b4   Section        0  entry8b.o(.ARM.Collect$$$$0000000A)
    .ARM.Collect$$$$0000000B                 0x080001b4   Section        8  entry9a.o(.ARM.Collect$$$$0000000B)
    .ARM.Collect$$$$0000000E                 0x080001bc   Section        4  entry12b.o(.ARM.Collect$$$$0000000E)
    .ARM.Collect$$$$0000000F                 0x080001c0   Section        0  entry10a.o(.ARM.Collect$$$$0000000F)
    .ARM.Collect$$$$00000011                 0x080001c0   Section        0  entry11a.o(.ARM.Collect$$$$00000011)
    .ARM.Collect$$$$00002712                 0x080001c0   Section        4  entry2.o(.ARM.Collect$$$$00002712)
    __lit__00000000                          0x080001c0   Data           4  entry2.o(.ARM.Collect$$$$00002712)
    .text                                    0x080001c4   Section       36  startup_stm32f429_439xx.o(.text)
    $v0                                      0x080001c4   Number         0  startup_stm32f429_439xx.o(.text)
    .text                                    0x080001e8   Section        0  memcpya.o(.text)
    .text                                    0x0800020c   Section        0  memseta.o(.text)
    .text                                    0x08000230   Section        0  strstr.o(.text)
    .text                                    0x08000254   Section        0  strchr.o(.text)
    .text                                    0x08000268   Section        0  strlen.o(.text)
    .text                                    0x08000276   Section        0  strcmp.o(.text)
    .text                                    0x08000292   Section        0  strncmp.o(.text)
    .text                                    0x080002b0   Section        0  uldiv.o(.text)
    .text                                    0x08000314   Section       36  init.o(.text)
    .text                                    0x08000338   Section        0  llshl.o(.text)
    .text                                    0x08000356   Section        0  llushr.o(.text)
    i.BusFault_Handler                       0x08000376   Section        0  stm32f4xx_it.o(i.BusFault_Handler)
    i.CPU_TS_TmrInit                         0x08000378   Section        0  core_delay.o(i.CPU_TS_TmrInit)
    i.CPU_TS_TmrRd                           0x0800039c   Section        0  core_delay.o(i.CPU_TS_TmrRd)
    i.CPU_TS_Tmr_Delay_US                    0x080003a8   Section        0  core_delay.o(i.CPU_TS_Tmr_Delay_US)
    i.DHT11_GPIO_Config                      0x080003f0   Section        0  bsp_dht11.o(i.DHT11_GPIO_Config)
    i.DHT11_Mode_IPU                         0x08000424   Section        0  bsp_dht11.o(i.DHT11_Mode_IPU)
    DHT11_Mode_IPU                           0x08000425   Thumb Code    34  bsp_dht11.o(i.DHT11_Mode_IPU)
    i.DHT11_Mode_Out_PP                      0x0800044c   Section        0  bsp_dht11.o(i.DHT11_Mode_Out_PP)
    DHT11_Mode_Out_PP                        0x0800044d   Thumb Code    38  bsp_dht11.o(i.DHT11_Mode_Out_PP)
    i.DebugMon_Handler                       0x08000478   Section        0  stm32f4xx_it.o(i.DebugMon_Handler)
    i.DelayMs                                0x0800047a   Section        0  bsp_systick.o(i.DelayMs)
    i.ESP8266_AT_Test                        0x08000490   Section        0  bsp_esp8266.o(i.ESP8266_AT_Test)
    i.ESP8266_CIPSEND_RAW                    0x080004dc   Section        0  bsp_esp8266.o(i.ESP8266_CIPSEND_RAW)
    i.ESP8266_Cmd                            0x08000538   Section        0  bsp_esp8266.o(i.ESP8266_Cmd)
    i.ESP8266_DHCP_CUR                       0x080005e0   Section        0  bsp_esp8266.o(i.ESP8266_DHCP_CUR)
    i.ESP8266_Enable_MultipleId              0x08000614   Section        0  bsp_esp8266.o(i.ESP8266_Enable_MultipleId)
    i.ESP8266_GPIO_Config                    0x08000650   Section        0  bsp_esp8266.o(i.ESP8266_GPIO_Config)
    ESP8266_GPIO_Config                      0x08000651   Thumb Code    64  bsp_esp8266.o(i.ESP8266_GPIO_Config)
    i.ESP8266_Init                           0x08000694   Section        0  bsp_esp8266.o(i.ESP8266_Init)
    i.ESP8266_JoinAP                         0x080006bc   Section        0  bsp_esp8266.o(i.ESP8266_JoinAP)
    i.ESP8266_Link_Server                    0x080006f8   Section        0  bsp_esp8266.o(i.ESP8266_Link_Server)
    i.ESP8266_MQTT_CycleOnce                 0x080007b0   Section        0  bsp_esp8266.o(i.ESP8266_MQTT_CycleOnce)
    i.ESP8266_MQTT_POLL_RECEIVE              0x080008a0   Section        0  bsp_esp8266_mqtt.o(i.ESP8266_MQTT_POLL_RECEIVE)
    i.ESP8266_MQTT_PUB                       0x08000e6c   Section        0  bsp_esp8266_mqtt.o(i.ESP8266_MQTT_PUB)
    i.ESP8266_MQTT_TCP_CONNECT_AND_SUB       0x08000f64   Section        0  bsp_esp8266_mqtt.o(i.ESP8266_MQTT_TCP_CONNECT_AND_SUB)
    i.ESP8266_Net_Mode_Choose                0x08000f68   Section        0  bsp_esp8266.o(i.ESP8266_Net_Mode_Choose)
    i.ESP8266_Rst                            0x08000fd0   Section        0  bsp_esp8266.o(i.ESP8266_Rst)
    i.ESP8266_SendBytesRaw                   0x08000ff8   Section        0  bsp_esp8266.o(i.ESP8266_SendBytesRaw)
    i.ESP8266_USART_Config                   0x08001040   Section        0  bsp_esp8266.o(i.ESP8266_USART_Config)
    ESP8266_USART_Config                     0x08001041   Thumb Code   170  bsp_esp8266.o(i.ESP8266_USART_Config)
    i.ESP8266_USART_NVIC_Configuration       0x080010f4   Section        0  bsp_esp8266.o(i.ESP8266_USART_NVIC_Configuration)
    ESP8266_USART_NVIC_Configuration         0x080010f5   Thumb Code    40  bsp_esp8266.o(i.ESP8266_USART_NVIC_Configuration)
    i.ESP8266_WiFiAndMQTT_Startup            0x0800111c   Section        0  bsp_esp8266.o(i.ESP8266_WiFiAndMQTT_Startup)
    i.GPIO_Init                              0x08001354   Section        0  stm32f4xx_gpio.o(i.GPIO_Init)
    i.GPIO_PinAFConfig                       0x080013d0   Section        0  stm32f4xx_gpio.o(i.GPIO_PinAFConfig)
    i.GPIO_ReadInputDataBit                  0x080013f0   Section        0  stm32f4xx_gpio.o(i.GPIO_ReadInputDataBit)
    i.GPIO_ResetBits                         0x080013fe   Section        0  stm32f4xx_gpio.o(i.GPIO_ResetBits)
    i.GPIO_SetBits                           0x08001402   Section        0  stm32f4xx_gpio.o(i.GPIO_SetBits)
    i.HardFault_Handler                      0x08001406   Section        0  stm32f4xx_it.o(i.HardFault_Handler)
    i.InitSysTick                            0x08001408   Section        0  bsp_systick.o(i.InitSysTick)
    i.LED_PWM_Config                         0x0800142c   Section        0  bsp_pwm.o(i.LED_PWM_Config)
    i.LED_PWM_GetDuty                        0x08001560   Section        0  bsp_pwm.o(i.LED_PWM_GetDuty)
    i.LED_PWM_SetDuty                        0x08001578   Section        0  bsp_pwm.o(i.LED_PWM_SetDuty)
    i.MB_RTU_LinkInit                        0x080015d0   Section        0  modbus_rtu_link.o(i.MB_RTU_LinkInit)
    i.MB_RTU_OnRxByte                        0x080015d4   Section        0  modbus_rtu_link.o(i.MB_RTU_OnRxByte)
    i.MB_RTU_OnT35Expired                    0x08001620   Section        0  modbus_rtu_link.o(i.MB_RTU_OnT35Expired)
    i.MB_RTU_OnTxEmpty                       0x08001648   Section        0  modbus_rtu_link.o(i.MB_RTU_OnTxEmpty)
    i.MB_RTU_RegisterFrameReady              0x08001670   Section        0  modbus_rtu_link.o(i.MB_RTU_RegisterFrameReady)
    i.MB_RTU_Send                            0x0800167c   Section        0  modbus_rtu_link.o(i.MB_RTU_Send)
    i.MB_Timebase_SysTickHook                0x080016d4   Section        0  modbus_timebase.o(i.MB_Timebase_SysTickHook)
    i.MemManage_Handler                      0x080016e4   Section        0  stm32f4xx_it.o(i.MemManage_Handler)
    i.Modbus_CRC16                           0x080016e8   Section        0  modbus_crc.o(i.Modbus_CRC16)
    i.Modbus_ReadTest_SendOnce               0x08001714   Section        0  modbus_read.o(i.Modbus_ReadTest_SendOnce)
    i.Modbus_Read_Init                       0x080017b4   Section        0  modbus_read.o(i.Modbus_Read_Init)
    i.NMI_Handler                            0x080017e4   Section        0  stm32f4xx_it.o(i.NMI_Handler)
    i.NVIC_Configuration                     0x080017e6   Section        0  bsp_usart_1.o(i.NVIC_Configuration)
    NVIC_Configuration                       0x080017e7   Thumb Code    38  bsp_usart_1.o(i.NVIC_Configuration)
    i.NVIC_Init                              0x0800180c   Section        0  misc.o(i.NVIC_Init)
    i.NVIC_PriorityGroupConfig               0x08001874   Section        0  misc.o(i.NVIC_PriorityGroupConfig)
    i.PendSV_Handler                         0x08001888   Section        0  stm32f4xx_it.o(i.PendSV_Handler)
    i.RCC_AHB1PeriphClockCmd                 0x0800188c   Section        0  stm32f4xx_rcc.o(i.RCC_AHB1PeriphClockCmd)
    i.RCC_APB1PeriphClockCmd                 0x080018a8   Section        0  stm32f4xx_rcc.o(i.RCC_APB1PeriphClockCmd)
    i.RCC_APB2PeriphClockCmd                 0x080018c4   Section        0  stm32f4xx_rcc.o(i.RCC_APB2PeriphClockCmd)
    i.RCC_GetClocksFreq                      0x080018e0   Section        0  stm32f4xx_rcc.o(i.RCC_GetClocksFreq)
    i.RS485_EnableIRQ                        0x08001984   Section        0  rs485_driver.o(i.RS485_EnableIRQ)
    i.RS485_Init                             0x080019e8   Section        0  rs485_driver.o(i.RS485_Init)
    i.RS485_RegisterCallbacks                0x080019f8   Section        0  rs485_driver.o(i.RS485_RegisterCallbacks)
    i.RS485_SetDirectionTx                   0x08001a04   Section        0  rs485_driver.o(i.RS485_SetDirectionTx)
    i.RS485_TimerInit                        0x08001a20   Section        0  rs485_driver.o(i.RS485_TimerInit)
    i.RS485_TimerStart_T35                   0x08001a24   Section        0  rs485_driver.o(i.RS485_TimerStart_T35)
    i.RS485_WriteByte                        0x08001a54   Section        0  rs485_driver.o(i.RS485_WriteByte)
    i.Read_Byte                              0x08001a70   Section        0  bsp_dht11.o(i.Read_Byte)
    Read_Byte                                0x08001a71   Thumb Code    92  bsp_dht11.o(i.Read_Byte)
    i.Read_DHT11                             0x08001ad0   Section        0  bsp_dht11.o(i.Read_DHT11)
    i.SVC_Handler                            0x08001ba0   Section        0  stm32f4xx_it.o(i.SVC_Handler)
    i.SetSysClock                            0x08001ba4   Section        0  system_stm32f4xx.o(i.SetSysClock)
    SetSysClock                              0x08001ba5   Thumb Code   196  system_stm32f4xx.o(i.SetSysClock)
    i.SysTick_Handler                        0x08001c78   Section        0  stm32f4xx_it.o(i.SysTick_Handler)
    i.SystemInit                             0x08001c7c   Section        0  system_stm32f4xx.o(i.SystemInit)
    i.TIM6_DAC_IRQHandler                    0x08001cd8   Section        0  rs485_driver.o(i.TIM6_DAC_IRQHandler)
    i.TIM_ARRPreloadConfig                   0x08001d10   Section        0  stm32f4xx_tim.o(i.TIM_ARRPreloadConfig)
    i.TIM_ClearITPendingBit                  0x08001d28   Section        0  stm32f4xx_tim.o(i.TIM_ClearITPendingBit)
    i.TIM_Cmd                                0x08001d2e   Section        0  stm32f4xx_tim.o(i.TIM_Cmd)
    i.TIM_GenerateEvent                      0x08001d46   Section        0  stm32f4xx_tim.o(i.TIM_GenerateEvent)
    i.TIM_GetITStatus                        0x08001d4a   Section        0  stm32f4xx_tim.o(i.TIM_GetITStatus)
    i.TIM_ITConfig                           0x08001d62   Section        0  stm32f4xx_tim.o(i.TIM_ITConfig)
    i.TIM_OC1Init                            0x08001d78   Section        0  stm32f4xx_tim.o(i.TIM_OC1Init)
    i.TIM_OC1PreloadConfig                   0x08001de0   Section        0  stm32f4xx_tim.o(i.TIM_OC1PreloadConfig)
    i.TIM_OC2Init                            0x08001dec   Section        0  stm32f4xx_tim.o(i.TIM_OC2Init)
    i.TIM_OC2PreloadConfig                   0x08001e74   Section        0  stm32f4xx_tim.o(i.TIM_OC2PreloadConfig)
    i.TIM_OC3Init                            0x08001e88   Section        0  stm32f4xx_tim.o(i.TIM_OC3Init)
    i.TIM_OC3PreloadConfig                   0x08001f0c   Section        0  stm32f4xx_tim.o(i.TIM_OC3PreloadConfig)
    i.TIM_OCStructInit                       0x08001f18   Section        0  stm32f4xx_tim.o(i.TIM_OCStructInit)
    i.TIM_SetCompare1                        0x08001f2c   Section        0  stm32f4xx_tim.o(i.TIM_SetCompare1)
    i.TIM_SetCompare2                        0x08001f30   Section        0  stm32f4xx_tim.o(i.TIM_SetCompare2)
    i.TIM_SetCompare3                        0x08001f34   Section        0  stm32f4xx_tim.o(i.TIM_SetCompare3)
    i.TIM_SetCounter                         0x08001f38   Section        0  stm32f4xx_tim.o(i.TIM_SetCounter)
    i.TIM_TimeBaseInit                       0x08001f3c   Section        0  stm32f4xx_tim.o(i.TIM_TimeBaseInit)
    i.TIM_TimeBaseStructInit                 0x08001fb8   Section        0  stm32f4xx_tim.o(i.TIM_TimeBaseStructInit)
    i.USART1_IRQHandler                      0x08001fcc   Section        0  bsp_usart_1.o(i.USART1_IRQHandler)
    i.USART2_IRQHandler                      0x08002038   Section        0  rs485_driver.o(i.USART2_IRQHandler)
    i.USART3_IRQHandler                      0x080020d0   Section        0  bsp_esp8266.o(i.USART3_IRQHandler)
    i.USART_ClearITPendingBit                0x0800215c   Section        0  stm32f4xx_usart.o(i.USART_ClearITPendingBit)
    i.USART_Cmd                              0x0800216c   Section        0  stm32f4xx_usart.o(i.USART_Cmd)
    i.USART_GetFlagStatus                    0x08002184   Section        0  stm32f4xx_usart.o(i.USART_GetFlagStatus)
    i.USART_GetITStatus                      0x08002192   Section        0  stm32f4xx_usart.o(i.USART_GetITStatus)
    i.USART_ITConfig                         0x080021d2   Section        0  stm32f4xx_usart.o(i.USART_ITConfig)
    i.USART_Init                             0x08002208   Section        0  stm32f4xx_usart.o(i.USART_Init)
    i.USART_ReceiveData                      0x080022c4   Section        0  stm32f4xx_usart.o(i.USART_ReceiveData)
    i.USART_SendData                         0x080022cc   Section        0  stm32f4xx_usart.o(i.USART_SendData)
    i.USART_StructInit                       0x080022d4   Section        0  stm32f4xx_usart.o(i.USART_StructInit)
    i.USART_printf                           0x080022ea   Section        0  common.o(i.USART_printf)
    i.USARTx_Config                          0x080023b8   Section        0  bsp_usart_1.o(i.USARTx_Config)
    i.UsageFault_Handler                     0x08002460   Section        0  stm32f4xx_it.o(i.UsageFault_Handler)
    i.__0printf$8                            0x08002464   Section        0  printf8.o(i.__0printf$8)
    i.__0snprintf$8                          0x08002484   Section        0  printf8.o(i.__0snprintf$8)
    i.__0sprintf$8                           0x080024b8   Section        0  printf8.o(i.__0sprintf$8)
    i.__scatterload_copy                     0x080024e0   Section       14  handlers.o(i.__scatterload_copy)
    i.__scatterload_null                     0x080024ee   Section        2  handlers.o(i.__scatterload_null)
    i.__scatterload_zeroinit                 0x080024f0   Section       14  handlers.o(i.__scatterload_zeroinit)
    i._printf_core                           0x08002500   Section        0  printf8.o(i._printf_core)
    _printf_core                             0x08002501   Thumb Code   984  printf8.o(i._printf_core)
    i._printf_post_padding                   0x08002904   Section        0  printf8.o(i._printf_post_padding)
    _printf_post_padding                     0x08002905   Thumb Code    36  printf8.o(i._printf_post_padding)
    i._printf_pre_padding                    0x08002928   Section        0  printf8.o(i._printf_pre_padding)
    _printf_pre_padding                      0x08002929   Thumb Code    46  printf8.o(i._printf_pre_padding)
    i._snputc                                0x08002956   Section        0  printf8.o(i._snputc)
    _snputc                                  0x08002957   Thumb Code    22  printf8.o(i._snputc)
    i._sputc                                 0x0800296c   Section        0  printf8.o(i._sputc)
    _sputc                                   0x0800296d   Thumb Code    10  printf8.o(i._sputc)
    i.app_data_get_value                     0x08002976   Section        0  application_data_manager.o(i.app_data_get_value)
    i.app_data_update_from_modbus            0x0800299c   Section        0  application_data_manager.o(i.app_data_update_from_modbus)
    i.build_mqtt_connect                     0x080029c8   Section        0  bsp_esp8266_mqtt.o(i.build_mqtt_connect)
    build_mqtt_connect                       0x080029c9   Thumb Code   188  bsp_esp8266_mqtt.o(i.build_mqtt_connect)
    i.build_mqtt_publish                     0x08002a90   Section        0  bsp_esp8266_mqtt.o(i.build_mqtt_publish)
    build_mqtt_publish                       0x08002a91   Thumb Code   112  bsp_esp8266_mqtt.o(i.build_mqtt_publish)
    i.build_mqtt_subscribe                   0x08002b04   Section        0  bsp_esp8266_mqtt.o(i.build_mqtt_subscribe)
    build_mqtt_subscribe                     0x08002b05   Thumb Code   114  bsp_esp8266_mqtt.o(i.build_mqtt_subscribe)
    i.extract_ipd_payload                    0x08002b7c   Section        0  bsp_esp8266_mqtt.o(i.extract_ipd_payload)
    extract_ipd_payload                      0x08002b7d   Thumb Code    76  bsp_esp8266_mqtt.o(i.extract_ipd_payload)
    i.fputc                                  0x08002bd4   Section        0  bsp_usart_1.o(i.fputc)
    i.itoa                                   0x08002bf8   Section        0  common.o(i.itoa)
    itoa                                     0x08002bf9   Thumb Code    92  common.o(i.itoa)
    i.main                                   0x08002c54   Section        0  main.o(i.main)
    i.mqtt_tcp_connect_and_subscribe         0x08002ca0   Section        0  bsp_esp8266_mqtt.o(i.mqtt_tcp_connect_and_subscribe)
    mqtt_tcp_connect_and_subscribe           0x08002ca1   Thumb Code   424  bsp_esp8266_mqtt.o(i.mqtt_tcp_connect_and_subscribe)
    i.mqtt_varint_enc                        0x08002fd8   Section        0  bsp_esp8266_mqtt.o(i.mqtt_varint_enc)
    mqtt_varint_enc                          0x08002fd9   Thumb Code    36  bsp_esp8266_mqtt.o(i.mqtt_varint_enc)
    i.mqtt_write_str                         0x08002ffc   Section        0  bsp_esp8266_mqtt.o(i.mqtt_write_str)
    mqtt_write_str                           0x08002ffd   Thumb Code    36  bsp_esp8266_mqtt.o(i.mqtt_write_str)
    i.parse_mqtt_connack                     0x08003020   Section        0  bsp_esp8266_mqtt.o(i.parse_mqtt_connack)
    parse_mqtt_connack                       0x08003021   Thumb Code    26  bsp_esp8266_mqtt.o(i.parse_mqtt_connack)
    i.prv_GPIO_Config                        0x0800303c   Section        0  rs485_driver.o(i.prv_GPIO_Config)
    prv_GPIO_Config                          0x0800303d   Thumb Code   122  rs485_driver.o(i.prv_GPIO_Config)
    i.prv_Timer_Config                       0x080030c0   Section        0  rs485_driver.o(i.prv_Timer_Config)
    prv_Timer_Config                         0x080030c1   Thumb Code   104  rs485_driver.o(i.prv_Timer_Config)
    i.prv_USART_Config                       0x0800312c   Section        0  rs485_driver.o(i.prv_USART_Config)
    prv_USART_Config                         0x0800312d   Thumb Code   128  rs485_driver.o(i.prv_USART_Config)
    i.prv_find_by_slave_reg                  0x080031b0   Section        0  application_data_manager.o(i.prv_find_by_slave_reg)
    prv_find_by_slave_reg                    0x080031b1   Thumb Code    40  application_data_manager.o(i.prv_find_by_slave_reg)
    i.prv_get_entry                          0x080031dc   Section        0  application_data_manager.o(i.prv_get_entry)
    prv_get_entry                            0x080031dd   Thumb Code    20  application_data_manager.o(i.prv_get_entry)
    i.prv_get_tim5_clk                       0x080031f4   Section        0  bsp_pwm.o(i.prv_get_tim5_clk)
    prv_get_tim5_clk                         0x080031f5   Thumb Code    38  bsp_pwm.o(i.prv_get_tim5_clk)
    i.prv_on_frame                           0x08003224   Section        0  modbus_read.o(i.prv_on_frame)
    prv_on_frame                             0x08003225   Thumb Code   128  modbus_read.o(i.prv_on_frame)
    i.prv_rs485_rx                           0x08003330   Section        0  modbus_read.o(i.prv_rs485_rx)
    prv_rs485_rx                             0x08003331   Thumb Code     4  modbus_read.o(i.prv_rs485_rx)
    i.prv_rs485_txempty                      0x08003334   Section        0  modbus_read.o(i.prv_rs485_txempty)
    prv_rs485_txempty                        0x08003335   Thumb Code     4  modbus_read.o(i.prv_rs485_txempty)
    i.prv_rx_reset                           0x08003338   Section        0  modbus_rtu_link.o(i.prv_rx_reset)
    prv_rx_reset                             0x08003339   Thumb Code    10  modbus_rtu_link.o(i.prv_rx_reset)
    i.prv_try_finish_frame                   0x08003348   Section        0  modbus_rtu_link.o(i.prv_try_finish_frame)
    prv_try_finish_frame                     0x08003349   Thumb Code    68  modbus_rtu_link.o(i.prv_try_finish_frame)
    .constdata                               0x08003394   Section        8  bsp_esp8266_mqtt.o(.constdata)
    .constdata                               0x0800339c   Section      512  modbus_crc.o(.constdata)
    s_crc_hi_tbl                             0x0800339c   Data         256  modbus_crc.o(.constdata)
    s_crc_lo_tbl                             0x0800349c   Data         256  modbus_crc.o(.constdata)
    .conststring                             0x0800359c   Section      156  bsp_esp8266.o(.conststring)
    .conststring                             0x08003638   Section      277  bsp_esp8266_mqtt.o(.conststring)
    .data                                    0x20000000   Section       20  system_stm32f4xx.o(.data)
    .data                                    0x20000014   Section       16  stm32f4xx_rcc.o(.data)
    APBAHBPrescTable                         0x20000014   Data          16  stm32f4xx_rcc.o(.data)
    .data                                    0x20000024   Section        6  bsp_usart_1.o(.data)
    s_line_ready                             0x20000024   Data           1  bsp_usart_1.o(.data)
    s_rx_idx                                 0x20000026   Data           2  bsp_usart_1.o(.data)
    s_line_len                               0x20000028   Data           2  bsp_usart_1.o(.data)
    .data                                    0x2000002a   Section        5  bsp_pwm.o(.data)
    s_arr                                    0x2000002a   Data           2  bsp_pwm.o(.data)
    s_duty                                   0x2000002c   Data           3  bsp_pwm.o(.data)
    .data                                    0x20000030   Section        4  bsp_esp8266_mqtt.o(.data)
    .data                                    0x20000034   Section        1  bsp_esp8266_mqtt.o(.data)
    .data                                    0x20000038   Section       12  rs485_driver.o(.data)
    s_txe_enabled                            0x20000038   Data           1  rs485_driver.o(.data)
    s_wait_tc_to_rx                          0x20000039   Data           1  rs485_driver.o(.data)
    .data                                    0x20000044   Section        4  modbus_timebase.o(.data)
    s_ms                                     0x20000044   Data           4  modbus_timebase.o(.data)
    .data                                    0x20000048   Section       12  modbus_rtu_link.o(.data)
    s_rx_state                               0x20000048   Data           1  modbus_rtu_link.o(.data)
    s_rx_pos                                 0x2000004a   Data           2  modbus_rtu_link.o(.data)
    s_tx_len                                 0x2000004c   Data           2  modbus_rtu_link.o(.data)
    s_tx_idx                                 0x2000004e   Data           2  modbus_rtu_link.o(.data)
    s_frame_ready_cb                         0x20000050   Data           4  modbus_rtu_link.o(.data)
    .data                                    0x20000054   Section       60  application_data_manager.o(.data)
    s_map                                    0x20000054   Data          60  application_data_manager.o(.data)
    .data                                    0x20000090   Section        4  stdout.o(.data)
    .bss                                     0x20000094   Section      128  bsp_usart_1.o(.bss)
    s_rx_buf                                 0x20000094   Data         128  bsp_usart_1.o(.bss)
    .bss                                     0x20000114   Section     1026  bsp_esp8266.o(.bss)
    .bss                                     0x20000516   Section     1280  bsp_esp8266_mqtt.o(.bss)
    g_mqtt_frame_buffer                      0x20000516   Data         768  bsp_esp8266_mqtt.o(.bss)
    g_mqtt_var_header_buffer                 0x20000816   Data         128  bsp_esp8266_mqtt.o(.bss)
    g_mqtt_payload_buffer                    0x20000896   Data         384  bsp_esp8266_mqtt.o(.bss)
    .bss                                     0x20000a18   Section      528  modbus_rtu_link.o(.bss)
    s_stats                                  0x20000a18   Data          16  modbus_rtu_link.o(.bss)
    s_rx_buf                                 0x20000a28   Data         256  modbus_rtu_link.o(.bss)
    s_tx_buf                                 0x20000b28   Data         256  modbus_rtu_link.o(.bss)
    STACK                                    0x20000c28   Section     2048  startup_stm32f429_439xx.o(STACK)

    Global Symbols

    Symbol Name                              Value     Ov Type        Size  Object(Section)

    BuildAttributes$$THM_ISAv4$E$P$D$K$B$S$7EM$VFPi3$EXTD16$VFPS$VFMA$PE$A:L22UL41UL21$X:L11$S22US41US21$IEEE1$IW$USESV6$~STKCKD$USESV7$~SHL$OSPACE$ROPI$EBA8$MICROLIB$REQ8$PRES8$EABIv2 0x00000000   Number         0  anon$$obj.o ABSOLUTE
    __ARM_use_no_argv                        0x00000000   Number         0  main.o ABSOLUTE
    _printf_a                                0x00000000   Number         0  stubs.o ABSOLUTE
    _printf_c                                0x00000000   Number         0  stubs.o ABSOLUTE
    _printf_charcount                        0x00000000   Number         0  stubs.o ABSOLUTE
    _printf_d                                0x00000000   Number         0  stubs.o ABSOLUTE
    _printf_e                                0x00000000   Number         0  stubs.o ABSOLUTE
    _printf_f                                0x00000000   Number         0  stubs.o ABSOLUTE
    _printf_flags                            0x00000000   Number         0  stubs.o ABSOLUTE
    _printf_fp_dec                           0x00000000   Number         0  stubs.o ABSOLUTE
    _printf_fp_hex                           0x00000000   Number         0  stubs.o ABSOLUTE
    _printf_g                                0x00000000   Number         0  stubs.o ABSOLUTE
    _printf_i                                0x00000000   Number         0  stubs.o ABSOLUTE
    _printf_int_dec                          0x00000000   Number         0  stubs.o ABSOLUTE
    _printf_l                                0x00000000   Number         0  stubs.o ABSOLUTE
    _printf_lc                               0x00000000   Number         0  stubs.o ABSOLUTE
    _printf_ll                               0x00000000   Number         0  stubs.o ABSOLUTE
    _printf_lld                              0x00000000   Number         0  stubs.o ABSOLUTE
    _printf_lli                              0x00000000   Number         0  stubs.o ABSOLUTE
    _printf_llo                              0x00000000   Number         0  stubs.o ABSOLUTE
    _printf_llu                              0x00000000   Number         0  stubs.o ABSOLUTE
    _printf_llx                              0x00000000   Number         0  stubs.o ABSOLUTE
    _printf_longlong_dec                     0x00000000   Number         0  stubs.o ABSOLUTE
    _printf_longlong_hex                     0x00000000   Number         0  stubs.o ABSOLUTE
    _printf_longlong_oct                     0x00000000   Number         0  stubs.o ABSOLUTE
    _printf_ls                               0x00000000   Number         0  stubs.o ABSOLUTE
    _printf_mbtowc                           0x00000000   Number         0  stubs.o ABSOLUTE
    _printf_n                                0x00000000   Number         0  stubs.o ABSOLUTE
    _printf_o                                0x00000000   Number         0  stubs.o ABSOLUTE
    _printf_p                                0x00000000   Number         0  stubs.o ABSOLUTE
    _printf_percent                          0x00000000   Number         0  stubs.o ABSOLUTE
    _printf_pre_padding                      0x00000000   Number         0  stubs.o ABSOLUTE
    _printf_return_value                     0x00000000   Number         0  stubs.o ABSOLUTE
    _printf_s                                0x00000000   Number         0  stubs.o ABSOLUTE
    _printf_sizespec                         0x00000000   Number         0  stubs.o ABSOLUTE
    _printf_str                              0x00000000   Number         0  stubs.o ABSOLUTE
    _printf_truncate_signed                  0x00000000   Number         0  stubs.o ABSOLUTE
    _printf_truncate_unsigned                0x00000000   Number         0  stubs.o ABSOLUTE
    _printf_u                                0x00000000   Number         0  stubs.o ABSOLUTE
    _printf_wc                               0x00000000   Number         0  stubs.o ABSOLUTE
    _printf_wctomb                           0x00000000   Number         0  stubs.o ABSOLUTE
    _printf_widthprec                        0x00000000   Number         0  stubs.o ABSOLUTE
    _printf_x                                0x00000000   Number         0  stubs.o ABSOLUTE
    __arm_fini_                               - Undefined Weak Reference
    __cpp_initialize__aeabi_                  - Undefined Weak Reference
    __cxa_finalize                            - Undefined Weak Reference
    __decompress                              - Undefined Weak Reference
    _clock_init                               - Undefined Weak Reference
    _microlib_exit                            - Undefined Weak Reference
    __Vectors_Size                           0x000001ac   Number         0  startup_stm32f429_439xx.o ABSOLUTE
    __Vectors                                0x08000000   Data           4  startup_stm32f429_439xx.o(RESET)
    __Vectors_End                            0x080001ac   Data           0  startup_stm32f429_439xx.o(RESET)
    __main                                   0x080001ad   Thumb Code     0  entry.o(.ARM.Collect$$$$00000000)
    _main_stk                                0x080001ad   Thumb Code     0  entry2.o(.ARM.Collect$$$$00000001)
    _main_scatterload                        0x080001b1   Thumb Code     0  entry5.o(.ARM.Collect$$$$00000004)
    __main_after_scatterload                 0x080001b5   Thumb Code     0  entry5.o(.ARM.Collect$$$$00000004)
    _main_clock                              0x080001b5   Thumb Code     0  entry7b.o(.ARM.Collect$$$$00000008)
    _main_cpp_init                           0x080001b5   Thumb Code     0  entry8b.o(.ARM.Collect$$$$0000000A)
    _main_init                               0x080001b5   Thumb Code     0  entry9a.o(.ARM.Collect$$$$0000000B)
    __rt_lib_shutdown_fini                   0x080001bd   Thumb Code     0  entry12b.o(.ARM.Collect$$$$0000000E)
    __rt_final_cpp                           0x080001c1   Thumb Code     0  entry10a.o(.ARM.Collect$$$$0000000F)
    __rt_final_exit                          0x080001c1   Thumb Code     0  entry11a.o(.ARM.Collect$$$$00000011)
    Reset_Handler                            0x080001c5   Thumb Code     8  startup_stm32f429_439xx.o(.text)
    ADC_IRQHandler                           0x080001df   Thumb Code     0  startup_stm32f429_439xx.o(.text)
    CAN1_RX0_IRQHandler                      0x080001df   Thumb Code     0  startup_stm32f429_439xx.o(.text)
    CAN1_RX1_IRQHandler                      0x080001df   Thumb Code     0  startup_stm32f429_439xx.o(.text)
    CAN1_SCE_IRQHandler                      0x080001df   Thumb Code     0  startup_stm32f429_439xx.o(.text)
    CAN1_TX_IRQHandler                       0x080001df   Thumb Code     0  startup_stm32f429_439xx.o(.text)
    CAN2_RX0_IRQHandler                      0x080001df   Thumb Code     0  startup_stm32f429_439xx.o(.text)
    CAN2_RX1_IRQHandler                      0x080001df   Thumb Code     0  startup_stm32f429_439xx.o(.text)
    CAN2_SCE_IRQHandler                      0x080001df   Thumb Code     0  startup_stm32f429_439xx.o(.text)
    CAN2_TX_IRQHandler                       0x080001df   Thumb Code     0  startup_stm32f429_439xx.o(.text)
    CRYP_IRQHandler                          0x080001df   Thumb Code     0  startup_stm32f429_439xx.o(.text)
    DCMI_IRQHandler                          0x080001df   Thumb Code     0  startup_stm32f429_439xx.o(.text)
    DMA1_Stream0_IRQHandler                  0x080001df   Thumb Code     0  startup_stm32f429_439xx.o(.text)
    DMA1_Stream1_IRQHandler                  0x080001df   Thumb Code     0  startup_stm32f429_439xx.o(.text)
    DMA1_Stream2_IRQHandler                  0x080001df   Thumb Code     0  startup_stm32f429_439xx.o(.text)
    DMA1_Stream3_IRQHandler                  0x080001df   Thumb Code     0  startup_stm32f429_439xx.o(.text)
    DMA1_Stream4_IRQHandler                  0x080001df   Thumb Code     0  startup_stm32f429_439xx.o(.text)
    DMA1_Stream5_IRQHandler                  0x080001df   Thumb Code     0  startup_stm32f429_439xx.o(.text)
    DMA1_Stream6_IRQHandler                  0x080001df   Thumb Code     0  startup_stm32f429_439xx.o(.text)
    DMA1_Stream7_IRQHandler                  0x080001df   Thumb Code     0  startup_stm32f429_439xx.o(.text)
    DMA2D_IRQHandler                         0x080001df   Thumb Code     0  startup_stm32f429_439xx.o(.text)
    DMA2_Stream0_IRQHandler                  0x080001df   Thumb Code     0  startup_stm32f429_439xx.o(.text)
    DMA2_Stream1_IRQHandler                  0x080001df   Thumb Code     0  startup_stm32f429_439xx.o(.text)
    DMA2_Stream2_IRQHandler                  0x080001df   Thumb Code     0  startup_stm32f429_439xx.o(.text)
    DMA2_Stream3_IRQHandler                  0x080001df   Thumb Code     0  startup_stm32f429_439xx.o(.text)
    DMA2_Stream4_IRQHandler                  0x080001df   Thumb Code     0  startup_stm32f429_439xx.o(.text)
    DMA2_Stream5_IRQHandler                  0x080001df   Thumb Code     0  startup_stm32f429_439xx.o(.text)
    DMA2_Stream6_IRQHandler                  0x080001df   Thumb Code     0  startup_stm32f429_439xx.o(.text)
    DMA2_Stream7_IRQHandler                  0x080001df   Thumb Code     0  startup_stm32f429_439xx.o(.text)
    ETH_IRQHandler                           0x080001df   Thumb Code     0  startup_stm32f429_439xx.o(.text)
    ETH_WKUP_IRQHandler                      0x080001df   Thumb Code     0  startup_stm32f429_439xx.o(.text)
    EXTI0_IRQHandler                         0x080001df   Thumb Code     0  startup_stm32f429_439xx.o(.text)
    EXTI15_10_IRQHandler                     0x080001df   Thumb Code     0  startup_stm32f429_439xx.o(.text)
    EXTI1_IRQHandler                         0x080001df   Thumb Code     0  startup_stm32f429_439xx.o(.text)
    EXTI2_IRQHandler                         0x080001df   Thumb Code     0  startup_stm32f429_439xx.o(.text)
    EXTI3_IRQHandler                         0x080001df   Thumb Code     0  startup_stm32f429_439xx.o(.text)
    EXTI4_IRQHandler                         0x080001df   Thumb Code     0  startup_stm32f429_439xx.o(.text)
    EXTI9_5_IRQHandler                       0x080001df   Thumb Code     0  startup_stm32f429_439xx.o(.text)
    FLASH_IRQHandler                         0x080001df   Thumb Code     0  startup_stm32f429_439xx.o(.text)
    FMC_IRQHandler                           0x080001df   Thumb Code     0  startup_stm32f429_439xx.o(.text)
    FPU_IRQHandler                           0x080001df   Thumb Code     0  startup_stm32f429_439xx.o(.text)
    HASH_RNG_IRQHandler                      0x080001df   Thumb Code     0  startup_stm32f429_439xx.o(.text)
    I2C1_ER_IRQHandler                       0x080001df   Thumb Code     0  startup_stm32f429_439xx.o(.text)
    I2C1_EV_IRQHandler                       0x080001df   Thumb Code     0  startup_stm32f429_439xx.o(.text)
    I2C2_ER_IRQHandler                       0x080001df   Thumb Code     0  startup_stm32f429_439xx.o(.text)
    I2C2_EV_IRQHandler                       0x080001df   Thumb Code     0  startup_stm32f429_439xx.o(.text)
    I2C3_ER_IRQHandler                       0x080001df   Thumb Code     0  startup_stm32f429_439xx.o(.text)
    I2C3_EV_IRQHandler                       0x080001df   Thumb Code     0  startup_stm32f429_439xx.o(.text)
    LTDC_ER_IRQHandler                       0x080001df   Thumb Code     0  startup_stm32f429_439xx.o(.text)
    LTDC_IRQHandler                          0x080001df   Thumb Code     0  startup_stm32f429_439xx.o(.text)
    OTG_FS_IRQHandler                        0x080001df   Thumb Code     0  startup_stm32f429_439xx.o(.text)
    OTG_FS_WKUP_IRQHandler                   0x080001df   Thumb Code     0  startup_stm32f429_439xx.o(.text)
    OTG_HS_EP1_IN_IRQHandler                 0x080001df   Thumb Code     0  startup_stm32f429_439xx.o(.text)
    OTG_HS_EP1_OUT_IRQHandler                0x080001df   Thumb Code     0  startup_stm32f429_439xx.o(.text)
    OTG_HS_IRQHandler                        0x080001df   Thumb Code     0  startup_stm32f429_439xx.o(.text)
    OTG_HS_WKUP_IRQHandler                   0x080001df   Thumb Code     0  startup_stm32f429_439xx.o(.text)
    PVD_IRQHandler                           0x080001df   Thumb Code     0  startup_stm32f429_439xx.o(.text)
    RCC_IRQHandler                           0x080001df   Thumb Code     0  startup_stm32f429_439xx.o(.text)
    RTC_Alarm_IRQHandler                     0x080001df   Thumb Code     0  startup_stm32f429_439xx.o(.text)
    RTC_WKUP_IRQHandler                      0x080001df   Thumb Code     0  startup_stm32f429_439xx.o(.text)
    SAI1_IRQHandler                          0x080001df   Thumb Code     0  startup_stm32f429_439xx.o(.text)
    SDIO_IRQHandler                          0x080001df   Thumb Code     0  startup_stm32f429_439xx.o(.text)
    SPI1_IRQHandler                          0x080001df   Thumb Code     0  startup_stm32f429_439xx.o(.text)
    SPI2_IRQHandler                          0x080001df   Thumb Code     0  startup_stm32f429_439xx.o(.text)
    SPI3_IRQHandler                          0x080001df   Thumb Code     0  startup_stm32f429_439xx.o(.text)
    SPI4_IRQHandler                          0x080001df   Thumb Code     0  startup_stm32f429_439xx.o(.text)
    SPI5_IRQHandler                          0x080001df   Thumb Code     0  startup_stm32f429_439xx.o(.text)
    SPI6_IRQHandler                          0x080001df   Thumb Code     0  startup_stm32f429_439xx.o(.text)
    TAMP_STAMP_IRQHandler                    0x080001df   Thumb Code     0  startup_stm32f429_439xx.o(.text)
    TIM1_BRK_TIM9_IRQHandler                 0x080001df   Thumb Code     0  startup_stm32f429_439xx.o(.text)
    TIM1_CC_IRQHandler                       0x080001df   Thumb Code     0  startup_stm32f429_439xx.o(.text)
    TIM1_TRG_COM_TIM11_IRQHandler            0x080001df   Thumb Code     0  startup_stm32f429_439xx.o(.text)
    TIM1_UP_TIM10_IRQHandler                 0x080001df   Thumb Code     0  startup_stm32f429_439xx.o(.text)
    TIM2_IRQHandler                          0x080001df   Thumb Code     0  startup_stm32f429_439xx.o(.text)
    TIM3_IRQHandler                          0x080001df   Thumb Code     0  startup_stm32f429_439xx.o(.text)
    TIM4_IRQHandler                          0x080001df   Thumb Code     0  startup_stm32f429_439xx.o(.text)
    TIM5_IRQHandler                          0x080001df   Thumb Code     0  startup_stm32f429_439xx.o(.text)
    TIM7_IRQHandler                          0x080001df   Thumb Code     0  startup_stm32f429_439xx.o(.text)
    TIM8_BRK_TIM12_IRQHandler                0x080001df   Thumb Code     0  startup_stm32f429_439xx.o(.text)
    TIM8_CC_IRQHandler                       0x080001df   Thumb Code     0  startup_stm32f429_439xx.o(.text)
    TIM8_TRG_COM_TIM14_IRQHandler            0x080001df   Thumb Code     0  startup_stm32f429_439xx.o(.text)
    TIM8_UP_TIM13_IRQHandler                 0x080001df   Thumb Code     0  startup_stm32f429_439xx.o(.text)
    UART4_IRQHandler                         0x080001df   Thumb Code     0  startup_stm32f429_439xx.o(.text)
    UART5_IRQHandler                         0x080001df   Thumb Code     0  startup_stm32f429_439xx.o(.text)
    UART7_IRQHandler                         0x080001df   Thumb Code     0  startup_stm32f429_439xx.o(.text)
    UART8_IRQHandler                         0x080001df   Thumb Code     0  startup_stm32f429_439xx.o(.text)
    USART6_IRQHandler                        0x080001df   Thumb Code     0  startup_stm32f429_439xx.o(.text)
    WWDG_IRQHandler                          0x080001df   Thumb Code     0  startup_stm32f429_439xx.o(.text)
    __aeabi_memcpy                           0x080001e9   Thumb Code    36  memcpya.o(.text)
    __aeabi_memcpy4                          0x080001e9   Thumb Code     0  memcpya.o(.text)
    __aeabi_memcpy8                          0x080001e9   Thumb Code     0  memcpya.o(.text)
    __aeabi_memset                           0x0800020d   Thumb Code    14  memseta.o(.text)
    __aeabi_memset4                          0x0800020d   Thumb Code     0  memseta.o(.text)
    __aeabi_memset8                          0x0800020d   Thumb Code     0  memseta.o(.text)
    __aeabi_memclr                           0x0800021b   Thumb Code     4  memseta.o(.text)
    __aeabi_memclr4                          0x0800021b   Thumb Code     0  memseta.o(.text)
    __aeabi_memclr8                          0x0800021b   Thumb Code     0  memseta.o(.text)
    _memset$wrapper                          0x0800021f   Thumb Code    18  memseta.o(.text)
    strstr                                   0x08000231   Thumb Code    36  strstr.o(.text)
    strchr                                   0x08000255   Thumb Code    20  strchr.o(.text)
    strlen                                   0x08000269   Thumb Code    14  strlen.o(.text)
    strcmp                                   0x08000277   Thumb Code    28  strcmp.o(.text)
    strncmp                                  0x08000293   Thumb Code    30  strncmp.o(.text)
    __aeabi_uldivmod                         0x080002b1   Thumb Code    98  uldiv.o(.text)
    __scatterload                            0x08000315   Thumb Code    28  init.o(.text)
    __scatterload_rt2                        0x08000315   Thumb Code     0  init.o(.text)
    __aeabi_llsl                             0x08000339   Thumb Code    30  llshl.o(.text)
    _ll_shift_l                              0x08000339   Thumb Code     0  llshl.o(.text)
    __aeabi_llsr                             0x08000357   Thumb Code    32  llushr.o(.text)
    _ll_ushift_r                             0x08000357   Thumb Code     0  llushr.o(.text)
    BusFault_Handler                         0x08000377   Thumb Code     2  stm32f4xx_it.o(i.BusFault_Handler)
    CPU_TS_TmrInit                           0x08000379   Thumb Code    26  core_delay.o(i.CPU_TS_TmrInit)
    CPU_TS_TmrRd                             0x0800039d   Thumb Code     6  core_delay.o(i.CPU_TS_TmrRd)
    CPU_TS_Tmr_Delay_US                      0x080003a9   Thumb Code    62  core_delay.o(i.CPU_TS_Tmr_Delay_US)
    DHT11_GPIO_Config                        0x080003f1   Thumb Code    46  bsp_dht11.o(i.DHT11_GPIO_Config)
    DebugMon_Handler                         0x08000479   Thumb Code     2  stm32f4xx_it.o(i.DebugMon_Handler)
    DelayMs                                  0x0800047b   Thumb Code    20  bsp_systick.o(i.DelayMs)
    ESP8266_AT_Test                          0x08000491   Thumb Code    62  bsp_esp8266.o(i.ESP8266_AT_Test)
    ESP8266_CIPSEND_RAW                      0x080004dd   Thumb Code    70  bsp_esp8266.o(i.ESP8266_CIPSEND_RAW)
    ESP8266_Cmd                              0x08000539   Thumb Code   152  bsp_esp8266.o(i.ESP8266_Cmd)
    ESP8266_DHCP_CUR                         0x080005e1   Thumb Code    30  bsp_esp8266.o(i.ESP8266_DHCP_CUR)
    ESP8266_Enable_MultipleId                0x08000615   Thumb Code    40  bsp_esp8266.o(i.ESP8266_Enable_MultipleId)
    ESP8266_Init                             0x08000695   Thumb Code    34  bsp_esp8266.o(i.ESP8266_Init)
    ESP8266_JoinAP                           0x080006bd   Thumb Code    34  bsp_esp8266.o(i.ESP8266_JoinAP)
    ESP8266_Link_Server                      0x080006f9   Thumb Code   104  bsp_esp8266.o(i.ESP8266_Link_Server)
    ESP8266_MQTT_CycleOnce                   0x080007b1   Thumb Code   162  bsp_esp8266.o(i.ESP8266_MQTT_CycleOnce)
    ESP8266_MQTT_POLL_RECEIVE                0x080008a1   Thumb Code  1482  bsp_esp8266_mqtt.o(i.ESP8266_MQTT_POLL_RECEIVE)
    ESP8266_MQTT_PUB                         0x08000e6d   Thumb Code   150  bsp_esp8266_mqtt.o(i.ESP8266_MQTT_PUB)
    ESP8266_MQTT_TCP_CONNECT_AND_SUB         0x08000f65   Thumb Code     4  bsp_esp8266_mqtt.o(i.ESP8266_MQTT_TCP_CONNECT_AND_SUB)
    ESP8266_Net_Mode_Choose                  0x08000f69   Thumb Code    50  bsp_esp8266.o(i.ESP8266_Net_Mode_Choose)
    ESP8266_Rst                              0x08000fd1   Thumb Code    36  bsp_esp8266.o(i.ESP8266_Rst)
    ESP8266_SendBytesRaw                     0x08000ff9   Thumb Code    66  bsp_esp8266.o(i.ESP8266_SendBytesRaw)
    ESP8266_WiFiAndMQTT_Startup              0x0800111d   Thumb Code   218  bsp_esp8266.o(i.ESP8266_WiFiAndMQTT_Startup)
    GPIO_Init                                0x08001355   Thumb Code   124  stm32f4xx_gpio.o(i.GPIO_Init)
    GPIO_PinAFConfig                         0x080013d1   Thumb Code    32  stm32f4xx_gpio.o(i.GPIO_PinAFConfig)
    GPIO_ReadInputDataBit                    0x080013f1   Thumb Code    14  stm32f4xx_gpio.o(i.GPIO_ReadInputDataBit)
    GPIO_ResetBits                           0x080013ff   Thumb Code     4  stm32f4xx_gpio.o(i.GPIO_ResetBits)
    GPIO_SetBits                             0x08001403   Thumb Code     4  stm32f4xx_gpio.o(i.GPIO_SetBits)
    HardFault_Handler                        0x08001407   Thumb Code     2  stm32f4xx_it.o(i.HardFault_Handler)
    InitSysTick                              0x08001409   Thumb Code    32  bsp_systick.o(i.InitSysTick)
    LED_PWM_Config                           0x0800142d   Thumb Code   296  bsp_pwm.o(i.LED_PWM_Config)
    LED_PWM_GetDuty                          0x08001561   Thumb Code    20  bsp_pwm.o(i.LED_PWM_GetDuty)
    LED_PWM_SetDuty                          0x08001579   Thumb Code    78  bsp_pwm.o(i.LED_PWM_SetDuty)
    MB_RTU_LinkInit                          0x080015d1   Thumb Code     4  modbus_rtu_link.o(i.MB_RTU_LinkInit)
    MB_RTU_OnRxByte                          0x080015d5   Thumb Code    68  modbus_rtu_link.o(i.MB_RTU_OnRxByte)
    MB_RTU_OnT35Expired                      0x08001621   Thumb Code    32  modbus_rtu_link.o(i.MB_RTU_OnT35Expired)
    MB_RTU_OnTxEmpty                         0x08001649   Thumb Code    32  modbus_rtu_link.o(i.MB_RTU_OnTxEmpty)
    MB_RTU_RegisterFrameReady                0x08001671   Thumb Code     6  modbus_rtu_link.o(i.MB_RTU_RegisterFrameReady)
    MB_RTU_Send                              0x0800167d   Thumb Code    78  modbus_rtu_link.o(i.MB_RTU_Send)
    MB_Timebase_SysTickHook                  0x080016d5   Thumb Code    10  modbus_timebase.o(i.MB_Timebase_SysTickHook)
    MemManage_Handler                        0x080016e5   Thumb Code     2  stm32f4xx_it.o(i.MemManage_Handler)
    Modbus_CRC16                             0x080016e9   Thumb Code    40  modbus_crc.o(i.Modbus_CRC16)
    Modbus_ReadTest_SendOnce                 0x08001715   Thumb Code    70  modbus_read.o(i.Modbus_ReadTest_SendOnce)
    Modbus_Read_Init                         0x080017b5   Thumb Code    34  modbus_read.o(i.Modbus_Read_Init)
    NMI_Handler                              0x080017e5   Thumb Code     2  stm32f4xx_it.o(i.NMI_Handler)
    NVIC_Init                                0x0800180d   Thumb Code    98  misc.o(i.NVIC_Init)
    NVIC_PriorityGroupConfig                 0x08001875   Thumb Code    10  misc.o(i.NVIC_PriorityGroupConfig)
    PendSV_Handler                           0x08001889   Thumb Code     2  stm32f4xx_it.o(i.PendSV_Handler)
    RCC_AHB1PeriphClockCmd                   0x0800188d   Thumb Code    22  stm32f4xx_rcc.o(i.RCC_AHB1PeriphClockCmd)
    RCC_APB1PeriphClockCmd                   0x080018a9   Thumb Code    22  stm32f4xx_rcc.o(i.RCC_APB1PeriphClockCmd)
    RCC_APB2PeriphClockCmd                   0x080018c5   Thumb Code    22  stm32f4xx_rcc.o(i.RCC_APB2PeriphClockCmd)
    RCC_GetClocksFreq                        0x080018e1   Thumb Code   148  stm32f4xx_rcc.o(i.RCC_GetClocksFreq)
    RS485_EnableIRQ                          0x08001985   Thumb Code    92  rs485_driver.o(i.RS485_EnableIRQ)
    RS485_Init                               0x080019e9   Thumb Code    14  rs485_driver.o(i.RS485_Init)
    RS485_RegisterCallbacks                  0x080019f9   Thumb Code     8  rs485_driver.o(i.RS485_RegisterCallbacks)
    RS485_SetDirectionTx                     0x08001a05   Thumb Code    22  rs485_driver.o(i.RS485_SetDirectionTx)
    RS485_TimerInit                          0x08001a21   Thumb Code     4  rs485_driver.o(i.RS485_TimerInit)
    RS485_TimerStart_T35                     0x08001a25   Thumb Code    42  rs485_driver.o(i.RS485_TimerStart_T35)
    RS485_WriteByte                          0x08001a55   Thumb Code    22  rs485_driver.o(i.RS485_WriteByte)
    Read_DHT11                               0x08001ad1   Thumb Code   204  bsp_dht11.o(i.Read_DHT11)
    SVC_Handler                              0x08001ba1   Thumb Code     2  stm32f4xx_it.o(i.SVC_Handler)
    SysTick_Handler                          0x08001c79   Thumb Code     4  stm32f4xx_it.o(i.SysTick_Handler)
    SystemInit                               0x08001c7d   Thumb Code    74  system_stm32f4xx.o(i.SystemInit)
    TIM6_DAC_IRQHandler                      0x08001cd9   Thumb Code    52  rs485_driver.o(i.TIM6_DAC_IRQHandler)
    TIM_ARRPreloadConfig                     0x08001d11   Thumb Code    24  stm32f4xx_tim.o(i.TIM_ARRPreloadConfig)
    TIM_ClearITPendingBit                    0x08001d29   Thumb Code     6  stm32f4xx_tim.o(i.TIM_ClearITPendingBit)
    TIM_Cmd                                  0x08001d2f   Thumb Code    24  stm32f4xx_tim.o(i.TIM_Cmd)
    TIM_GenerateEvent                        0x08001d47   Thumb Code     4  stm32f4xx_tim.o(i.TIM_GenerateEvent)
    TIM_GetITStatus                          0x08001d4b   Thumb Code    24  stm32f4xx_tim.o(i.TIM_GetITStatus)
    TIM_ITConfig                             0x08001d63   Thumb Code    20  stm32f4xx_tim.o(i.TIM_ITConfig)
    TIM_OC1Init                              0x08001d79   Thumb Code    96  stm32f4xx_tim.o(i.TIM_OC1Init)
    TIM_OC1PreloadConfig                     0x08001de1   Thumb Code    12  stm32f4xx_tim.o(i.TIM_OC1PreloadConfig)
    TIM_OC2Init                              0x08001ded   Thumb Code   128  stm32f4xx_tim.o(i.TIM_OC2Init)
    TIM_OC2PreloadConfig                     0x08001e75   Thumb Code    20  stm32f4xx_tim.o(i.TIM_OC2PreloadConfig)
    TIM_OC3Init                              0x08001e89   Thumb Code   124  stm32f4xx_tim.o(i.TIM_OC3Init)
    TIM_OC3PreloadConfig                     0x08001f0d   Thumb Code    12  stm32f4xx_tim.o(i.TIM_OC3PreloadConfig)
    TIM_OCStructInit                         0x08001f19   Thumb Code    20  stm32f4xx_tim.o(i.TIM_OCStructInit)
    TIM_SetCompare1                          0x08001f2d   Thumb Code     4  stm32f4xx_tim.o(i.TIM_SetCompare1)
    TIM_SetCompare2                          0x08001f31   Thumb Code     4  stm32f4xx_tim.o(i.TIM_SetCompare2)
    TIM_SetCompare3                          0x08001f35   Thumb Code     4  stm32f4xx_tim.o(i.TIM_SetCompare3)
    TIM_SetCounter                           0x08001f39   Thumb Code     4  stm32f4xx_tim.o(i.TIM_SetCounter)
    TIM_TimeBaseInit                         0x08001f3d   Thumb Code    96  stm32f4xx_tim.o(i.TIM_TimeBaseInit)
    TIM_TimeBaseStructInit                   0x08001fb9   Thumb Code    18  stm32f4xx_tim.o(i.TIM_TimeBaseStructInit)
    USART1_IRQHandler                        0x08001fcd   Thumb Code    94  bsp_usart_1.o(i.USART1_IRQHandler)
    USART2_IRQHandler                        0x08002039   Thumb Code   140  rs485_driver.o(i.USART2_IRQHandler)
    USART3_IRQHandler                        0x080020d1   Thumb Code   132  bsp_esp8266.o(i.USART3_IRQHandler)
    USART_ClearITPendingBit                  0x0800215d   Thumb Code    16  stm32f4xx_usart.o(i.USART_ClearITPendingBit)
    USART_Cmd                                0x0800216d   Thumb Code    24  stm32f4xx_usart.o(i.USART_Cmd)
    USART_GetFlagStatus                      0x08002185   Thumb Code    14  stm32f4xx_usart.o(i.USART_GetFlagStatus)
    USART_GetITStatus                        0x08002193   Thumb Code    64  stm32f4xx_usart.o(i.USART_GetITStatus)
    USART_ITConfig                           0x080021d3   Thumb Code    54  stm32f4xx_usart.o(i.USART_ITConfig)
    USART_Init                               0x08002209   Thumb Code   180  stm32f4xx_usart.o(i.USART_Init)
    USART_ReceiveData                        0x080022c5   Thumb Code     8  stm32f4xx_usart.o(i.USART_ReceiveData)
    USART_SendData                           0x080022cd   Thumb Code     8  stm32f4xx_usart.o(i.USART_SendData)
    USART_StructInit                         0x080022d5   Thumb Code    22  stm32f4xx_usart.o(i.USART_StructInit)
    USART_printf                             0x080022eb   Thumb Code   204  common.o(i.USART_printf)
    USARTx_Config                            0x080023b9   Thumb Code   158  bsp_usart_1.o(i.USARTx_Config)
    UsageFault_Handler                       0x08002461   Thumb Code     2  stm32f4xx_it.o(i.UsageFault_Handler)
    __0printf$8                              0x08002465   Thumb Code    22  printf8.o(i.__0printf$8)
    __1printf$8                              0x08002465   Thumb Code     0  printf8.o(i.__0printf$8)
    __2printf                                0x08002465   Thumb Code     0  printf8.o(i.__0printf$8)
    __0snprintf$8                            0x08002485   Thumb Code    48  printf8.o(i.__0snprintf$8)
    __1snprintf$8                            0x08002485   Thumb Code     0  printf8.o(i.__0snprintf$8)
    __2snprintf                              0x08002485   Thumb Code     0  printf8.o(i.__0snprintf$8)
    __0sprintf$8                             0x080024b9   Thumb Code    34  printf8.o(i.__0sprintf$8)
    __1sprintf$8                             0x080024b9   Thumb Code     0  printf8.o(i.__0sprintf$8)
    __2sprintf                               0x080024b9   Thumb Code     0  printf8.o(i.__0sprintf$8)
    __scatterload_copy                       0x080024e1   Thumb Code    14  handlers.o(i.__scatterload_copy)
    __scatterload_null                       0x080024ef   Thumb Code     2  handlers.o(i.__scatterload_null)
    __scatterload_zeroinit                   0x080024f1   Thumb Code    14  handlers.o(i.__scatterload_zeroinit)
    app_data_get_value                       0x08002977   Thumb Code    36  application_data_manager.o(i.app_data_get_value)
    app_data_update_from_modbus              0x0800299d   Thumb Code    38  application_data_manager.o(i.app_data_update_from_modbus)
    fputc                                    0x08002bd5   Thumb Code    30  bsp_usart_1.o(i.fputc)
    main                                     0x08002c55   Thumb Code    56  main.o(i.main)
    Region$$Table$$Base                      0x08003750   Number         0  anon$$obj.o(Region$$Table)
    Region$$Table$$Limit                     0x08003770   Number         0  anon$$obj.o(Region$$Table)
    SystemCoreClock                          0x20000000   Data           4  system_stm32f4xx.o(.data)
    AHBPrescTable                            0x20000004   Data          16  system_stm32f4xx.o(.data)
    led_value                                0x20000030   Data           4  bsp_esp8266_mqtt.o(.data)
    mqtt_flag                                0x20000034   Data           1  bsp_esp8266_mqtt.o(.data)
    ch                                       0x2000003a   Data           1  rs485_driver.o(.data)
    g_rs485RxCallback                        0x2000003c   Data           4  rs485_driver.o(.data)
    g_rs485TxEmptyCallback                   0x20000040   Data           4  rs485_driver.o(.data)
    __stdout                                 0x20000090   Data           4  stdout.o(.data)
    strEsp8266_Fram_Record                   0x20000114   Data        1026  bsp_esp8266.o(.bss)
    __initial_sp                             0x20001428   Data           0  startup_stm32f429_439xx.o(STACK)



==============================================================================

Memory Map of the image

  Image Entry point : 0x080001ad

  Load Region LR_IROM1 (Base: 0x08000000, Size: 0x00003804, Max: 0x00100000, ABSOLUTE)

    Execution Region ER_IROM1 (Exec base: 0x08000000, Load base: 0x08000000, Size: 0x00003770, Max: 0x00100000, ABSOLUTE)

    Exec Addr    Load Addr    Size         Type   Attr      Idx    E Section Name        Object

    0x08000000   0x08000000   0x000001ac   Data   RO            3    RESET               startup_stm32f429_439xx.o
    0x080001ac   0x080001ac   0x00000000   Code   RO         6337  * .ARM.Collect$$$$00000000  mc_w.l(entry.o)
    0x080001ac   0x080001ac   0x00000004   Code   RO         6617    .ARM.Collect$$$$00000001  mc_w.l(entry2.o)
    0x080001b0   0x080001b0   0x00000004   Code   RO         6620    .ARM.Collect$$$$00000004  mc_w.l(entry5.o)
    0x080001b4   0x080001b4   0x00000000   Code   RO         6622    .ARM.Collect$$$$00000008  mc_w.l(entry7b.o)
    0x080001b4   0x080001b4   0x00000000   Code   RO         6624    .ARM.Collect$$$$0000000A  mc_w.l(entry8b.o)
    0x080001b4   0x080001b4   0x00000008   Code   RO         6625    .ARM.Collect$$$$0000000B  mc_w.l(entry9a.o)
    0x080001bc   0x080001bc   0x00000004   Code   RO         6632    .ARM.Collect$$$$0000000E  mc_w.l(entry12b.o)
    0x080001c0   0x080001c0   0x00000000   Code   RO         6627    .ARM.Collect$$$$0000000F  mc_w.l(entry10a.o)
    0x080001c0   0x080001c0   0x00000000   Code   RO         6629    .ARM.Collect$$$$00000011  mc_w.l(entry11a.o)
    0x080001c0   0x080001c0   0x00000004   Code   RO         6618    .ARM.Collect$$$$00002712  mc_w.l(entry2.o)
    0x080001c4   0x080001c4   0x00000024   Code   RO            4    .text               startup_stm32f429_439xx.o
    0x080001e8   0x080001e8   0x00000024   Code   RO         6340    .text               mc_w.l(memcpya.o)
    0x0800020c   0x0800020c   0x00000024   Code   RO         6342    .text               mc_w.l(memseta.o)
    0x08000230   0x08000230   0x00000024   Code   RO         6344    .text               mc_w.l(strstr.o)
    0x08000254   0x08000254   0x00000014   Code   RO         6346    .text               mc_w.l(strchr.o)
    0x08000268   0x08000268   0x0000000e   Code   RO         6348    .text               mc_w.l(strlen.o)
    0x08000276   0x08000276   0x0000001c   Code   RO         6350    .text               mc_w.l(strcmp.o)
    0x08000292   0x08000292   0x0000001e   Code   RO         6352    .text               mc_w.l(strncmp.o)
    0x080002b0   0x080002b0   0x00000062   Code   RO         6636    .text               mc_w.l(uldiv.o)
    0x08000312   0x08000312   0x00000002   PAD
    0x08000314   0x08000314   0x00000024   Code   RO         6649    .text               mc_w.l(init.o)
    0x08000338   0x08000338   0x0000001e   Code   RO         6651    .text               mc_w.l(llshl.o)
    0x08000356   0x08000356   0x00000020   Code   RO         6653    .text               mc_w.l(llushr.o)
    0x08000376   0x08000376   0x00000002   Code   RO         5230    i.BusFault_Handler  stm32f4xx_it.o
    0x08000378   0x08000378   0x00000024   Code   RO         5465    i.CPU_TS_TmrInit    core_delay.o
    0x0800039c   0x0800039c   0x0000000c   Code   RO         5466    i.CPU_TS_TmrRd      core_delay.o
    0x080003a8   0x080003a8   0x00000048   Code   RO         5467    i.CPU_TS_Tmr_Delay_US  core_delay.o
    0x080003f0   0x080003f0   0x00000034   Code   RO         5501    i.DHT11_GPIO_Config  bsp_dht11.o
    0x08000424   0x08000424   0x00000028   Code   RO         5502    i.DHT11_Mode_IPU    bsp_dht11.o
    0x0800044c   0x0800044c   0x0000002c   Code   RO         5503    i.DHT11_Mode_Out_PP  bsp_dht11.o
    0x08000478   0x08000478   0x00000002   Code   RO         5231    i.DebugMon_Handler  stm32f4xx_it.o
    0x0800047a   0x0800047a   0x00000014   Code   RO         5408    i.DelayMs           bsp_systick.o
    0x0800048e   0x0800048e   0x00000002   PAD
    0x08000490   0x08000490   0x0000004c   Code   RO         5549    i.ESP8266_AT_Test   bsp_esp8266.o
    0x080004dc   0x080004dc   0x0000005c   Code   RO         5551    i.ESP8266_CIPSEND_RAW  bsp_esp8266.o
    0x08000538   0x08000538   0x000000a8   Code   RO         5552    i.ESP8266_Cmd       bsp_esp8266.o
    0x080005e0   0x080005e0   0x00000034   Code   RO         5553    i.ESP8266_DHCP_CUR  bsp_esp8266.o
    0x08000614   0x08000614   0x0000003c   Code   RO         5554    i.ESP8266_Enable_MultipleId  bsp_esp8266.o
    0x08000650   0x08000650   0x00000044   Code   RO         5556    i.ESP8266_GPIO_Config  bsp_esp8266.o
    0x08000694   0x08000694   0x00000028   Code   RO         5559    i.ESP8266_Init      bsp_esp8266.o
    0x080006bc   0x080006bc   0x0000003c   Code   RO         5561    i.ESP8266_JoinAP    bsp_esp8266.o
    0x080006f8   0x080006f8   0x000000b8   Code   RO         5562    i.ESP8266_Link_Server  bsp_esp8266.o
    0x080007b0   0x080007b0   0x000000f0   Code   RO         5563    i.ESP8266_MQTT_CycleOnce  bsp_esp8266.o
    0x080008a0   0x080008a0   0x000005ca   Code   RO         5734    i.ESP8266_MQTT_POLL_RECEIVE  bsp_esp8266_mqtt.o
    0x08000e6a   0x08000e6a   0x00000002   PAD
    0x08000e6c   0x08000e6c   0x000000f8   Code   RO         5735    i.ESP8266_MQTT_PUB  bsp_esp8266_mqtt.o
    0x08000f64   0x08000f64   0x00000004   Code   RO         5736    i.ESP8266_MQTT_TCP_CONNECT_AND_SUB  bsp_esp8266_mqtt.o
    0x08000f68   0x08000f68   0x00000068   Code   RO         5564    i.ESP8266_Net_Mode_Choose  bsp_esp8266.o
    0x08000fd0   0x08000fd0   0x00000028   Code   RO         5566    i.ESP8266_Rst       bsp_esp8266.o
    0x08000ff8   0x08000ff8   0x00000048   Code   RO         5567    i.ESP8266_SendBytesRaw  bsp_esp8266.o
    0x08001040   0x08001040   0x000000b4   Code   RO         5570    i.ESP8266_USART_Config  bsp_esp8266.o
    0x080010f4   0x080010f4   0x00000028   Code   RO         5571    i.ESP8266_USART_NVIC_Configuration  bsp_esp8266.o
    0x0800111c   0x0800111c   0x00000238   Code   RO         5573    i.ESP8266_WiFiAndMQTT_Startup  bsp_esp8266.o
    0x08001354   0x08001354   0x0000007c   Code   RO         2046    i.GPIO_Init         stm32f4xx_gpio.o
    0x080013d0   0x080013d0   0x00000020   Code   RO         2047    i.GPIO_PinAFConfig  stm32f4xx_gpio.o
    0x080013f0   0x080013f0   0x0000000e   Code   RO         2050    i.GPIO_ReadInputDataBit  stm32f4xx_gpio.o
    0x080013fe   0x080013fe   0x00000004   Code   RO         2053    i.GPIO_ResetBits    stm32f4xx_gpio.o
    0x08001402   0x08001402   0x00000004   Code   RO         2054    i.GPIO_SetBits      stm32f4xx_gpio.o
    0x08001406   0x08001406   0x00000002   Code   RO         5232    i.HardFault_Handler  stm32f4xx_it.o
    0x08001408   0x08001408   0x00000024   Code   RO         5410    i.InitSysTick       bsp_systick.o
    0x0800142c   0x0800142c   0x00000134   Code   RO         5365    i.LED_PWM_Config    bsp_pwm.o
    0x08001560   0x08001560   0x00000018   Code   RO         5366    i.LED_PWM_GetDuty   bsp_pwm.o
    0x08001578   0x08001578   0x00000058   Code   RO         5367    i.LED_PWM_SetDuty   bsp_pwm.o
    0x080015d0   0x080015d0   0x00000004   Code   RO         6040    i.MB_RTU_LinkInit   modbus_rtu_link.o
    0x080015d4   0x080015d4   0x0000004c   Code   RO         6041    i.MB_RTU_OnRxByte   modbus_rtu_link.o
    0x08001620   0x08001620   0x00000028   Code   RO         6042    i.MB_RTU_OnT35Expired  modbus_rtu_link.o
    0x08001648   0x08001648   0x00000028   Code   RO         6043    i.MB_RTU_OnTxEmpty  modbus_rtu_link.o
    0x08001670   0x08001670   0x0000000c   Code   RO         6044    i.MB_RTU_RegisterFrameReady  modbus_rtu_link.o
    0x0800167c   0x0800167c   0x00000058   Code   RO         6045    i.MB_RTU_Send       modbus_rtu_link.o
    0x080016d4   0x080016d4   0x00000010   Code   RO         5986    i.MB_Timebase_SysTickHook  modbus_timebase.o
    0x080016e4   0x080016e4   0x00000002   Code   RO         5233    i.MemManage_Handler  stm32f4xx_it.o
    0x080016e6   0x080016e6   0x00000002   PAD
    0x080016e8   0x080016e8   0x0000002c   Code   RO         6022    i.Modbus_CRC16      modbus_crc.o
    0x08001714   0x08001714   0x000000a0   Code   RO         6294    i.Modbus_ReadTest_SendOnce  modbus_read.o
    0x080017b4   0x080017b4   0x00000030   Code   RO         6295    i.Modbus_Read_Init  modbus_read.o
    0x080017e4   0x080017e4   0x00000002   Code   RO         5234    i.NMI_Handler       stm32f4xx_it.o
    0x080017e6   0x080017e6   0x00000026   Code   RO         5305    i.NVIC_Configuration  bsp_usart_1.o
    0x0800180c   0x0800180c   0x00000068   Code   RO          164    i.NVIC_Init         misc.o
    0x08001874   0x08001874   0x00000014   Code   RO          165    i.NVIC_PriorityGroupConfig  misc.o
    0x08001888   0x08001888   0x00000002   Code   RO         5235    i.PendSV_Handler    stm32f4xx_it.o
    0x0800188a   0x0800188a   0x00000002   PAD
    0x0800188c   0x0800188c   0x0000001c   Code   RO         2960    i.RCC_AHB1PeriphClockCmd  stm32f4xx_rcc.o
    0x080018a8   0x080018a8   0x0000001c   Code   RO         2969    i.RCC_APB1PeriphClockCmd  stm32f4xx_rcc.o
    0x080018c4   0x080018c4   0x0000001c   Code   RO         2972    i.RCC_APB2PeriphClockCmd  stm32f4xx_rcc.o
    0x080018e0   0x080018e0   0x000000a4   Code   RO         2981    i.RCC_GetClocksFreq  stm32f4xx_rcc.o
    0x08001984   0x08001984   0x00000064   Code   RO         5855    i.RS485_EnableIRQ   rs485_driver.o
    0x080019e8   0x080019e8   0x0000000e   Code   RO         5857    i.RS485_Init        rs485_driver.o
    0x080019f6   0x080019f6   0x00000002   PAD
    0x080019f8   0x080019f8   0x0000000c   Code   RO         5859    i.RS485_RegisterCallbacks  rs485_driver.o
    0x08001a04   0x08001a04   0x0000001c   Code   RO         5861    i.RS485_SetDirectionTx  rs485_driver.o
    0x08001a20   0x08001a20   0x00000004   Code   RO         5862    i.RS485_TimerInit   rs485_driver.o
    0x08001a24   0x08001a24   0x00000030   Code   RO         5863    i.RS485_TimerStart_T35  rs485_driver.o
    0x08001a54   0x08001a54   0x0000001c   Code   RO         5866    i.RS485_WriteByte   rs485_driver.o
    0x08001a70   0x08001a70   0x00000060   Code   RO         5504    i.Read_Byte         bsp_dht11.o
    0x08001ad0   0x08001ad0   0x000000d0   Code   RO         5505    i.Read_DHT11        bsp_dht11.o
    0x08001ba0   0x08001ba0   0x00000002   Code   RO         5236    i.SVC_Handler       stm32f4xx_it.o
    0x08001ba2   0x08001ba2   0x00000002   PAD
    0x08001ba4   0x08001ba4   0x000000d4   Code   RO           13    i.SetSysClock       system_stm32f4xx.o
    0x08001c78   0x08001c78   0x00000004   Code   RO         5237    i.SysTick_Handler   stm32f4xx_it.o
    0x08001c7c   0x08001c7c   0x0000005c   Code   RO           15    i.SystemInit        system_stm32f4xx.o
    0x08001cd8   0x08001cd8   0x00000038   Code   RO         5867    i.TIM6_DAC_IRQHandler  rs485_driver.o
    0x08001d10   0x08001d10   0x00000018   Code   RO         4341    i.TIM_ARRPreloadConfig  stm32f4xx_tim.o
    0x08001d28   0x08001d28   0x00000006   Code   RO         4348    i.TIM_ClearITPendingBit  stm32f4xx_tim.o
    0x08001d2e   0x08001d2e   0x00000018   Code   RO         4353    i.TIM_Cmd           stm32f4xx_tim.o
    0x08001d46   0x08001d46   0x00000004   Code   RO         4367    i.TIM_GenerateEvent  stm32f4xx_tim.o
    0x08001d4a   0x08001d4a   0x00000018   Code   RO         4374    i.TIM_GetITStatus   stm32f4xx_tim.o
    0x08001d62   0x08001d62   0x00000014   Code   RO         4378    i.TIM_ITConfig      stm32f4xx_tim.o
    0x08001d76   0x08001d76   0x00000002   PAD
    0x08001d78   0x08001d78   0x00000068   Code   RO         4382    i.TIM_OC1Init       stm32f4xx_tim.o
    0x08001de0   0x08001de0   0x0000000c   Code   RO         4385    i.TIM_OC1PreloadConfig  stm32f4xx_tim.o
    0x08001dec   0x08001dec   0x00000088   Code   RO         4387    i.TIM_OC2Init       stm32f4xx_tim.o
    0x08001e74   0x08001e74   0x00000014   Code   RO         4390    i.TIM_OC2PreloadConfig  stm32f4xx_tim.o
    0x08001e88   0x08001e88   0x00000084   Code   RO         4392    i.TIM_OC3Init       stm32f4xx_tim.o
    0x08001f0c   0x08001f0c   0x0000000c   Code   RO         4395    i.TIM_OC3PreloadConfig  stm32f4xx_tim.o
    0x08001f18   0x08001f18   0x00000014   Code   RO         4400    i.TIM_OCStructInit  stm32f4xx_tim.o
    0x08001f2c   0x08001f2c   0x00000004   Code   RO         4415    i.TIM_SetCompare1   stm32f4xx_tim.o
    0x08001f30   0x08001f30   0x00000004   Code   RO         4416    i.TIM_SetCompare2   stm32f4xx_tim.o
    0x08001f34   0x08001f34   0x00000004   Code   RO         4417    i.TIM_SetCompare3   stm32f4xx_tim.o
    0x08001f38   0x08001f38   0x00000004   Code   RO         4419    i.TIM_SetCounter    stm32f4xx_tim.o
    0x08001f3c   0x08001f3c   0x0000007c   Code   RO         4425    i.TIM_TimeBaseInit  stm32f4xx_tim.o
    0x08001fb8   0x08001fb8   0x00000012   Code   RO         4426    i.TIM_TimeBaseStructInit  stm32f4xx_tim.o
    0x08001fca   0x08001fca   0x00000002   PAD
    0x08001fcc   0x08001fcc   0x0000006c   Code   RO         5306    i.USART1_IRQHandler  bsp_usart_1.o
    0x08002038   0x08002038   0x00000098   Code   RO         5868    i.USART2_IRQHandler  rs485_driver.o
    0x080020d0   0x080020d0   0x0000008c   Code   RO         5574    i.USART3_IRQHandler  bsp_esp8266.o
    0x0800215c   0x0800215c   0x00000010   Code   RO         4904    i.USART_ClearITPendingBit  stm32f4xx_usart.o
    0x0800216c   0x0800216c   0x00000018   Code   RO         4907    i.USART_Cmd         stm32f4xx_usart.o
    0x08002184   0x08002184   0x0000000e   Code   RO         4910    i.USART_GetFlagStatus  stm32f4xx_usart.o
    0x08002192   0x08002192   0x00000040   Code   RO         4911    i.USART_GetITStatus  stm32f4xx_usart.o
    0x080021d2   0x080021d2   0x00000036   Code   RO         4913    i.USART_ITConfig    stm32f4xx_usart.o
    0x08002208   0x08002208   0x000000bc   Code   RO         4914    i.USART_Init        stm32f4xx_usart.o
    0x080022c4   0x080022c4   0x00000008   Code   RO         4921    i.USART_ReceiveData  stm32f4xx_usart.o
    0x080022cc   0x080022cc   0x00000008   Code   RO         4924    i.USART_SendData    stm32f4xx_usart.o
    0x080022d4   0x080022d4   0x00000016   Code   RO         4930    i.USART_StructInit  stm32f4xx_usart.o
    0x080022ea   0x080022ea   0x000000cc   Code   RO         5820    i.USART_printf      common.o
    0x080023b6   0x080023b6   0x00000002   PAD
    0x080023b8   0x080023b8   0x000000a8   Code   RO         5308    i.USARTx_Config     bsp_usart_1.o
    0x08002460   0x08002460   0x00000002   Code   RO         5238    i.UsageFault_Handler  stm32f4xx_it.o
    0x08002462   0x08002462   0x00000002   PAD
    0x08002464   0x08002464   0x00000020   Code   RO         6563    i.__0printf$8       mc_w.l(printf8.o)
    0x08002484   0x08002484   0x00000034   Code   RO         6564    i.__0snprintf$8     mc_w.l(printf8.o)
    0x080024b8   0x080024b8   0x00000028   Code   RO         6565    i.__0sprintf$8      mc_w.l(printf8.o)
    0x080024e0   0x080024e0   0x0000000e   Code   RO         6661    i.__scatterload_copy  mc_w.l(handlers.o)
    0x080024ee   0x080024ee   0x00000002   Code   RO         6662    i.__scatterload_null  mc_w.l(handlers.o)
    0x080024f0   0x080024f0   0x0000000e   Code   RO         6663    i.__scatterload_zeroinit  mc_w.l(handlers.o)
    0x080024fe   0x080024fe   0x00000002   PAD
    0x08002500   0x08002500   0x00000404   Code   RO         6570    i._printf_core      mc_w.l(printf8.o)
    0x08002904   0x08002904   0x00000024   Code   RO         6571    i._printf_post_padding  mc_w.l(printf8.o)
    0x08002928   0x08002928   0x0000002e   Code   RO         6572    i._printf_pre_padding  mc_w.l(printf8.o)
    0x08002956   0x08002956   0x00000016   Code   RO         6573    i._snputc           mc_w.l(printf8.o)
    0x0800296c   0x0800296c   0x0000000a   Code   RO         6574    i._sputc            mc_w.l(printf8.o)
    0x08002976   0x08002976   0x00000024   Code   RO         6223    i.app_data_get_value  application_data_manager.o
    0x0800299a   0x0800299a   0x00000002   PAD
    0x0800299c   0x0800299c   0x0000002c   Code   RO         6228    i.app_data_update_from_modbus  application_data_manager.o
    0x080029c8   0x080029c8   0x000000c8   Code   RO         5737    i.build_mqtt_connect  bsp_esp8266_mqtt.o
    0x08002a90   0x08002a90   0x00000074   Code   RO         5738    i.build_mqtt_publish  bsp_esp8266_mqtt.o
    0x08002b04   0x08002b04   0x00000078   Code   RO         5739    i.build_mqtt_subscribe  bsp_esp8266_mqtt.o
    0x08002b7c   0x08002b7c   0x00000058   Code   RO         5740    i.extract_ipd_payload  bsp_esp8266_mqtt.o
    0x08002bd4   0x08002bd4   0x00000024   Code   RO         5310    i.fputc             bsp_usart_1.o
    0x08002bf8   0x08002bf8   0x0000005c   Code   RO         5821    i.itoa              common.o
    0x08002c54   0x08002c54   0x0000004c   Code   RO         5161    i.main              main.o
    0x08002ca0   0x08002ca0   0x00000338   Code   RO         5741    i.mqtt_tcp_connect_and_subscribe  bsp_esp8266_mqtt.o
    0x08002fd8   0x08002fd8   0x00000024   Code   RO         5742    i.mqtt_varint_enc   bsp_esp8266_mqtt.o
    0x08002ffc   0x08002ffc   0x00000024   Code   RO         5743    i.mqtt_write_str    bsp_esp8266_mqtt.o
    0x08003020   0x08003020   0x0000001a   Code   RO         5744    i.parse_mqtt_connack  bsp_esp8266_mqtt.o
    0x0800303a   0x0800303a   0x00000002   PAD
    0x0800303c   0x0800303c   0x00000084   Code   RO         5869    i.prv_GPIO_Config   rs485_driver.o
    0x080030c0   0x080030c0   0x0000006c   Code   RO         5870    i.prv_Timer_Config  rs485_driver.o
    0x0800312c   0x0800312c   0x00000084   Code   RO         5871    i.prv_USART_Config  rs485_driver.o
    0x080031b0   0x080031b0   0x0000002c   Code   RO         6229    i.prv_find_by_slave_reg  application_data_manager.o
    0x080031dc   0x080031dc   0x00000018   Code   RO         6230    i.prv_get_entry     application_data_manager.o
    0x080031f4   0x080031f4   0x00000030   Code   RO         5368    i.prv_get_tim5_clk  bsp_pwm.o
    0x08003224   0x08003224   0x0000010c   Code   RO         6296    i.prv_on_frame      modbus_read.o
    0x08003330   0x08003330   0x00000004   Code   RO         6297    i.prv_rs485_rx      modbus_read.o
    0x08003334   0x08003334   0x00000004   Code   RO         6298    i.prv_rs485_txempty  modbus_read.o
    0x08003338   0x08003338   0x00000010   Code   RO         6046    i.prv_rx_reset      modbus_rtu_link.o
    0x08003348   0x08003348   0x0000004c   Code   RO         6047    i.prv_try_finish_frame  modbus_rtu_link.o
    0x08003394   0x08003394   0x00000008   Data   RO         5746    .constdata          bsp_esp8266_mqtt.o
    0x0800339c   0x0800339c   0x00000200   Data   RO         6023    .constdata          modbus_crc.o
    0x0800359c   0x0800359c   0x0000009c   Data   RO         5577    .conststring        bsp_esp8266.o
    0x08003638   0x08003638   0x00000115   Data   RO         5747    .conststring        bsp_esp8266_mqtt.o
    0x0800374d   0x0800374d   0x00000003   PAD
    0x08003750   0x08003750   0x00000020   Data   RO         6659    Region$$Table       anon$$obj.o


    Execution Region RW_IRAM1 (Exec base: 0x20000000, Load base: 0x08003770, Size: 0x00001428, Max: 0x00030000, ABSOLUTE)

    Exec Addr    Load Addr    Size         Type   Attr      Idx    E Section Name        Object

    0x20000000   0x08003770   0x00000014   Data   RW           16    .data               system_stm32f4xx.o
    0x20000014   0x08003784   0x00000010   Data   RW         3013    .data               stm32f4xx_rcc.o
    0x20000024   0x08003794   0x00000006   Data   RW         5312    .data               bsp_usart_1.o
    0x2000002a   0x0800379a   0x00000005   Data   RW         5369    .data               bsp_pwm.o
    0x2000002f   0x0800379f   0x00000001   PAD
    0x20000030   0x080037a0   0x00000004   Data   RW         5748    .data               bsp_esp8266_mqtt.o
    0x20000034   0x080037a4   0x00000001   Data   RW         5749    .data               bsp_esp8266_mqtt.o
    0x20000035   0x080037a5   0x00000003   PAD
    0x20000038   0x080037a8   0x0000000c   Data   RW         5872    .data               rs485_driver.o
    0x20000044   0x080037b4   0x00000004   Data   RW         5987    .data               modbus_timebase.o
    0x20000048   0x080037b8   0x0000000c   Data   RW         6049    .data               modbus_rtu_link.o
    0x20000054   0x080037c4   0x0000003c   Data   RW         6231    .data               application_data_manager.o
    0x20000090   0x08003800   0x00000004   Data   RW         6633    .data               mc_w.l(stdout.o)
    0x20000094        -       0x00000080   Zero   RW         5311    .bss                bsp_usart_1.o
    0x20000114        -       0x00000402   Zero   RW         5575    .bss                bsp_esp8266.o
    0x20000516        -       0x00000500   Zero   RW         5745    .bss                bsp_esp8266_mqtt.o
    0x20000a16   0x08003804   0x00000002   PAD
    0x20000a18        -       0x00000210   Zero   RW         6048    .bss                modbus_rtu_link.o
    0x20000c28        -       0x00000800   Zero   RW            1    STACK               startup_stm32f429_439xx.o


==============================================================================

Image component sizes


      Code (inc. data)   RO Data    RW Data    ZI Data      Debug   Object Name

       148         14          0         60          0       4395   application_data_manager.o
       440         26          0          0          0       3569   bsp_dht11.o
      2184        720        156          0       1026      15415   bsp_esp8266.o
      3180        886        285          5       1280      14908   bsp_esp8266_mqtt.o
       468         36          0          5          0       3493   bsp_pwm.o
        56          4          0          0          0       1032   bsp_systick.o
       350         30          0          6        128       4380   bsp_usart_1.o
       296          0          0          0          0       2995   common.o
       120         26          0          0          0       1662   core_delay.o
        76         20          0          0          0       1391   main.o
       124         16          0          0          0       1843   misc.o
        44          4        512          0          0       1359   modbus_crc.o
       484        244          0          0          0       3662   modbus_read.o
       352         54          0         12        528       6399   modbus_rtu_link.o
        16          6          0          4          0       1222   modbus_timebase.o
       814         64          0         12          0       9819   rs485_driver.o
        36          8        428          0       2048        984   startup_stm32f429_439xx.o
       178          0          0          0          0       4027   stm32f4xx_gpio.o
        20          0          0          0          0       4306   stm32f4xx_it.o
       248         34          0         16          0       5279   stm32f4xx_rcc.o
       696         52          0          0          0      14315   stm32f4xx_tim.o
       398          8          0          0          0       7774   stm32f4xx_usart.o
       304         34          0         20          0     296545   system_stm32f4xx.o

    ----------------------------------------------------------------------
     11056       2286       1416        144       5012     410774   Object Totals
         0          0         32          0          0          0   (incl. Generated)
        24          0          3          4          2          0   (incl. Padding)

    ----------------------------------------------------------------------

      Code (inc. data)   RO Data    RW Data    ZI Data      Debug   Library Member Name

         0          0          0          0          0          0   entry.o
         0          0          0          0          0          0   entry10a.o
         0          0          0          0          0          0   entry11a.o
         4          0          0          0          0          0   entry12b.o
         8          4          0          0          0          0   entry2.o
         4          0          0          0          0          0   entry5.o
         0          0          0          0          0          0   entry7b.o
         0          0          0          0          0          0   entry8b.o
         8          4          0          0          0          0   entry9a.o
        30          0          0          0          0          0   handlers.o
        36          8          0          0          0         68   init.o
        30          0          0          0          0         68   llshl.o
        32          0          0          0          0         68   llushr.o
        36          0          0          0          0         68   memcpya.o
        36          0          0          0          0        108   memseta.o
      1266         64          0          0          0        660   printf8.o
         0          0          0          4          0          0   stdout.o
        20          0          0          0          0         68   strchr.o
        28          0          0          0          0         76   strcmp.o
        14          0          0          0          0         68   strlen.o
        30          0          0          0          0         80   strncmp.o
        36          0          0          0          0         80   strstr.o
        98          0          0          0          0         92   uldiv.o

    ----------------------------------------------------------------------
      1720         80          0          4          0       1504   Library Totals
         4          0          0          0          0          0   (incl. Padding)

    ----------------------------------------------------------------------

      Code (inc. data)   RO Data    RW Data    ZI Data      Debug   Library Name

      1716         80          0          4          0       1504   mc_w.l

    ----------------------------------------------------------------------
      1720         80          0          4          0       1504   Library Totals

    ----------------------------------------------------------------------

==============================================================================


      Code (inc. data)   RO Data    RW Data    ZI Data      Debug   

     12776       2366       1416        148       5012     399302   Grand Totals
     12776       2366       1416        148       5012     399302   ELF Image Totals
     12776       2366       1416        148          0          0   ROM Totals

==============================================================================

    Total RO  Size (Code + RO Data)                14192 (  13.86kB)
    Total RW  Size (RW Data + ZI Data)              5160 (   5.04kB)
    Total ROM Size (Code + RO Data + RW Data)      14340 (  14.00kB)

==============================================================================

